Archive member included to satisfy reference by file (symbol)

D:/Phan mem cubeide/STM32CubeIDE_1.16.1/STM32CubeIDE/plugins/com.st.stm32cube.ide.mcu.externaltools.gnu-tools-for-stm32.14.3.rel1.win32_1.0.100.202602081740/tools/bin/../lib/gcc/arm-none-eabi/14.3.1/../../../../arm-none-eabi/lib/thumb/v7e-m+dp/hard\libc_nano.a(libc_a-exit.o)
                              D:/Phan mem cubeide/STM32CubeIDE_1.16.1/STM32CubeIDE/plugins/com.st.stm32cube.ide.mcu.externaltools.gnu-tools-for-stm32.14.3.rel1.win32_1.0.100.202602081740/tools/bin/../lib/gcc/arm-none-eabi/14.3.1/../../../../arm-none-eabi/lib/thumb/v7e-m+dp/hard/crt0.o (exit)
D:/Phan mem cubeide/STM32CubeIDE_1.16.1/STM32CubeIDE/plugins/com.st.stm32cube.ide.mcu.externaltools.gnu-tools-for-stm32.14.3.rel1.win32_1.0.100.202602081740/tools/bin/../lib/gcc/arm-none-eabi/14.3.1/../../../../arm-none-eabi/lib/thumb/v7e-m+dp/hard\libc_nano.a(libc_a-findfp.o)
                              D:/Phan mem cubeide/STM32CubeIDE_1.16.1/STM32CubeIDE/plugins/com.st.stm32cube.ide.mcu.externaltools.gnu-tools-for-stm32.14.3.rel1.win32_1.0.100.202602081740/tools/bin/../lib/gcc/arm-none-eabi/14.3.1/../../../../arm-none-eabi/lib/thumb/v7e-m+dp/hard\libc_nano.a(libc_a-exit.o) (__stdio_exit_handler)
D:/Phan mem cubeide/STM32CubeIDE_1.16.1/STM32CubeIDE/plugins/com.st.stm32cube.ide.mcu.externaltools.gnu-tools-for-stm32.14.3.rel1.win32_1.0.100.202602081740/tools/bin/../lib/gcc/arm-none-eabi/14.3.1/../../../../arm-none-eabi/lib/thumb/v7e-m+dp/hard\libc_nano.a(libc_a-fwalk.o)
                              D:/Phan mem cubeide/STM32CubeIDE_1.16.1/STM32CubeIDE/plugins/com.st.stm32cube.ide.mcu.externaltools.gnu-tools-for-stm32.14.3.rel1.win32_1.0.100.202602081740/tools/bin/../lib/gcc/arm-none-eabi/14.3.1/../../../../arm-none-eabi/lib/thumb/v7e-m+dp/hard\libc_nano.a(libc_a-findfp.o) (_fwalk_sglue)
D:/Phan mem cubeide/STM32CubeIDE_1.16.1/STM32CubeIDE/plugins/com.st.stm32cube.ide.mcu.externaltools.gnu-tools-for-stm32.14.3.rel1.win32_1.0.100.202602081740/tools/bin/../lib/gcc/arm-none-eabi/14.3.1/../../../../arm-none-eabi/lib/thumb/v7e-m+dp/hard\libc_nano.a(libc_a-stdio.o)
                              D:/Phan mem cubeide/STM32CubeIDE_1.16.1/STM32CubeIDE/plugins/com.st.stm32cube.ide.mcu.externaltools.gnu-tools-for-stm32.14.3.rel1.win32_1.0.100.202602081740/tools/bin/../lib/gcc/arm-none-eabi/14.3.1/../../../../arm-none-eabi/lib/thumb/v7e-m+dp/hard\libc_nano.a(libc_a-findfp.o) (__sread)
D:/Phan mem cubeide/STM32CubeIDE_1.16.1/STM32CubeIDE/plugins/com.st.stm32cube.ide.mcu.externaltools.gnu-tools-for-stm32.14.3.rel1.win32_1.0.100.202602081740/tools/bin/../lib/gcc/arm-none-eabi/14.3.1/../../../../arm-none-eabi/lib/thumb/v7e-m+dp/hard\libc_nano.a(libc_a-memset.o)
                              D:/Phan mem cubeide/STM32CubeIDE_1.16.1/STM32CubeIDE/plugins/com.st.stm32cube.ide.mcu.externaltools.gnu-tools-for-stm32.14.3.rel1.win32_1.0.100.202602081740/tools/bin/../lib/gcc/arm-none-eabi/14.3.1/../../../../arm-none-eabi/lib/thumb/v7e-m+dp/hard/crt0.o (memset)
D:/Phan mem cubeide/STM32CubeIDE_1.16.1/STM32CubeIDE/plugins/com.st.stm32cube.ide.mcu.externaltools.gnu-tools-for-stm32.14.3.rel1.win32_1.0.100.202602081740/tools/bin/../lib/gcc/arm-none-eabi/14.3.1/../../../../arm-none-eabi/lib/thumb/v7e-m+dp/hard\libc_nano.a(libc_a-closer.o)
                              D:/Phan mem cubeide/STM32CubeIDE_1.16.1/STM32CubeIDE/plugins/com.st.stm32cube.ide.mcu.externaltools.gnu-tools-for-stm32.14.3.rel1.win32_1.0.100.202602081740/tools/bin/../lib/gcc/arm-none-eabi/14.3.1/../../../../arm-none-eabi/lib/thumb/v7e-m+dp/hard\libc_nano.a(libc_a-stdio.o) (_close_r)
D:/Phan mem cubeide/STM32CubeIDE_1.16.1/STM32CubeIDE/plugins/com.st.stm32cube.ide.mcu.externaltools.gnu-tools-for-stm32.14.3.rel1.win32_1.0.100.202602081740/tools/bin/../lib/gcc/arm-none-eabi/14.3.1/../../../../arm-none-eabi/lib/thumb/v7e-m+dp/hard\libc_nano.a(libc_a-reent.o)
                              D:/Phan mem cubeide/STM32CubeIDE_1.16.1/STM32CubeIDE/plugins/com.st.stm32cube.ide.mcu.externaltools.gnu-tools-for-stm32.14.3.rel1.win32_1.0.100.202602081740/tools/bin/../lib/gcc/arm-none-eabi/14.3.1/../../../../arm-none-eabi/lib/thumb/v7e-m+dp/hard\libc_nano.a(libc_a-closer.o) (errno)
D:/Phan mem cubeide/STM32CubeIDE_1.16.1/STM32CubeIDE/plugins/com.st.stm32cube.ide.mcu.externaltools.gnu-tools-for-stm32.14.3.rel1.win32_1.0.100.202602081740/tools/bin/../lib/gcc/arm-none-eabi/14.3.1/../../../../arm-none-eabi/lib/thumb/v7e-m+dp/hard\libc_nano.a(libc_a-impure.o)
                              D:/Phan mem cubeide/STM32CubeIDE_1.16.1/STM32CubeIDE/plugins/com.st.stm32cube.ide.mcu.externaltools.gnu-tools-for-stm32.14.3.rel1.win32_1.0.100.202602081740/tools/bin/../lib/gcc/arm-none-eabi/14.3.1/../../../../arm-none-eabi/lib/thumb/v7e-m+dp/hard\libc_nano.a(libc_a-reent.o) (_impure_ptr)
[...]
Memory Configuration

Name             Origin             Length             Attributes
FLASH            0x08000000         0x00020000         xr
DTCMRAM          0x20000000         0x00020000         xrw
RAM_D1           0x24000000         0x00080000         xrw
RAM_D2           0x30000000         0x00048000         xrw
RAM_D3           0x38000000         0x00010000         xrw
ITCMRAM          0x00000000         0x00010000         xrw
*default*        0x00000000         0xffffffff

Linker script and memory map

LOAD D:/Phan mem cubeide/STM32CubeIDE_1.16.1/STM32CubeIDE/plugins/com.st.stm32cube.ide.mcu.externaltools.gnu-tools-for-stm32.14.3.rel1.win32_1.0.100.202602081740/tools/bin/../lib/gcc/arm-none-eabi/14.3.1/thumb/v7e-m+dp/hard/crti.o
LOAD D:/Phan mem cubeide/STM32CubeIDE_1.16.1/STM32CubeIDE/plugins/com.st.stm32cube.ide.mcu.externaltools.gnu-tools-for-stm32.14.3.rel1.win32_1.0.100.202602081740/tools/bin/../lib/gcc/arm-none-eabi/14.3.1/thumb/v7e-m+dp/hard/crtbegin.o
LOAD D:/Phan mem cubeide/STM32CubeIDE_1.16.1/STM32CubeIDE/plugins/com.st.stm32cube.ide.mcu.externaltools.gnu-tools-for-stm32.14.3.rel1.win32_1.0.100.202602081740/tools/bin/../lib/gcc/arm-none-eabi/14.3.1/../../../../arm-none-eabi/lib/thumb/v7e-m+dp/hard/crt0.o
LOAD ./Core/Src/Analog.o
LOAD ./Core/Src/Controller.o
LOAD ./Core/Src/LPF.o
LOAD ./Core/Src/Machine.o
LOAD ./Core/Src/PWM.o
LOAD ./Core/Src/Uart.o
LOAD ./Core/Src/main.o
LOAD ./Core/Src/stm32h7xx_hal_msp.o
LOAD ./Core/Src/stm32h7xx_it.o
LOAD ./Core/Src/syscalls.o
LOAD ./Core/Src/sysmem.o
LOAD ./Core/Src/system_stm32h7xx.o
LOAD ./Core/Startup/startup_stm32h750vbtx.o
LOAD ./Drivers/STM32H7xx_HAL_Driver/Src/stm32h7xx_hal.o
LOAD ./Drivers/STM32H7xx_HAL_Driver/Src/stm32h7xx_hal_adc.o
LOAD ./Drivers/STM32H7xx_HAL_Driver/Src/stm32h7xx_hal_adc_ex.o
LOAD ./Drivers/STM32H7xx_HAL_Driver/Src/stm32h7xx_hal_cortex.o
LOAD ./Drivers/STM32H7xx_HAL_Driver/Src/stm32h7xx_hal_dma.o
LOAD ./Drivers/STM32H7xx_HAL_Driver/Src/stm32h7xx_hal_dma_ex.o
LOAD ./Drivers/STM32H7xx_HAL_Driver/Src/stm32h7xx_hal_exti.o
LOAD ./Drivers/STM32H7xx_HAL_Driver/Src/stm32h7xx_hal_fdcan.o
LOAD ./Drivers/STM32H7xx_HAL_Driver/Src/stm32h7xx_hal_flash.o
LOAD ./Drivers/STM32H7xx_HAL_Driver/Src/stm32h7xx_hal_flash_ex.o
LOAD ./Drivers/STM32H7xx_HAL_Driver/Src/stm32h7xx_hal_gpio.o
LOAD ./Drivers/STM32H7xx_HAL_Driver/Src/stm32h7xx_hal_hsem.o
LOAD ./Drivers/STM32H7xx_HAL_Driver/Src/stm32h7xx_hal_i2c.o
LOAD ./Drivers/STM32H7xx_HAL_Driver/Src/stm32h7xx_hal_i2c_ex.o
LOAD ./Drivers/STM32H7xx_HAL_Driver/Src/stm32h7xx_hal_mdma.o
LOAD ./Drivers/STM32H7xx_HAL_Driver/Src/stm32h7xx_hal_pwr.o
LOAD ./Drivers/STM32H7xx_HAL_Driver/Src/stm32h7xx_hal_pwr_ex.o
LOAD ./Drivers/STM32H7xx_HAL_Driver/Src/stm32h7xx_hal_rcc.o
LOAD ./Drivers/STM32H7xx_HAL_Driver/Src/stm32h7xx_hal_rcc_ex.o
LOAD ./Drivers/STM32H7xx_HAL_Driver/Src/stm32h7xx_hal_spi.o
LOAD ./Drivers/STM32H7xx_HAL_Driver/Src/stm32h7xx_hal_spi_ex.o
LOAD ./Drivers/STM32H7xx_HAL_Driver/Src/stm32h7xx_hal_tim.o
LOAD ./Drivers/STM32H7xx_HAL_Driver/Src/stm32h7xx_hal_tim_ex.o
LOAD ./Drivers/STM32H7xx_HAL_Driver/Src/stm32h7xx_hal_uart.o
LOAD ./Drivers/STM32H7xx_HAL_Driver/Src/stm32h7xx_hal_uart_ex.o
START GROUP
LOAD D:/Phan mem cubeide/STM32CubeIDE_1.16.1/STM32CubeIDE/plugins/com.st.stm32cube.ide.mcu.externaltools.gnu-tools-for-stm32.14.3.rel1.win32_1.0.100.202602081740/tools/bin/../lib/gcc/arm-none-eabi/14.3.1/../../../../arm-none-eabi/lib/thumb/v7e-m+dp/hard\libc_nano.a
LOAD D:/Phan mem cubeide/STM32CubeIDE_1.16.1/STM32CubeIDE/plugins/com.st.stm32cube.ide.mcu.externaltools.gnu-tools-for-stm32.14.3.rel1.win32_1.0.100.202602081740/tools/bin/../lib/gcc/arm-none-eabi/14.3.1/../../../../arm-none-eabi/lib/thumb/v7e-m+dp/hard\libm.a
END GROUP
START GROUP
LOAD D:/Phan mem cubeide/STM32CubeIDE_1.16.1/STM32CubeIDE/plugins/com.st.stm32cube.ide.mcu.externaltools.gnu-tools-for-stm32.14.3.rel1.win32_1.0.100.202602081740/tools/bin/../lib/gcc/arm-none-eabi/14.3.1/thumb/v7e-m+dp/hard\libgcc.a
LOAD D:/Phan mem cubeide/STM32CubeIDE_1.16.1/STM32CubeIDE/plugins/com.st.stm32cube.ide.mcu.externaltools.gnu-tools-for-stm32.14.3.rel1.win32_1.0.100.202602081740/tools/bin/../lib/gcc/arm-none-eabi/14.3.1/../../../../arm-none-eabi/lib/thumb/v7e-m+dp/hard\libc_nano.a
END GROUP
START GROUP
LOAD D:/Phan mem cubeide/STM32CubeIDE_1.16.1/STM32CubeIDE/plugins/com.st.stm32cube.ide.mcu.externaltools.gnu-tools-for-stm32.14.3.rel1.win32_1.0.100.202602081740/tools/bin/../lib/gcc/arm-none-eabi/14.3.1/thumb/v7e-m+dp/hard\libgcc.a
LOAD D:/Phan mem cubeide/STM32CubeIDE_1.16.1/STM32CubeIDE/plugins/com.st.stm32cube.ide.mcu.externaltools.gnu-tools-for-stm32.14.3.rel1.win32_1.0.100.202602081740/tools/bin/../lib/gcc/arm-none-eabi/14.3.1/../../../../arm-none-eabi/lib/thumb/v7e-m+dp/hard\libc_nano.a
LOAD D:/Phan mem cubeide/STM32CubeIDE_1.16.1/STM32CubeIDE/plugins/com.st.stm32cube.ide.mcu.externaltools.gnu-tools-for-stm32.14.3.rel1.win32_1.0.100.202602081740/tools/bin/../lib/gcc/arm-none-eabi/14.3.1/../../../../arm-none-eabi/lib/thumb/v7e-m+dp/hard\libnosys.a
END GROUP
START GROUP
LOAD D:/Phan mem cubeide/STM32CubeIDE_1.16.1/STM32CubeIDE/plugins/com.st.stm32cube.ide.mcu.externaltools.gnu-tools-for-stm32.14.3.rel1.win32_1.0.100.202602081740/tools/bin/../lib/gcc/arm-none-eabi/14.3.1/thumb/v7e-m+dp/hard\libgcc.a
LOAD D:/Phan mem cubeide/STM32CubeIDE_1.16.1/STM32CubeIDE/plugins/com.st.stm32cube.ide.mcu.externaltools.gnu-tools-for-stm32.14.3.rel1.win32_1.0.100.202602081740/tools/bin/../lib/gcc/arm-none-eabi/14.3.1/../../../../arm-none-eabi/lib/thumb/v7e-m+dp/hard\libc_nano.a
LOAD D:/Phan mem cubeide/STM32CubeIDE_1.16.1/STM32CubeIDE/plugins/com.st.stm32cube.ide.mcu.externaltools.gnu-tools-for-stm32.14.3.rel1.win32_1.0.100.202602081740/tools/bin/../lib/gcc/arm-none-eabi/14.3.1/../../../../arm-none-eabi/lib/thumb/v7e-m+dp/hard\libnosys.a
END GROUP
LOAD D:/Phan mem cubeide/STM32CubeIDE_1.16.1/STM32CubeIDE/plugins/com.st.stm32cube.ide.mcu.externaltools.gnu-tools-for-stm32.14.3.rel1.win32_1.0.100.202602081740/tools/bin/../lib/gcc/arm-none-eabi/14.3.1/thumb/v7e-m+dp/hard/crtend.o
LOAD D:/Phan mem cubeide/STM32CubeIDE_1.16.1/STM32CubeIDE/plugins/com.st.stm32cube.ide.mcu.externaltools.gnu-tools-for-stm32.14.3.rel1.win32_1.0.100.202602081740/tools/bin/../lib/gcc/arm-none-eabi/14.3.1/thumb/v7e-m+dp/hard/crtn.o
                0x24080000                        _estack = (ORIGIN (RAM_D1) + LENGTH (RAM_D1))
                0x00000200                        _Min_Heap_Size = 0x200
                0x00000400                        _Min_Stack_Size = 0x400

.isr_vector     0x08000000      0x298
                0x08000000                        . = ALIGN (0x4)
 *(.isr_vector)
 .isr_vector    0x08000000      0x298 ./Core/Startup/startup_stm32h750vbtx.o
                0x08000000                g_pfnVectors
                0x08000298                        . = ALIGN (0x4)

.text           0x08000298    0x12bfc
                0x08000298                        . = ALIGN (0x4)
 *(.text)
 .text          0x08000298       0x40 D:/Phan mem cubeide/STM32CubeIDE_1.16.1/STM32CubeIDE/plugins/com.st.stm32cube.ide.mcu.externaltools.gnu-tools-for-stm32.14.3.rel1.win32_1.0.100.202602081740/tools/bin/../lib/gcc/arm-none-eabi/14.3.1/thumb/v7e-m+dp/hard/crtbegin.o
 .text          0x080002d8       0x30 D:/Phan mem cubeide/STM32CubeIDE_1.16.1/STM32CubeIDE/plugins/com.st.stm32cube.ide.mcu.externaltools.gnu-tools-for-stm32.14.3.rel1.win32_1.0.100.202602081740/tools/bin/../lib/gcc/arm-none-eabi/14.3.1/thumb/v7e-m+dp/hard\libgcc.a(_aeabi_uldivmod.o)
                0x080002d8                __aeabi_uldivmod
 .text          0x08000308      0x2f8 D:/Phan mem cubeide/STM32CubeIDE_1.16.1/STM32CubeIDE/plugins/com.st.stm32cube.ide.mcu.externaltools.gnu-tools-for-stm32.14.3.rel1.win32_1.0.100.202602081740/tools/bin/../lib/gcc/arm-none-eabi/14.3.1/thumb/v7e-m+dp/hard\libgcc.a(_udivmoddi4.o)
                0x08000308                __udivmoddi4
 .text          0x08000600        0x4 D:/Phan mem cubeide/STM32CubeIDE_1.16.1/STM32CubeIDE/plugins/com.st.stm32cube.ide.mcu.externaltools.gnu-tools-for-stm32.14.3.rel1.win32_1.0.100.202602081740/tools/bin/../lib/gcc/arm-none-eabi/14.3.1/thumb/v7e-m+dp/hard\libgcc.a(_dvmd_tls.o)
                0x08000600                __aeabi_idiv0
                0x08000600                __aeabi_ldiv0
 *(.text*)
 .text.vAdc_DataInit
                0x08000604       0xf4 ./Core/Src/Analog.o
                0x08000604                vAdc_DataInit
 .text.vADC_Data_Handle
                0x080006f8      0x148 ./Core/Src/Analog.o
                0x080006f8                vADC_Data_Handle
 .text.vPI_Init
                0x08000840       0xac ./Core/Src/Controller.o
                0x08000840                vPI_Init
 .text.fuzzyInit
                0x080008ec      0x194 ./Core/Src/Controller.o
                0x080008ec                fuzzyInit
 .text.vLPF_Init
                0x08000a80      0x128 ./Core/Src/LPF.o
                0x08000a80                vLPF_Init
 .text.fLPF_Run
                0x08000ba8       0x96 ./Core/Src/LPF.o
                0x08000ba8                fLPF_Run
 *fill*         0x08000c3e        0x2 
 .text.MachineParameterConfig
                0x08000c40       0x34 ./Core/Src/Machine.o
                0x08000c40                MachineParameterConfig
 .text.StateMachine_Init
                0x08000c74       0x18 ./Core/Src/Machine.o
                0x08000c74                StateMachine_Init
 .text.vUsart_DataInit
                0x08000c8c       0x4a ./Core/Src/Uart.o
                0x08000c8c                vUsart_DataInit
 .text.update_data_TX
                0x08000cd6       0x3c ./Core/Src/Uart.o
                0x08000cd6                update_data_TX
 *fill*         0x08000d12        0x2 
 .text.UART4_PackFrame
                0x08000d14      0x1c8 ./Core/Src/Uart.o
 .text.update_data_RX
                0x08000edc       0x6c ./Core/Src/Uart.o
                0x08000edc                update_data_RX
 .text.UART4_StartRxDMA
                0x08000f48       0x60 ./Core/Src/Uart.o
                0x08000f48                UART4_StartRxDMA
 .text.USER_UART_TxData
                0x08000fa8       0x74 ./Core/Src/Uart.o
                0x08000fa8                USER_UART_TxData
 .text.USER_UART_RxDataHandle
                0x0800101c       0x3c ./Core/Src/Uart.o
                0x0800101c                USER_UART_RxDataHandle
 .text.HAL_UART_RxCpltCallback
                0x08001058       0x60 ./Core/Src/Uart.o
                0x08001058                HAL_UART_RxCpltCallback
 .text.HAL_UART_TxCpltCallback
                0x080010b8       0x44 ./Core/Src/Uart.o
                0x080010b8                HAL_UART_TxCpltCallback
 .text.HAL_UART_ErrorCallback
                0x080010fc       0x64 ./Core/Src/Uart.o
                0x080010fc                HAL_UART_ErrorCallback
 .text.UART4_DMA_Init
                0x08001160       0x40 ./Core/Src/Uart.o
                0x08001160                UART4_DMA_Init
 .text.main     0x080011a0      0x1e8 ./Core/Src/main.o
                0x080011a0                main
 .text.SystemClock_Config
                0x08001388      0x100 ./Core/Src/main.o
                0x08001388                SystemClock_Config
 .text.PeriphCommonClock_Config
                0x08001488       0x3c ./Core/Src/main.o
                0x08001488                PeriphCommonClock_Config
 .text.MX_ADC1_Init
                0x080014c4      0x17c ./Core/Src/main.o
 .text.MX_FDCAN1_Init
                0x08001640       0xc8 ./Core/Src/main.o
 .text.MX_SPI2_Init
                0x08001708       0xa0 ./Core/Src/main.o
 .text.MX_TIM2_Init
                0x080017a8       0x98 ./Core/Src/main.o
 .text.MX_TIM4_Init
                0x08001840      0x108 ./Core/Src/main.o
 .text.MX_TIM8_Init
                0x08001948      0x170 ./Core/Src/main.o
 .text.MX_UART4_Init
                0x08001ab8       0x98 ./Core/Src/main.o
 .text.MX_DMA_Init
                0x08001b50       0x60 ./Core/Src/main.o
 .text.MX_GPIO_Init
                0x08001bb0      0x1ec ./Core/Src/main.o
 .text.HAL_TIM_PeriodElapsedCallback
                0x08001d9c       0xf8 ./Core/Src/main.o
                0x08001d9c                HAL_TIM_PeriodElapsedCallback
 .text.MPU_Config
                0x08001e94       0x58 ./Core/Src/main.o
 .text.Error_Handler
                0x08001eec        0xc ./Core/Src/main.o
                0x08001eec                Error_Handler
 .text.assert_failed
                0x08001ef8       0x16 ./Core/Src/main.o
                0x08001ef8                assert_failed
 *fill*         0x08001f0e        0x2 
 .text.HAL_MspInit
                0x08001f10       0x34 ./Core/Src/stm32h7xx_hal_msp.o
                0x08001f10                HAL_MspInit
 .text.HAL_ADC_MspInit
                0x08001f44      0x1b4 ./Core/Src/stm32h7xx_hal_msp.o
                0x08001f44                HAL_ADC_MspInit
 .text.HAL_FDCAN_MspInit
                0x080020f8       0xd4 ./Core/Src/stm32h7xx_hal_msp.o
                0x080020f8                HAL_FDCAN_MspInit
 .text.HAL_SPI_MspInit
                0x080021cc       0xd0 ./Core/Src/stm32h7xx_hal_msp.o
                0x080021cc                HAL_SPI_MspInit
 .text.HAL_TIM_Base_MspInit
                0x0800229c       0xb8 ./Core/Src/stm32h7xx_hal_msp.o
                0x0800229c                HAL_TIM_Base_MspInit
 .text.HAL_TIM_MspPostInit
                0x08002354       0xcc ./Core/Src/stm32h7xx_hal_msp.o
                0x08002354                HAL_TIM_MspPostInit
 .text.HAL_UART_MspInit
                0x08002420      0x1c8 ./Core/Src/stm32h7xx_hal_msp.o
                0x08002420                HAL_UART_MspInit
 .text.NMI_Handler
                0x080025e8        0x8 ./Core/Src/stm32h7xx_it.o
                0x080025e8                NMI_Handler
 .text.HardFault_Handler
                0x080025f0        0x8 ./Core/Src/stm32h7xx_it.o
                0x080025f0                HardFault_Handler
 .text.MemManage_Handler
                0x080025f8        0x8 ./Core/Src/stm32h7xx_it.o
                0x080025f8                MemManage_Handler
 .text.BusFault_Handler
                0x08002600        0x8 ./Core/Src/stm32h7xx_it.o
                0x08002600                BusFault_Handler
 .text.UsageFault_Handler
                0x08002608        0x8 ./Core/Src/stm32h7xx_it.o
                0x08002608                UsageFault_Handler
 .text.SVC_Handler
                0x08002610        0xe ./Core/Src/stm32h7xx_it.o
                0x08002610                SVC_Handler
 .text.DebugMon_Handler
                0x0800261e        0xe ./Core/Src/stm32h7xx_it.o
                0x0800261e                DebugMon_Handler
 .text.PendSV_Handler
                0x0800262c        0xe ./Core/Src/stm32h7xx_it.o
                0x0800262c                PendSV_Handler
 .text.SysTick_Handler
                0x0800263a        0xc ./Core/Src/stm32h7xx_it.o
                0x0800263a                SysTick_Handler
 *fill*         0x08002646        0x2 
 .text.DMA1_Stream0_IRQHandler
                0x08002648       0x14 ./Core/Src/stm32h7xx_it.o
                0x08002648                DMA1_Stream0_IRQHandler
 .text.DMA1_Stream1_IRQHandler
                0x0800265c       0x14 ./Core/Src/stm32h7xx_it.o
                0x0800265c                DMA1_Stream1_IRQHandler
 .text.DMA1_Stream2_IRQHandler
                0x08002670       0x14 ./Core/Src/stm32h7xx_it.o
                0x08002670                DMA1_Stream2_IRQHandler
 .text.TIM2_IRQHandler
                0x08002684       0x14 ./Core/Src/stm32h7xx_it.o
                0x08002684                TIM2_IRQHandler
 .text.TIM4_IRQHandler
                0x08002698       0x14 ./Core/Src/stm32h7xx_it.o
                0x08002698                TIM4_IRQHandler
 .text.UART4_IRQHandler
                0x080026ac       0x14 ./Core/Src/stm32h7xx_it.o
                0x080026ac                UART4_IRQHandler
 .text.SystemInit
                0x080026c0      0x140 ./Core/Src/system_stm32h7xx.o
                0x080026c0                SystemInit
 .text.ExitRun0Mode
                0x08002800       0x30 ./Core/Src/system_stm32h7xx.o
                0x08002800                ExitRun0Mode
 .text.Reset_Handler
                0x08002830       0x54 ./Core/Startup/startup_stm32h750vbtx.o
                0x08002830                Reset_Handler
 .text.Default_Handler
                0x08002884        0x2 ./Core/Startup/startup_stm32h750vbtx.o
                0x08002884                RTC_Alarm_IRQHandler
                0x08002884                HASH_RNG_IRQHandler
                0x08002884                EXTI2_IRQHandler
                0x08002884                TIM8_CC_IRQHandler
                0x08002884                HRTIM1_Master_IRQHandler
                0x08002884                UART8_IRQHandler
                0x08002884                SPI4_IRQHandler
                0x08002884                TIM1_CC_IRQHandler
                0x08002884                BDMA_Channel6_IRQHandler
                0x08002884                DMA2_Stream5_IRQHandler
                0x08002884                HRTIM1_FLT_IRQHandler
                0x08002884                JPEG_IRQHandler
                0x08002884                DMA1_Stream5_IRQHandler
                0x08002884                BDMA_Channel1_IRQHandler
                0x08002884                HRTIM1_TIMD_IRQHandler
                0x08002884                TAMP_STAMP_IRQHandler
                0x08002884                EXTI3_IRQHandler
                0x08002884                LPTIM4_IRQHandler
                0x08002884                TIM8_TRG_COM_TIM14_IRQHandler
                0x08002884                LPTIM2_IRQHandler
                0x08002884                DFSDM1_FLT1_IRQHandler
                0x08002884                DMAMUX2_OVR_IRQHandler
                0x08002884                TIM8_UP_TIM13_IRQHandler
                0x08002884                I2C3_ER_IRQHandler
                0x08002884                DFSDM1_FLT2_IRQHandler
                0x08002884                MDMA_IRQHandler
                0x08002884                LPTIM3_IRQHandler
                0x08002884                HSEM1_IRQHandler
                0x08002884                EXTI0_IRQHandler
                0x08002884                I2C2_EV_IRQHandler
                0x08002884                FPU_IRQHandler
                0x08002884                OTG_HS_WKUP_IRQHandler
                0x08002884                FDCAN1_IT1_IRQHandler
                0x08002884                LTDC_ER_IRQHandler
                0x08002884                DMA2_Stream2_IRQHandler
                0x08002884                HRTIM1_TIME_IRQHandler
                0x08002884                SPI1_IRQHandler
                0x08002884                TIM6_DAC_IRQHandler
                0x08002884                DCMI_IRQHandler
                0x08002884                HRTIM1_TIMC_IRQHandler
                0x08002884                DMA2_Stream3_IRQHandler
                0x08002884                SAI2_IRQHandler
                0x08002884                DFSDM1_FLT3_IRQHandler
                0x08002884                USART6_IRQHandler
                0x08002884                TIM17_IRQHandler
                0x08002884                USART3_IRQHandler
                0x08002884                BDMA_Channel7_IRQHandler
                0x08002884                CRYP_IRQHandler
                0x08002884                LPTIM5_IRQHandler
                0x08002884                UART5_IRQHandler
                0x08002884                ADC3_IRQHandler
                0x08002884                DMA2_Stream0_IRQHandler
                0x08002884                BDMA_Channel2_IRQHandler
                0x08002884                QUADSPI_IRQHandler
                0x08002884                I2C1_EV_IRQHandler
                0x08002884                DMA1_Stream6_IRQHandler
                0x08002884                DMAMUX1_OVR_IRQHandler
                0x08002884                TIM16_IRQHandler
                0x08002884                BDMA_Channel5_IRQHandler
                0x08002884                TIM3_IRQHandler
                0x08002884                RCC_IRQHandler
                0x08002884                TIM8_BRK_TIM12_IRQHandler
                0x08002884                TIM1_TRG_COM_IRQHandler
                0x08002884                Default_Handler
                0x08002884                ECC_IRQHandler
                0x08002884                CEC_IRQHandler
                0x08002884                EXTI15_10_IRQHandler
                0x08002884                BDMA_Channel0_IRQHandler
                0x08002884                ADC_IRQHandler
                0x08002884                DMA1_Stream7_IRQHandler
                0x08002884                HRTIM1_TIMA_IRQHandler
                0x08002884                SPI5_IRQHandler
                0x08002884                TIM7_IRQHandler
                0x08002884                SDMMC1_IRQHandler
                0x08002884                TIM5_IRQHandler
                0x08002884                DMA2_Stream7_IRQHandler
                0x08002884                TIM15_IRQHandler
                0x08002884                PVD_AVD_IRQHandler
                0x08002884                I2C3_EV_IRQHandler
                0x08002884                EXTI9_5_IRQHandler
                0x08002884                RTC_WKUP_IRQHandler
                0x08002884                LTDC_IRQHandler
                0x08002884                SAI3_IRQHandler
                0x08002884                ETH_WKUP_IRQHandler
                0x08002884                SPDIF_RX_IRQHandler
                0x08002884                SPI2_IRQHandler
                0x08002884                OTG_HS_EP1_IN_IRQHandler
                0x08002884                CRS_IRQHandler
                0x08002884                EXTI4_IRQHandler
                0x08002884                HRTIM1_TIMB_IRQHandler
                0x08002884                FDCAN2_IT1_IRQHandler
                0x08002884                ETH_IRQHandler
                0x08002884                TIM1_UP_IRQHandler
                0x08002884                BDMA_Channel4_IRQHandler
                0x08002884                OTG_HS_EP1_OUT_IRQHandler
                0x08002884                WWDG_IRQHandler
                0x08002884                SPI6_IRQHandler
                0x08002884                MDIOS_IRQHandler
                0x08002884                I2C4_EV_IRQHandler
                0x08002884                FDCAN2_IT0_IRQHandler
                0x08002884                LPUART1_IRQHandler
                0x08002884                FDCAN1_IT0_IRQHandler
                0x08002884                OTG_FS_WKUP_IRQHandler
                0x08002884                OTG_HS_IRQHandler
                0x08002884                DMA2D_IRQHandler
                0x08002884                TIM1_BRK_IRQHandler
                0x08002884                EXTI1_IRQHandler
                0x08002884                SDMMC2_IRQHandler
                0x08002884                OTG_FS_EP1_OUT_IRQHandler
                0x08002884                BDMA_Channel3_IRQHandler
                0x08002884                UART7_IRQHandler
                0x08002884                MDIOS_WKUP_IRQHandler
                0x08002884                USART2_IRQHandler
                0x08002884                DFSDM1_FLT0_IRQHandler
                0x08002884                SAI4_IRQHandler
                0x08002884                I2C2_ER_IRQHandler
                0x08002884                DMA2_Stream1_IRQHandler
                0x08002884                FLASH_IRQHandler
                0x08002884                DMA2_Stream4_IRQHandler
                0x08002884                USART1_IRQHandler
                0x08002884                OTG_FS_IRQHandler
                0x08002884                SPI3_IRQHandler
                0x08002884                WAKEUP_PIN_IRQHandler
                0x08002884                DMA1_Stream4_IRQHandler
                0x08002884                OTG_FS_EP1_IN_IRQHandler
                0x08002884                I2C1_ER_IRQHandler
                0x08002884                FMC_IRQHandler
                0x08002884                FDCAN_CAL_IRQHandler
                0x08002884                SWPMI1_IRQHandler
                0x08002884                COMP1_IRQHandler
                0x08002884                LPTIM1_IRQHandler
                0x08002884                I2C4_ER_IRQHandler
                0x08002884                DMA2_Stream6_IRQHandler
                0x08002884                SAI1_IRQHandler
                0x08002884                DMA1_Stream3_IRQHandler
 *fill*         0x08002886        0x2 
 .text.HAL_Init
                0x08002888       0x78 ./Drivers/STM32H7xx_HAL_Driver/Src/stm32h7xx_hal.o
                0x08002888                HAL_Init
 .text.HAL_InitTick
                0x08002900       0x6c ./Drivers/STM32H7xx_HAL_Driver/Src/stm32h7xx_hal.o
                0x08002900                HAL_InitTick
 .text.HAL_IncTick
                0x0800296c       0x28 ./Drivers/STM32H7xx_HAL_Driver/Src/stm32h7xx_hal.o
                0x0800296c                HAL_IncTick
 .text.HAL_GetTick
                0x08002994       0x18 ./Drivers/STM32H7xx_HAL_Driver/Src/stm32h7xx_hal.o
                0x08002994                HAL_GetTick
 .text.HAL_GetREVID
                0x080029ac       0x18 ./Drivers/STM32H7xx_HAL_Driver/Src/stm32h7xx_hal.o
                0x080029ac                HAL_GetREVID
 .text.LL_ADC_SetCommonClock
                0x080029c4       0x26 ./Drivers/STM32H7xx_HAL_Driver/Src/stm32h7xx_hal_adc.o
 .text.LL_ADC_SetCommonPathInternalCh
                0x080029ea       0x26 ./Drivers/STM32H7xx_HAL_Driver/Src/stm32h7xx_hal_adc.o
 .text.LL_ADC_GetCommonPathInternalCh
                0x08002a10       0x1c ./Drivers/STM32H7xx_HAL_Driver/Src/stm32h7xx_hal_adc.o
 .text.LL_ADC_GetResolution
                0x08002a2c       0x48 ./Drivers/STM32H7xx_HAL_Driver/Src/stm32h7xx_hal_adc.o
 .text.LL_ADC_SetChannelPreselection
                0x08002a74       0x66 ./Drivers/STM32H7xx_HAL_Driver/Src/stm32h7xx_hal_adc.o
 .text.LL_ADC_SetOffset
                0x08002ada       0x40 ./Drivers/STM32H7xx_HAL_Driver/Src/stm32h7xx_hal_adc.o
 .text.LL_ADC_SetDataRightShift
                0x08002b1a       0x32 ./Drivers/STM32H7xx_HAL_Driver/Src/stm32h7xx_hal_adc.o
 .text.LL_ADC_SetOffsetSignedSaturation
                0x08002b4c       0x36 ./Drivers/STM32H7xx_HAL_Driver/Src/stm32h7xx_hal_adc.o
 .text.LL_ADC_REG_IsTriggerSourceSWStart
                0x08002b82       0x26 ./Drivers/STM32H7xx_HAL_Driver/Src/stm32h7xx_hal_adc.o
 .text.LL_ADC_REG_SetSequencerRanks
                0x08002ba8       0x58 ./Drivers/STM32H7xx_HAL_Driver/Src/stm32h7xx_hal_adc.o
 .text.LL_ADC_REG_SetDataTransferMode
                0x08002c00       0x26 ./Drivers/STM32H7xx_HAL_Driver/Src/stm32h7xx_hal_adc.o
 .text.LL_ADC_SetChannelSamplingTime
                0x08002c26       0x56 ./Drivers/STM32H7xx_HAL_Driver/Src/stm32h7xx_hal_adc.o
 .text.LL_ADC_SetChannelSingleDiff
                0x08002c7c       0x48 ./Drivers/STM32H7xx_HAL_Driver/Src/stm32h7xx_hal_adc.o
 .text.LL_ADC_GetMultimode
                0x08002cc4       0x1c ./Drivers/STM32H7xx_HAL_Driver/Src/stm32h7xx_hal_adc.o
 .text.LL_ADC_DisableDeepPowerDown
                0x08002ce0       0x24 ./Drivers/STM32H7xx_HAL_Driver/Src/stm32h7xx_hal_adc.o
 .text.LL_ADC_IsDeepPowerDownEnabled
                0x08002d04       0x28 ./Drivers/STM32H7xx_HAL_Driver/Src/stm32h7xx_hal_adc.o
 .text.LL_ADC_EnableInternalRegulator
                0x08002d2c       0x28 ./Drivers/STM32H7xx_HAL_Driver/Src/stm32h7xx_hal_adc.o
 .text.LL_ADC_IsInternalRegulatorEnabled
                0x08002d54       0x28 ./Drivers/STM32H7xx_HAL_Driver/Src/stm32h7xx_hal_adc.o
 .text.LL_ADC_Enable
                0x08002d7c       0x28 ./Drivers/STM32H7xx_HAL_Driver/Src/stm32h7xx_hal_adc.o
 .text.LL_ADC_IsEnabled
                0x08002da4       0x26 ./Drivers/STM32H7xx_HAL_Driver/Src/stm32h7xx_hal_adc.o
 *fill*         0x08002dca        0x2 
 .text.LL_ADC_REG_StartConversion
                0x08002dcc       0x28 ./Drivers/STM32H7xx_HAL_Driver/Src/stm32h7xx_hal_adc.o
 .text.LL_ADC_REG_IsConversionOngoing
                0x08002df4       0x26 ./Drivers/STM32H7xx_HAL_Driver/Src/stm32h7xx_hal_adc.o
 .text.LL_ADC_INJ_IsConversionOngoing
                0x08002e1a       0x26 ./Drivers/STM32H7xx_HAL_Driver/Src/stm32h7xx_hal_adc.o
 .text.HAL_ADC_Init
                0x08002e40      0x7a4 ./Drivers/STM32H7xx_HAL_Driver/Src/stm32h7xx_hal_adc.o
                0x08002e40                HAL_ADC_Init
 .text.HAL_ADC_Start_DMA
                0x080035e4      0x1b8 ./Drivers/STM32H7xx_HAL_Driver/Src/stm32h7xx_hal_adc.o
                0x080035e4                HAL_ADC_Start_DMA
 .text.HAL_ADC_ConvCpltCallback
                0x0800379c       0x14 ./Drivers/STM32H7xx_HAL_Driver/Src/stm32h7xx_hal_adc.o
                0x0800379c                HAL_ADC_ConvCpltCallback
 .text.HAL_ADC_ConvHalfCpltCallback
                0x080037b0       0x14 ./Drivers/STM32H7xx_HAL_Driver/Src/stm32h7xx_hal_adc.o
                0x080037b0                HAL_ADC_ConvHalfCpltCallback
 .text.HAL_ADC_ErrorCallback
                0x080037c4       0x14 ./Drivers/STM32H7xx_HAL_Driver/Src/stm32h7xx_hal_adc.o
                0x080037c4                HAL_ADC_ErrorCallback
 .text.HAL_ADC_ConfigChannel
                0x080037d8      0xb7c ./Drivers/STM32H7xx_HAL_Driver/Src/stm32h7xx_hal_adc.o
                0x080037d8                HAL_ADC_ConfigChannel
 .text.ADC_Enable
                0x08004354      0x114 ./Drivers/STM32H7xx_HAL_Driver/Src/stm32h7xx_hal_adc.o
                0x08004354                ADC_Enable
 .text.ADC_DMAConvCplt
                0x08004468       0xd8 ./Drivers/STM32H7xx_HAL_Driver/Src/stm32h7xx_hal_adc.o
                0x08004468                ADC_DMAConvCplt
 .text.ADC_DMAHalfConvCplt
                0x08004540       0x1c ./Drivers/STM32H7xx_HAL_Driver/Src/stm32h7xx_hal_adc.o
                0x08004540                ADC_DMAHalfConvCplt
 .text.ADC_DMAError
                0x0800455c       0x34 ./Drivers/STM32H7xx_HAL_Driver/Src/stm32h7xx_hal_adc.o
                0x0800455c                ADC_DMAError
 .text.ADC_ConfigureBoostMode
                0x08004590      0x218 ./Drivers/STM32H7xx_HAL_Driver/Src/stm32h7xx_hal_adc.o
                0x08004590                ADC_ConfigureBoostMode
 .text.LL_ADC_IsEnabled
                0x080047a8       0x26 ./Drivers/STM32H7xx_HAL_Driver/Src/stm32h7xx_hal_adc_ex.o
 .text.LL_ADC_REG_IsConversionOngoing
                0x080047ce       0x26 ./Drivers/STM32H7xx_HAL_Driver/Src/stm32h7xx_hal_adc_ex.o
 .text.HAL_ADCEx_MultiModeConfigChannel
                0x080047f4      0x2bc ./Drivers/STM32H7xx_HAL_Driver/Src/stm32h7xx_hal_adc_ex.o
                0x080047f4                HAL_ADCEx_MultiModeConfigChannel
 .text.__NVIC_SetPriorityGrouping
                0x08004ab0       0x48 ./Drivers/STM32H7xx_HAL_Driver/Src/stm32h7xx_hal_cortex.o
 .text.__NVIC_GetPriorityGrouping
                0x08004af8       0x1c ./Drivers/STM32H7xx_HAL_Driver/Src/stm32h7xx_hal_cortex.o
 .text.__NVIC_EnableIRQ
                0x08004b14       0x3c ./Drivers/STM32H7xx_HAL_Driver/Src/stm32h7xx_hal_cortex.o
 .text.__NVIC_SetPriority
                0x08004b50       0x54 ./Drivers/STM32H7xx_HAL_Driver/Src/stm32h7xx_hal_cortex.o
 .text.NVIC_EncodePriority
                0x08004ba4       0x66 ./Drivers/STM32H7xx_HAL_Driver/Src/stm32h7xx_hal_cortex.o
 *fill*         0x08004c0a        0x2 
 .text.SysTick_Config
                0x08004c0c       0x44 ./Drivers/STM32H7xx_HAL_Driver/Src/stm32h7xx_hal_cortex.o
 .text.HAL_NVIC_SetPriorityGrouping
                0x08004c50       0x40 ./Drivers/STM32H7xx_HAL_Driver/Src/stm32h7xx_hal_cortex.o
                0x08004c50                HAL_NVIC_SetPriorityGrouping
 .text.HAL_NVIC_SetPriority
                0x08004c90       0x54 ./Drivers/STM32H7xx_HAL_Driver/Src/stm32h7xx_hal_cortex.o
                0x08004c90                HAL_NVIC_SetPriority
 .text.HAL_NVIC_EnableIRQ
                0x08004ce4       0x30 ./Drivers/STM32H7xx_HAL_Driver/Src/stm32h7xx_hal_cortex.o
                0x08004ce4                HAL_NVIC_EnableIRQ
 .text.HAL_SYSTICK_Config
                0x08004d14       0x18 ./Drivers/STM32H7xx_HAL_Driver/Src/stm32h7xx_hal_cortex.o
                0x08004d14                HAL_SYSTICK_Config
 .text.HAL_MPU_Disable
                0x08004d2c       0x30 ./Drivers/STM32H7xx_HAL_Driver/Src/stm32h7xx_hal_cortex.o
                0x08004d2c                HAL_MPU_Disable
 .text.HAL_MPU_Enable
                0x08004d5c       0x40 ./Drivers/STM32H7xx_HAL_Driver/Src/stm32h7xx_hal_cortex.o
                0x08004d5c                HAL_MPU_Enable
 .text.HAL_MPU_ConfigRegion
                0x08004d9c      0x2ec ./Drivers/STM32H7xx_HAL_Driver/Src/stm32h7xx_hal_cortex.o
                0x08004d9c                HAL_MPU_ConfigRegion
 .text.HAL_DMA_Init
                0x08005088      0x9f0 ./Drivers/STM32H7xx_HAL_Driver/Src/stm32h7xx_hal_dma.o
                0x08005088                HAL_DMA_Init
 .text.HAL_DMA_Start_IT
                0x08005a78      0x4f0 ./Drivers/STM32H7xx_HAL_Driver/Src/stm32h7xx_hal_dma.o
                0x08005a78                HAL_DMA_Start_IT
 .text.HAL_DMA_Abort
                0x08005f68      0x63c ./Drivers/STM32H7xx_HAL_Driver/Src/stm32h7xx_hal_dma.o
                0x08005f68                HAL_DMA_Abort
 .text.HAL_DMA_Abort_IT
                0x080065a4      0x48c ./Drivers/STM32H7xx_HAL_Driver/Src/stm32h7xx_hal_dma.o
                0x080065a4                HAL_DMA_Abort_IT
 .text.HAL_DMA_IRQHandler
                0x08006a30      0xe54 ./Drivers/STM32H7xx_HAL_Driver/Src/stm32h7xx_hal_dma.o
                0x08006a30                HAL_DMA_IRQHandler
 .text.DMA_SetConfig
                0x08007884      0x358 ./Drivers/STM32H7xx_HAL_Driver/Src/stm32h7xx_hal_dma.o
 .text.DMA_CalcBaseAndBitshift
                0x08007bdc      0x164 ./Drivers/STM32H7xx_HAL_Driver/Src/stm32h7xx_hal_dma.o
 .text.DMA_CheckFifoParam
                0x08007d40       0xf8 ./Drivers/STM32H7xx_HAL_Driver/Src/stm32h7xx_hal_dma.o
 .text.DMA_CalcDMAMUXChannelBaseAndMask
                0x08007e38      0x134 ./Drivers/STM32H7xx_HAL_Driver/Src/stm32h7xx_hal_dma.o
 .text.DMA_CalcDMAMUXRequestGenBaseAndMask
                0x08007f6c       0xe8 ./Drivers/STM32H7xx_HAL_Driver/Src/stm32h7xx_hal_dma.o
 .text.HAL_FDCAN_Init
                0x08008054      0x768 ./Drivers/STM32H7xx_HAL_Driver/Src/stm32h7xx_hal_fdcan.o
                0x08008054                HAL_FDCAN_Init
 .text.FDCAN_CalcultateRamBlockAddresses
                0x080087bc      0x30c ./Drivers/STM32H7xx_HAL_Driver/Src/stm32h7xx_hal_fdcan.o
 .text.HAL_GPIO_Init
                0x08008ac8      0x554 ./Drivers/STM32H7xx_HAL_Driver/Src/stm32h7xx_hal_gpio.o
                0x08008ac8                HAL_GPIO_Init
 .text.HAL_GPIO_WritePin
                0x0800901c       0x58 ./Drivers/STM32H7xx_HAL_Driver/Src/stm32h7xx_hal_gpio.o
                0x0800901c                HAL_GPIO_WritePin
 .text.HAL_GPIO_TogglePin
                0x08009074       0x44 ./Drivers/STM32H7xx_HAL_Driver/Src/stm32h7xx_hal_gpio.o
                0x08009074                HAL_GPIO_TogglePin
 .text.HAL_PWREx_ConfigSupply
                0x080090b8       0x8c ./Drivers/STM32H7xx_HAL_Driver/Src/stm32h7xx_hal_pwr_ex.o
                0x080090b8                HAL_PWREx_ConfigSupply
 .text.HAL_RCC_OscConfig
                0x08009144      0xb60 ./Drivers/STM32H7xx_HAL_Driver/Src/stm32h7xx_hal_rcc.o
                0x08009144                HAL_RCC_OscConfig
 .text.HAL_RCC_ClockConfig
                0x08009ca4      0x6e0 ./Drivers/STM32H7xx_HAL_Driver/Src/stm32h7xx_hal_rcc.o
                0x08009ca4                HAL_RCC_ClockConfig
 .text.HAL_RCC_GetSysClockFreq
                0x0800a384      0x2f4 ./Drivers/STM32H7xx_HAL_Driver/Src/stm32h7xx_hal_rcc.o
                0x0800a384                HAL_RCC_GetSysClockFreq
 .text.HAL_RCC_GetHCLKFreq
                0x0800a678       0x60 ./Drivers/STM32H7xx_HAL_Driver/Src/stm32h7xx_hal_rcc.o
                0x0800a678                HAL_RCC_GetHCLKFreq
 .text.HAL_RCC_GetPCLK1Freq
                0x0800a6d8       0x2c ./Drivers/STM32H7xx_HAL_Driver/Src/stm32h7xx_hal_rcc.o
                0x0800a6d8                HAL_RCC_GetPCLK1Freq
 .text.HAL_RCC_GetPCLK2Freq
                0x0800a704       0x2c ./Drivers/STM32H7xx_HAL_Driver/Src/stm32h7xx_hal_rcc.o
                0x0800a704                HAL_RCC_GetPCLK2Freq
 .text.HAL_RCCEx_PeriphCLKConfig
                0x0800a730     0x1a60 ./Drivers/STM32H7xx_HAL_Driver/Src/stm32h7xx_hal_rcc_ex.o
                0x0800a730                HAL_RCCEx_PeriphCLKConfig
 .text.HAL_RCCEx_GetPeriphCLKFreq
                0x0800c190      0xb00 ./Drivers/STM32H7xx_HAL_Driver/Src/stm32h7xx_hal_rcc_ex.o
                0x0800c190                HAL_RCCEx_GetPeriphCLKFreq
 .text.HAL_RCCEx_GetD3PCLK1Freq
                0x0800cc90       0x2c ./Drivers/STM32H7xx_HAL_Driver/Src/stm32h7xx_hal_rcc_ex.o
                0x0800cc90                HAL_RCCEx_GetD3PCLK1Freq
 .text.HAL_RCCEx_GetPLL2ClockFreq
                0x0800ccbc      0x2a8 ./Drivers/STM32H7xx_HAL_Driver/Src/stm32h7xx_hal_rcc_ex.o
                0x0800ccbc                HAL_RCCEx_GetPLL2ClockFreq
 .text.HAL_RCCEx_GetPLL3ClockFreq
                0x0800cf64      0x2a8 ./Drivers/STM32H7xx_HAL_Driver/Src/stm32h7xx_hal_rcc_ex.o
                0x0800cf64                HAL_RCCEx_GetPLL3ClockFreq
 .text.HAL_RCCEx_GetPLL1ClockFreq
                0x0800d20c      0x2a4 ./Drivers/STM32H7xx_HAL_Driver/Src/stm32h7xx_hal_rcc_ex.o
                0x0800d20c                HAL_RCCEx_GetPLL1ClockFreq
 .text.RCCEx_PLL2_Config
                0x0800d4b0      0x244 ./Drivers/STM32H7xx_HAL_Driver/Src/stm32h7xx_hal_rcc_ex.o
 .text.RCCEx_PLL3_Config
                0x0800d6f4      0x24c ./Drivers/STM32H7xx_HAL_Driver/Src/stm32h7xx_hal_rcc_ex.o
 .text.HAL_SPI_Init
                0x0800d940      0x5a0 ./Drivers/STM32H7xx_HAL_Driver/Src/stm32h7xx_hal_spi.o
                0x0800d940                HAL_SPI_Init
 .text.SPI_GetPacketSize
                0x0800dee0       0x36 ./Drivers/STM32H7xx_HAL_Driver/Src/stm32h7xx_hal_spi.o
 *fill*         0x0800df16        0x2 
 .text.HAL_TIM_Base_Init
                0x0800df18      0x248 ./Drivers/STM32H7xx_HAL_Driver/Src/stm32h7xx_hal_tim.o
                0x0800df18                HAL_TIM_Base_Init
 .text.HAL_TIM_Base_Start_IT
                0x0800e160      0x19c ./Drivers/STM32H7xx_HAL_Driver/Src/stm32h7xx_hal_tim.o
                0x0800e160                HAL_TIM_Base_Start_IT
 .text.HAL_TIM_PWM_Init
                0x0800e2fc      0x248 ./Drivers/STM32H7xx_HAL_Driver/Src/stm32h7xx_hal_tim.o
                0x0800e2fc                HAL_TIM_PWM_Init
 .text.HAL_TIM_PWM_MspInit
                0x0800e544       0x14 ./Drivers/STM32H7xx_HAL_Driver/Src/stm32h7xx_hal_tim.o
                0x0800e544                HAL_TIM_PWM_MspInit
 .text.HAL_TIM_PWM_Start
                0x0800e558      0x3b8 ./Drivers/STM32H7xx_HAL_Driver/Src/stm32h7xx_hal_tim.o
                0x0800e558                HAL_TIM_PWM_Start
 .text.HAL_TIM_IRQHandler
                0x0800e910      0x20e ./Drivers/STM32H7xx_HAL_Driver/Src/stm32h7xx_hal_tim.o
                0x0800e910                HAL_TIM_IRQHandler
 *fill*         0x0800eb1e        0x2 
 .text.HAL_TIM_PWM_ConfigChannel
                0x0800eb20      0x4d0 ./Drivers/STM32H7xx_HAL_Driver/Src/stm32h7xx_hal_tim.o
                0x0800eb20                HAL_TIM_PWM_ConfigChannel
 .text.HAL_TIM_ConfigClockSource
                0x0800eff0      0x764 ./Drivers/STM32H7xx_HAL_Driver/Src/stm32h7xx_hal_tim.o
                0x0800eff0                HAL_TIM_ConfigClockSource
 .text.HAL_TIM_OC_DelayElapsedCallback
                0x0800f754       0x14 ./Drivers/STM32H7xx_HAL_Driver/Src/stm32h7xx_hal_tim.o
                0x0800f754                HAL_TIM_OC_DelayElapsedCallback
 .text.HAL_TIM_IC_CaptureCallback
                0x0800f768       0x14 ./Drivers/STM32H7xx_HAL_Driver/Src/stm32h7xx_hal_tim.o
                0x0800f768                HAL_TIM_IC_CaptureCallback
 .text.HAL_TIM_PWM_PulseFinishedCallback
                0x0800f77c       0x14 ./Drivers/STM32H7xx_HAL_Driver/Src/stm32h7xx_hal_tim.o
                0x0800f77c                HAL_TIM_PWM_PulseFinishedCallback
 .text.HAL_TIM_TriggerCallback
                0x0800f790       0x14 ./Drivers/STM32H7xx_HAL_Driver/Src/stm32h7xx_hal_tim.o
                0x0800f790                HAL_TIM_TriggerCallback
 .text.TIM_Base_SetConfig
                0x0800f7a4      0x140 ./Drivers/STM32H7xx_HAL_Driver/Src/stm32h7xx_hal_tim.o
                0x0800f7a4                TIM_Base_SetConfig
 .text.TIM_OC1_SetConfig
                0x0800f8e4      0x174 ./Drivers/STM32H7xx_HAL_Driver/Src/stm32h7xx_hal_tim.o
 .text.TIM_OC2_SetConfig
                0x0800fa58      0x164 ./Drivers/STM32H7xx_HAL_Driver/Src/stm32h7xx_hal_tim.o
                0x0800fa58                TIM_OC2_SetConfig
 .text.TIM_OC3_SetConfig
                0x0800fbbc      0x164 ./Drivers/STM32H7xx_HAL_Driver/Src/stm32h7xx_hal_tim.o
 .text.TIM_OC4_SetConfig
                0x0800fd20       0xf0 ./Drivers/STM32H7xx_HAL_Driver/Src/stm32h7xx_hal_tim.o
 .text.TIM_OC5_SetConfig
                0x0800fe10       0xc8 ./Drivers/STM32H7xx_HAL_Driver/Src/stm32h7xx_hal_tim.o
 .text.TIM_OC6_SetConfig
                0x0800fed8       0xcc ./Drivers/STM32H7xx_HAL_Driver/Src/stm32h7xx_hal_tim.o
 .text.TIM_TI1_ConfigInputStage
                0x0800ffa4       0x5e ./Drivers/STM32H7xx_HAL_Driver/Src/stm32h7xx_hal_tim.o
 .text.TIM_TI2_ConfigInputStage
                0x08010002       0x60 ./Drivers/STM32H7xx_HAL_Driver/Src/stm32h7xx_hal_tim.o
 *fill*         0x08010062        0x2 
 .text.TIM_ITRx_SetConfig
                0x08010064       0x3c ./Drivers/STM32H7xx_HAL_Driver/Src/stm32h7xx_hal_tim.o
 .text.TIM_ETR_SetConfig
                0x080100a0       0x40 ./Drivers/STM32H7xx_HAL_Driver/Src/stm32h7xx_hal_tim.o
                0x080100a0                TIM_ETR_SetConfig
 .text.TIM_CCxChannelCmd
                0x080100e0      0x114 ./Drivers/STM32H7xx_HAL_Driver/Src/stm32h7xx_hal_tim.o
                0x080100e0                TIM_CCxChannelCmd
 .text.HAL_TIMEx_MasterConfigSynchronization
                0x080101f4      0x2cc ./Drivers/STM32H7xx_HAL_Driver/Src/stm32h7xx_hal_tim_ex.o
                0x080101f4                HAL_TIMEx_MasterConfigSynchronization
 .text.HAL_TIMEx_ConfigBreakDeadTime
                0x080104c0      0x270 ./Drivers/STM32H7xx_HAL_Driver/Src/stm32h7xx_hal_tim_ex.o
                0x080104c0                HAL_TIMEx_ConfigBreakDeadTime
 .text.HAL_TIMEx_CommutCallback
                0x08010730       0x14 ./Drivers/STM32H7xx_HAL_Driver/Src/stm32h7xx_hal_tim_ex.o
                0x08010730                HAL_TIMEx_CommutCallback
 .text.HAL_TIMEx_BreakCallback
                0x08010744       0x14 ./Drivers/STM32H7xx_HAL_Driver/Src/stm32h7xx_hal_tim_ex.o
                0x08010744                HAL_TIMEx_BreakCallback
 .text.HAL_TIMEx_Break2Callback
                0x08010758       0x14 ./Drivers/STM32H7xx_HAL_Driver/Src/stm32h7xx_hal_tim_ex.o
                0x08010758                HAL_TIMEx_Break2Callback
 .text.HAL_UART_Init
                0x0801076c      0x19c ./Drivers/STM32H7xx_HAL_Driver/Src/stm32h7xx_hal_uart.o
                0x0801076c                HAL_UART_Init
 .text.HAL_UART_Transmit_DMA
                0x08010908      0x100 ./Drivers/STM32H7xx_HAL_Driver/Src/stm32h7xx_hal_uart.o
                0x08010908                HAL_UART_Transmit_DMA
 .text.HAL_UART_Receive_DMA
                0x08010a08       0x98 ./Drivers/STM32H7xx_HAL_Driver/Src/stm32h7xx_hal_uart.o
                0x08010a08                HAL_UART_Receive_DMA
 .text.HAL_UART_IRQHandler
                0x08010aa0      0x7ac ./Drivers/STM32H7xx_HAL_Driver/Src/stm32h7xx_hal_uart.o
                0x08010aa0                HAL_UART_IRQHandler
 .text.HAL_UART_TxHalfCpltCallback
                0x0801124c       0x14 ./Drivers/STM32H7xx_HAL_Driver/Src/stm32h7xx_hal_uart.o
                0x0801124c                HAL_UART_TxHalfCpltCallback
 .text.HAL_UART_RxHalfCpltCallback
                0x08011260       0x14 ./Drivers/STM32H7xx_HAL_Driver/Src/stm32h7xx_hal_uart.o
                0x08011260                HAL_UART_RxHalfCpltCallback
 .text.HAL_UARTEx_RxEventCallback
                0x08011274       0x18 ./Drivers/STM32H7xx_HAL_Driver/Src/stm32h7xx_hal_uart.o
                0x08011274                HAL_UARTEx_RxEventCallback
 .text.UART_SetConfig
                0x0801128c      0xc88 ./Drivers/STM32H7xx_HAL_Driver/Src/stm32h7xx_hal_uart.o
                0x0801128c                UART_SetConfig
 .text.UART_AdvFeatureConfig
                0x08011f14      0x2e8 ./Drivers/STM32H7xx_HAL_Driver/Src/stm32h7xx_hal_uart.o
                0x08011f14                UART_AdvFeatureConfig
 .text.UART_CheckIdleState
                0x080121fc      0x154 ./Drivers/STM32H7xx_HAL_Driver/Src/stm32h7xx_hal_uart.o
                0x080121fc                UART_CheckIdleState
 .text.UART_WaitOnFlagUntilTimeout
                0x08012350       0xda ./Drivers/STM32H7xx_HAL_Driver/Src/stm32h7xx_hal_uart.o
                0x08012350                UART_WaitOnFlagUntilTimeout
 *fill*         0x0801242a        0x2 
 .text.UART_Start_Receive_DMA
                0x0801242c      0x14c ./Drivers/STM32H7xx_HAL_Driver/Src/stm32h7xx_hal_uart.o
                0x0801242c                UART_Start_Receive_DMA
 .text.UART_EndTxTransfer
                0x08012578       0x82 ./Drivers/STM32H7xx_HAL_Driver/Src/stm32h7xx_hal_uart.o
 *fill*         0x080125fa        0x2 
 .text.UART_EndRxTransfer
                0x080125fc       0xcc ./Drivers/STM32H7xx_HAL_Driver/Src/stm32h7xx_hal_uart.o
 .text.UART_DMATransmitCplt
                0x080126c8       0x96 ./Drivers/STM32H7xx_HAL_Driver/Src/stm32h7xx_hal_uart.o
 .text.UART_DMATxHalfCplt
                0x0801275e       0x1c ./Drivers/STM32H7xx_HAL_Driver/Src/stm32h7xx_hal_uart.o
 .text.UART_DMAReceiveCplt
                0x0801277a      0x128 ./Drivers/STM32H7xx_HAL_Driver/Src/stm32h7xx_hal_uart.o
 .text.UART_DMARxHalfCplt
                0x080128a2       0x3e ./Drivers/STM32H7xx_HAL_Driver/Src/stm32h7xx_hal_uart.o
 .text.UART_DMAError
                0x080128e0       0x80 ./Drivers/STM32H7xx_HAL_Driver/Src/stm32h7xx_hal_uart.o
 .text.UART_DMAAbortOnError
                0x08012960       0x24 ./Drivers/STM32H7xx_HAL_Driver/Src/stm32h7xx_hal_uart.o
 .text.UART_EndTransmit_IT
                0x08012984       0x56 ./Drivers/STM32H7xx_HAL_Driver/Src/stm32h7xx_hal_uart.o
 .text.HAL_UARTEx_WakeupCallback
                0x080129da       0x14 ./Drivers/STM32H7xx_HAL_Driver/Src/stm32h7xx_hal_uart_ex.o
                0x080129da                HAL_UARTEx_WakeupCallback
 .text.HAL_UARTEx_RxFifoFullCallback
                0x080129ee       0x14 ./Drivers/STM32H7xx_HAL_Driver/Src/stm32h7xx_hal_uart_ex.o
                0x080129ee                HAL_UARTEx_RxFifoFullCallback
 .text.HAL_UARTEx_TxFifoEmptyCallback
                0x08012a02       0x14 ./Drivers/STM32H7xx_HAL_Driver/Src/stm32h7xx_hal_uart_ex.o
                0x08012a02                HAL_UARTEx_TxFifoEmptyCallback
 *fill*         0x08012a16        0x2 
 .text.HAL_UARTEx_DisableFifoMode
                0x08012a18       0xec ./Drivers/STM32H7xx_HAL_Driver/Src/stm32h7xx_hal_uart_ex.o
                0x08012a18                HAL_UARTEx_DisableFifoMode
 .text.HAL_UARTEx_SetTxFifoThreshold
                0x08012b04      0x134 ./Drivers/STM32H7xx_HAL_Driver/Src/stm32h7xx_hal_uart_ex.o
                0x08012b04                HAL_UARTEx_SetTxFifoThreshold
 .text.HAL_UARTEx_SetRxFifoThreshold
                0x08012c38      0x134 ./Drivers/STM32H7xx_HAL_Driver/Src/stm32h7xx_hal_uart_ex.o
                0x08012c38                HAL_UARTEx_SetRxFifoThreshold
 .text.UARTEx_SetNbDataToProcess
                0x08012d6c       0x9c ./Drivers/STM32H7xx_HAL_Driver/Src/stm32h7xx_hal_uart_ex.o
 .text.memset   0x08012e08       0x10 D:/Phan mem cubeide/STM32CubeIDE_1.16.1/STM32CubeIDE/plugins/com.st.stm32cube.ide.mcu.externaltools.gnu-tools-for-stm32.14.3.rel1.win32_1.0.100.202602081740/tools/bin/../lib/gcc/arm-none-eabi/14.3.1/../../../../arm-none-eabi/lib/thumb/v7e-m+dp/hard\libc_nano.a(libc_a-memset.o)
                0x08012e08                memset
 .text.__libc_init_array
                0x08012e18       0x48 D:/Phan mem cubeide/STM32CubeIDE_1.16.1/STM32CubeIDE/plugins/com.st.stm32cube.ide.mcu.externaltools.gnu-tools-for-stm32.14.3.rel1.win32_1.0.100.202602081740/tools/bin/../lib/gcc/arm-none-eabi/14.3.1/../../../../arm-none-eabi/lib/thumb/v7e-m+dp/hard\libc_nano.a(libc_a-init.o)
                0x08012e18                __libc_init_array
 .text.memcpy   0x08012e60       0x1c D:/Phan mem cubeide/STM32CubeIDE_1.16.1/STM32CubeIDE/plugins/com.st.stm32cube.ide.mcu.externaltools.gnu-tools-for-stm32.14.3.rel1.win32_1.0.100.202602081740/tools/bin/../lib/gcc/arm-none-eabi/14.3.1/../../../../arm-none-eabi/lib/thumb/v7e-m+dp/hard\libc_nano.a(libc_a-memcpy-stub.o)
                0x08012e60                memcpy
 *(.glue_7)
 .glue_7        0x08012e7c        0x0 linker stubs
 *(.glue_7t)
 .glue_7t       0x08012e7c        0x0 linker stubs
 *(.eh_frame)
 .eh_frame      0x08012e7c        0x0 D:/Phan mem cubeide/STM32CubeIDE_1.16.1/STM32CubeIDE/plugins/com.st.stm32cube.ide.mcu.externaltools.gnu-tools-for-stm32.14.3.rel1.win32_1.0.100.202602081740/tools/bin/../lib/gcc/arm-none-eabi/14.3.1/thumb/v7e-m+dp/hard/crtbegin.o
 *(.init)
 .init          0x08012e7c        0x4 D:/Phan mem cubeide/STM32CubeIDE_1.16.1/STM32CubeIDE/plugins/com.st.stm32cube.ide.mcu.externaltools.gnu-tools-for-stm32.14.3.rel1.win32_1.0.100.202602081740/tools/bin/../lib/gcc/arm-none-eabi/14.3.1/thumb/v7e-m+dp/hard/crti.o
                0x08012e7c                _init
 .init          0x08012e80        0x8 D:/Phan mem cubeide/STM32CubeIDE_1.16.1/STM32CubeIDE/plugins/com.st.stm32cube.ide.mcu.externaltools.gnu-tools-for-stm32.14.3.rel1.win32_1.0.100.202602081740/tools/bin/../lib/gcc/arm-none-eabi/14.3.1/thumb/v7e-m+dp/hard/crtn.o
 *(.fini)
 .fini          0x08012e88        0x4 D:/Phan mem cubeide/STM32CubeIDE_1.16.1/STM32CubeIDE/plugins/com.st.stm32cube.ide.mcu.externaltools.gnu-tools-for-stm32.14.3.rel1.win32_1.0.100.202602081740/tools/bin/../lib/gcc/arm-none-eabi/14.3.1/thumb/v7e-m+dp/hard/crti.o
                0x08012e88                _fini
 .fini          0x08012e8c        0x8 D:/Phan mem cubeide/STM32CubeIDE_1.16.1/STM32CubeIDE/plugins/com.st.stm32cube.ide.mcu.externaltools.gnu-tools-for-stm32.14.3.rel1.win32_1.0.100.202602081740/tools/bin/../lib/gcc/arm-none-eabi/14.3.1/thumb/v7e-m+dp/hard/crtn.o
                0x08012e94                        . = ALIGN (0x4)
                0x08012e94                        _etext = .

.vfp11_veneer   0x08012e94        0x0
 .vfp11_veneer  0x08012e94        0x0 linker stubs

.v4_bx          0x08012e94        0x0
 .v4_bx         0x08012e94        0x0 linker stubs

.iplt           0x08012e94        0x0
 .iplt          0x08012e94        0x0 D:/Phan mem cubeide/STM32CubeIDE_1.16.1/STM32CubeIDE/plugins/com.st.stm32cube.ide.mcu.externaltools.gnu-tools-for-stm32.14.3.rel1.win32_1.0.100.202602081740/tools/bin/../lib/gcc/arm-none-eabi/14.3.1/thumb/v7e-m+dp/hard/crtbegin.o

.rodata         0x08012e94      0x3c0
                0x08012e94                        . = ALIGN (0x4)
 *(.rodata)
 .rodata        0x08012e94       0x38 ./Drivers/STM32H7xx_HAL_Driver/Src/stm32h7xx_hal_adc.o
 .rodata        0x08012ecc       0x3b ./Drivers/STM32H7xx_HAL_Driver/Src/stm32h7xx_hal_adc_ex.o
 *fill*         0x08012f07        0x1 
 .rodata        0x08012f08       0x3b ./Drivers/STM32H7xx_HAL_Driver/Src/stm32h7xx_hal_cortex.o
 *fill*         0x08012f43        0x1 
 .rodata        0x08012f44       0x38 ./Drivers/STM32H7xx_HAL_Driver/Src/stm32h7xx_hal_dma.o
 .rodata        0x08012f7c       0x88 ./Drivers/STM32H7xx_HAL_Driver/Src/stm32h7xx_hal_fdcan.o
 .rodata        0x08013004       0x39 ./Drivers/STM32H7xx_HAL_Driver/Src/stm32h7xx_hal_gpio.o
 *fill*         0x0801303d        0x3 
 .rodata        0x08013040       0x3b ./Drivers/STM32H7xx_HAL_Driver/Src/stm32h7xx_hal_pwr_ex.o
 *fill*         0x0801307b        0x1 
 .rodata        0x0801307c       0x38 ./Drivers/STM32H7xx_HAL_Driver/Src/stm32h7xx_hal_rcc.o
 .rodata        0x080130b4       0x3b ./Drivers/STM32H7xx_HAL_Driver/Src/stm32h7xx_hal_rcc_ex.o
 *fill*         0x080130ef        0x1 
 .rodata        0x080130f0       0x38 ./Drivers/STM32H7xx_HAL_Driver/Src/stm32h7xx_hal_spi.o
 .rodata        0x08013128       0x38 ./Drivers/STM32H7xx_HAL_Driver/Src/stm32h7xx_hal_tim.o
 .rodata        0x08013160       0x3b ./Drivers/STM32H7xx_HAL_Driver/Src/stm32h7xx_hal_tim_ex.o
 *fill*         0x0801319b        0x1 
 .rodata        0x0801319c       0x39 ./Drivers/STM32H7xx_HAL_Driver/Src/stm32h7xx_hal_uart.o
 *fill*         0x080131d5        0x3 
 .rodata        0x080131d8       0x3c ./Drivers/STM32H7xx_HAL_Driver/Src/stm32h7xx_hal_uart_ex.o
 *(.rodata*)
 .rodata.D1CorePrescTable
                0x08013214       0x10 ./Core/Src/system_stm32h7xx.o
                0x08013214                D1CorePrescTable
 .rodata.flagBitshiftOffset.0
                0x08013224        0x8 ./Drivers/STM32H7xx_HAL_Driver/Src/stm32h7xx_hal_dma.o
 .rodata.UARTPrescTable
                0x0801322c       0x18 ./Drivers/STM32H7xx_HAL_Driver/Src/stm32h7xx_hal_uart.o
                0x0801322c                UARTPrescTable
 .rodata.numerator.1
                0x08013244        0x8 ./Drivers/STM32H7xx_HAL_Driver/Src/stm32h7xx_hal_uart_ex.o
 .rodata.denominator.0
                0x0801324c        0x8 ./Drivers/STM32H7xx_HAL_Driver/Src/stm32h7xx_hal_uart_ex.o
                0x08013254                        . = ALIGN (0x4)

.ARM.extab
 *(.ARM.extab* .gnu.linkonce.armextab.*)

.ARM            0x08013254        0x8
                0x08013254                        __exidx_start = .
 *(.ARM.exidx*)
 .ARM.exidx     0x08013254        0x8 D:/Phan mem cubeide/STM32CubeIDE_1.16.1/STM32CubeIDE/plugins/com.st.stm32cube.ide.mcu.externaltools.gnu-tools-for-stm32.14.3.rel1.win32_1.0.100.202602081740/tools/bin/../lib/gcc/arm-none-eabi/14.3.1/thumb/v7e-m+dp/hard\libgcc.a(_udivmoddi4.o)
                0x0801325c                        __exidx_end = .

.preinit_array  0x0801325c        0x0
                0x0801325c                        PROVIDE (__preinit_array_start = .)
 *(.preinit_array*)
                0x0801325c                        PROVIDE (__preinit_array_end = .)

.init_array     0x0801325c        0x4
                0x0801325c                        PROVIDE (__init_array_start = .)
 *(SORT_BY_NAME(.init_array.*))
 *(.init_array*)
 .init_array    0x0801325c        0x4 D:/Phan mem cubeide/STM32CubeIDE_1.16.1/STM32CubeIDE/plugins/com.st.stm32cube.ide.mcu.externaltools.gnu-tools-for-stm32.14.3.rel1.win32_1.0.100.202602081740/tools/bin/../lib/gcc/arm-none-eabi/14.3.1/thumb/v7e-m+dp/hard/crtbegin.o
                0x08013260                        PROVIDE (__init_array_end = .)

.fini_array     0x08013260        0x4
                [!provide]                        PROVIDE (__fini_array_start = .)
 *(SORT_BY_NAME(.fini_array.*))
 *(.fini_array*)
 .fini_array    0x08013260        0x4 D:/Phan mem cubeide/STM32CubeIDE_1.16.1/STM32CubeIDE/plugins/com.st.stm32cube.ide.mcu.externaltools.gnu-tools-for-stm32.14.3.rel1.win32_1.0.100.202602081740/tools/bin/../lib/gcc/arm-none-eabi/14.3.1/thumb/v7e-m+dp/hard/crtbegin.o
                [!provide]                        PROVIDE (__fini_array_end = .)
                0x08013264                        _sidata = LOADADDR (.data)

.rel.dyn        0x08013264        0x0
 .rel.iplt      0x08013264        0x0 D:/Phan mem cubeide/STM32CubeIDE_1.16.1/STM32CubeIDE/plugins/com.st.stm32cube.ide.mcu.externaltools.gnu-tools-for-stm32.14.3.rel1.win32_1.0.100.202602081740/tools/bin/../lib/gcc/arm-none-eabi/14.3.1/thumb/v7e-m+dp/hard/crtbegin.o

.data           0x24000000       0x14 load address 0x08013264
                0x24000000                        . = ALIGN (0x4)
                0x24000000                        _sdata = .
 *(.data)
 *(.data*)
 .data.uart4_tx_done_flag
                0x24000000        0x1 ./Core/Src/Uart.o
                0x24000000                uart4_tx_done_flag
 *fill*         0x24000001        0x3 
 .data.SystemCoreClock
                0x24000004        0x4 ./Core/Src/system_stm32h7xx.o
                0x24000004                SystemCoreClock
 .data.SystemD2Clock
                0x24000008        0x4 ./Core/Src/system_stm32h7xx.o
                0x24000008                SystemD2Clock
 .data.uwTickPrio
                0x2400000c        0x4 ./Drivers/STM32H7xx_HAL_Driver/Src/stm32h7xx_hal.o
                0x2400000c                uwTickPrio
 .data.uwTickFreq
                0x24000010        0x1 ./Drivers/STM32H7xx_HAL_Driver/Src/stm32h7xx_hal.o
                0x24000010                uwTickFreq
 *(.RamFunc)
 *(.RamFunc*)
                0x24000014                        . = ALIGN (0x4)
 *fill*         0x24000011        0x3 
                0x24000014                        _edata = .

.igot.plt       0x24000014        0x0 load address 0x08013278
 .igot.plt      0x24000014        0x0 D:/Phan mem cubeide/STM32CubeIDE_1.16.1/STM32CubeIDE/plugins/com.st.stm32cube.ide.mcu.externaltools.gnu-tools-for-stm32.14.3.rel1.win32_1.0.100.202602081740/tools/bin/../lib/gcc/arm-none-eabi/14.3.1/thumb/v7e-m+dp/hard/crtbegin.o
                0x24000014                        . = ALIGN (0x4)

.bss            0x24000014      0x918 load address 0x08013278
                0x24000014                        _sbss = .
                0x24000014                        __bss_start__ = _sbss
 *(.bss)
 .bss           0x24000014       0x1c D:/Phan mem cubeide/STM32CubeIDE_1.16.1/STM32CubeIDE/plugins/com.st.stm32cube.ide.mcu.externaltools.gnu-tools-for-stm32.14.3.rel1.win32_1.0.100.202602081740/tools/bin/../lib/gcc/arm-none-eabi/14.3.1/thumb/v7e-m+dp/hard/crtbegin.o
 *(.bss*)
 .bss.TX_Data   0x24000030        0xd ./Core/Src/Uart.o
                0x24000030                TX_Data
 *fill*         0x2400003d        0x3 
 .bss.RX_Buffer_UART4
                0x24000040        0xd ./Core/Src/Uart.o
                0x24000040                RX_Buffer_UART4
 .bss.uart4_rx_done_flag
                0x2400004d        0x1 ./Core/Src/Uart.o
                0x2400004d                uart4_rx_done_flag
 .bss.uart4_tx_busy
                0x2400004e        0x1 ./Core/Src/Uart.o
 .bss.uart4_rx_busy
                0x2400004f        0x1 ./Core/Src/Uart.o
 .bss.hadc1     0x24000050       0x64 ./Core/Src/main.o
                0x24000050                hadc1
 .bss.hdma_adc1
                0x240000b4       0x78 ./Core/Src/main.o
                0x240000b4                hdma_adc1
 .bss.hfdcan1   0x2400012c       0xa0 ./Core/Src/main.o
                0x2400012c                hfdcan1
 .bss.hspi2     0x240001cc       0x88 ./Core/Src/main.o
                0x240001cc                hspi2
 .bss.htim2     0x24000254       0x4c ./Core/Src/main.o
                0x24000254                htim2
 .bss.htim4     0x240002a0       0x4c ./Core/Src/main.o
                0x240002a0                htim4
 .bss.htim8     0x240002ec       0x4c ./Core/Src/main.o
                0x240002ec                htim8
 .bss.huart4    0x24000338       0x94 ./Core/Src/main.o
                0x24000338                huart4
 .bss.hdma_uart4_tx
                0x240003cc       0x78 ./Core/Src/main.o
                0x240003cc                hdma_uart4_tx
 .bss.hdma_uart4_rx
                0x24000444       0x78 ./Core/Src/main.o
                0x24000444                hdma_uart4_rx
 .bss.n         0x240004bc        0x4 ./Core/Src/main.o
 .bss.m         0x240004c0        0x4 ./Core/Src/main.o
 .bss.uart_tx_flag
                0x240004c4        0x2 ./Core/Src/main.o
 *fill*         0x240004c6        0x2 
 .bss.mCtr      0x240004c8       0x44 ./Core/Src/main.o
                0x240004c8                mCtr
 .bss.mPara     0x2400050c        0xc ./Core/Src/main.o
                0x2400050c                mPara
 .bss.FzTi      0x24000518       0x40 ./Core/Src/main.o
                0x24000518                FzTi
 .bss.FzAbsEk   0x24000558       0x40 ./Core/Src/main.o
                0x24000558                FzAbsEk
 .bss.FzKp      0x24000598       0x40 ./Core/Src/main.o
                0x24000598                FzKp
 .bss.PIVarV    0x240005d8       0x40 ./Core/Src/main.o
                0x240005d8                PIVarV
 .bss.PIVarIb   0x24000618       0x40 ./Core/Src/main.o
                0x24000618                PIVarIb
 .bss.PIVarIc   0x24000658       0x40 ./Core/Src/main.o
                0x24000658                PIVarIc
 .bss.adc_Objt_var
                0x24000698       0x64 ./Core/Src/main.o
                0x24000698                adc_Objt_var
 .bss.ADC_CH1   0x240006fc        0xa ./Core/Src/main.o
                0x240006fc                ADC_CH1
 *fill*         0x24000706        0x2 
 .bss.LPF_Vin   0x24000708       0x30 ./Core/Src/main.o
                0x24000708                LPF_Vin
 .bss.LPF_Vout  0x24000738       0x30 ./Core/Src/main.o
                0x24000738                LPF_Vout
 .bss.LPF_I     0x24000768       0x30 ./Core/Src/main.o
                0x24000768                LPF_I
 .bss.LPF_Vdclink
                0x24000798       0x30 ./Core/Src/main.o
                0x24000798                LPF_Vdclink
 .bss.LPF_AD_I_Offset
                0x240007c8       0x30 ./Core/Src/main.o
                0x240007c8                LPF_AD_I_Offset
 .bss.LPF_DI    0x240007f8       0x30 ./Core/Src/main.o
                0x240007f8                LPF_DI
 .bss.uart4_Rx  0x24000828       0xd6 ./Core/Src/main.o
                0x24000828                uart4_Rx
 *fill*         0x240008fe        0x2 
 .bss.uartdata  0x24000900       0x28 ./Core/Src/main.o
                0x24000900                uartdata
 .bss.uwTick    0x24000928        0x4 ./Drivers/STM32H7xx_HAL_Driver/Src/stm32h7xx_hal.o
                0x24000928                uwTick
 *(COMMON)
                0x2400092c                        . = ALIGN (0x4)
                0x2400092c                        _ebss = .
                0x2400092c                        __bss_end__ = _ebss

._user_heap_stack
                0x2400092c      0x604 load address 0x08013278
                0x24000930                        . = ALIGN (0x8)
 *fill*         0x2400092c        0x4 
                [!provide]                        PROVIDE (end = .)
                0x24000930                        PROVIDE (_end = .)
                0x24000b30                        . = (. + _Min_Heap_Size)
 *fill*         0x24000930      0x200 
                0x24000f30                        . = (. + _Min_Stack_Size)
 *fill*         0x24000b30      0x400 
                0x24000f30                        . = ALIGN (0x8)

/DISCARD/
 libc.a(*)
 libm.a(*)
 libgcc.a(*)

.ARM.attributes
                0x00000000       0x2e
 *(.ARM.attributes)
 .ARM.attributes
                0x00000000       0x20 D:/Phan mem cubeide/STM32CubeIDE_1.16.1/STM32CubeIDE/plugins/com.st.stm32cube.ide.mcu.externaltools.gnu-tools-for-stm32.14.3.rel1.win32_1.0.100.202602081740/tools/bin/../lib/gcc/arm-none-eabi/14.3.1/thumb/v7e-m+dp/hard/crti.o
 .ARM.attributes
                0x00000020       0x32 D:/Phan mem cubeide/STM32CubeIDE_1.16.1/STM32CubeIDE/plugins/com.st.stm32cube.ide.mcu.externaltools.gnu-tools-for-stm32.14.3.rel1.win32_1.0.100.202602081740/tools/bin/../lib/gcc/arm-none-eabi/14.3.1/thumb/v7e-m+dp/hard/crtbegin.o
 .ARM.attributes
                0x00000052       0x32 ./Core/Src/Analog.o
 .ARM.attributes
                0x00000084       0x32 ./Core/Src/Controller.o
 .ARM.attributes
                0x000000b6       0x32 ./Core/Src/LPF.o
 .ARM.attributes
                0x000000e8       0x32 ./Core/Src/Machine.o
 .ARM.attributes
                0x0000011a       0x32 ./Core/Src/Uart.o
 .ARM.attributes
                0x0000014c       0x32 ./Core/Src/main.o
 .ARM.attributes
                0x0000017e       0x32 ./Core/Src/stm32h7xx_hal_msp.o
 .ARM.attributes
                0x000001b0       0x32 ./Core/Src/stm32h7xx_it.o
 .ARM.attributes
                0x000001e2       0x32 ./Core/Src/system_stm32h7xx.o
 .ARM.attributes
                0x00000214       0x21 ./Core/Startup/startup_stm32h750vbtx.o
 .ARM.attributes
                0x00000235       0x32 ./Drivers/STM32H7xx_HAL_Driver/Src/stm32h7xx_hal.o
 .ARM.attributes
                0x00000267       0x32 ./Drivers/STM32H7xx_HAL_Driver/Src/stm32h7xx_hal_adc.o
 .ARM.attributes
                0x00000299       0x32 ./Drivers/STM32H7xx_HAL_Driver/Src/stm32h7xx_hal_adc_ex.o
 .ARM.attributes
                0x000002cb       0x32 ./Drivers/STM32H7xx_HAL_Driver/Src/stm32h7xx_hal_cortex.o
 .ARM.attributes
                0x000002fd       0x32 ./Drivers/STM32H7xx_HAL_Driver/Src/stm32h7xx_hal_dma.o
 .ARM.attributes
                0x0000032f       0x32 ./Drivers/STM32H7xx_HAL_Driver/Src/stm32h7xx_hal_fdcan.o
 .ARM.attributes
                0x00000361       0x32 ./Drivers/STM32H7xx_HAL_Driver/Src/stm32h7xx_hal_gpio.o
 .ARM.attributes
                0x00000393       0x32 ./Drivers/STM32H7xx_HAL_Driver/Src/stm32h7xx_hal_pwr_ex.o
 .ARM.attributes
                0x000003c5       0x32 ./Drivers/STM32H7xx_HAL_Driver/Src/stm32h7xx_hal_rcc.o
 .ARM.attributes
                0x000003f7       0x32 ./Drivers/STM32H7xx_HAL_Driver/Src/stm32h7xx_hal_rcc_ex.o
 .ARM.attributes
                0x00000429       0x32 ./Drivers/STM32H7xx_HAL_Driver/Src/stm32h7xx_hal_spi.o
 .ARM.attributes
                0x0000045b       0x32 ./Drivers/STM32H7xx_HAL_Driver/Src/stm32h7xx_hal_tim.o
 .ARM.attributes
                0x0000048d       0x32 ./Drivers/STM32H7xx_HAL_Driver/Src/stm32h7xx_hal_tim_ex.o
 .ARM.attributes
                0x000004bf       0x32 ./Drivers/STM32H7xx_HAL_Driver/Src/stm32h7xx_hal_uart.o
 .ARM.attributes
                0x000004f1       0x32 ./Drivers/STM32H7xx_HAL_Driver/Src/stm32h7xx_hal_uart_ex.o
 .ARM.attributes
                0x00000523       0x32 D:/Phan mem cubeide/STM32CubeIDE_1.16.1/STM32CubeIDE/plugins/com.st.stm32cube.ide.mcu.externaltools.gnu-tools-for-stm32.14.3.rel1.win32_1.0.100.202602081740/tools/bin/../lib/gcc/arm-none-eabi/14.3.1/../../../../arm-none-eabi/lib/thumb/v7e-m+dp/hard\libc_nano.a(libc_a-memset.o)
 .ARM.attributes
                0x00000555       0x32 D:/Phan mem cubeide/STM32CubeIDE_1.16.1/STM32CubeIDE/plugins/com.st.stm32cube.ide.mcu.externaltools.gnu-tools-for-stm32.14.3.rel1.win32_1.0.100.202602081740/tools/bin/../lib/gcc/arm-none-eabi/14.3.1/../../../../arm-none-eabi/lib/thumb/v7e-m+dp/hard\libc_nano.a(libc_a-init.o)
 .ARM.attributes
                0x00000587       0x32 D:/Phan mem cubeide/STM32CubeIDE_1.16.1/STM32CubeIDE/plugins/com.st.stm32cube.ide.mcu.externaltools.gnu-tools-for-stm32.14.3.rel1.win32_1.0.100.202602081740/tools/bin/../lib/gcc/arm-none-eabi/14.3.1/../../../../arm-none-eabi/lib/thumb/v7e-m+dp/hard\libc_nano.a(libc_a-memcpy-stub.o)
 .ARM.attributes
                0x000005b9       0x20 D:/Phan mem cubeide/STM32CubeIDE_1.16.1/STM32CubeIDE/plugins/com.st.stm32cube.ide.mcu.externaltools.gnu-tools-for-stm32.14.3.rel1.win32_1.0.100.202602081740/tools/bin/../lib/gcc/arm-none-eabi/14.3.1/thumb/v7e-m+dp/hard\libgcc.a(_aeabi_uldivmod.o)
 .ARM.attributes
                0x000005d9       0x32 D:/Phan mem cubeide/STM32CubeIDE_1.16.1/STM32CubeIDE/plugins/com.st.stm32cube.ide.mcu.externaltools.gnu-tools-for-stm32.14.3.rel1.win32_1.0.100.202602081740/tools/bin/../lib/gcc/arm-none-eabi/14.3.1/thumb/v7e-m+dp/hard\libgcc.a(_udivmoddi4.o)
 .ARM.attributes
                0x0000060b       0x20 D:/Phan mem cubeide/STM32CubeIDE_1.16.1/STM32CubeIDE/plugins/com.st.stm32cube.ide.mcu.externaltools.gnu-tools-for-stm32.14.3.rel1.win32_1.0.100.202602081740/tools/bin/../lib/gcc/arm-none-eabi/14.3.1/thumb/v7e-m+dp/hard\libgcc.a(_dvmd_tls.o)
 .ARM.attributes
                0x0000062b       0x20 D:/Phan mem cubeide/STM32CubeIDE_1.16.1/STM32CubeIDE/plugins/com.st.stm32cube.ide.mcu.externaltools.gnu-tools-for-stm32.14.3.rel1.win32_1.0.100.202602081740/tools/bin/../lib/gcc/arm-none-eabi/14.3.1/thumb/v7e-m+dp/hard/crtn.o
OUTPUT(New Folder.elf elf32-littlearm)
LOAD linker stubs
LOAD D:/Phan mem cubeide/STM32CubeIDE_1.16.1/STM32CubeIDE/plugins/com.st.stm32cube.ide.mcu.externaltools.gnu-tools-for-stm32.14.3.rel1.win32_1.0.100.202602081740/tools/bin/../lib/gcc/arm-none-eabi/14.3.1/../../../../arm-none-eabi/lib/thumb/v7e-m+dp/hard\libc.a
LOAD D:/Phan mem cubeide/STM32CubeIDE_1.16.1/STM32CubeIDE/plugins/com.st.stm32cube.ide.mcu.externaltools.gnu-tools-for-stm32.14.3.rel1.win32_1.0.100.202602081740/tools/bin/../lib/gcc/arm-none-eabi/14.3.1/../../../../arm-none-eabi/lib/thumb/v7e-m+dp/hard\libm.a
LOAD D:/Phan mem cubeide/STM32CubeIDE_1.16.1/STM32CubeIDE/plugins/com.st.stm32cube.ide.mcu.externaltools.gnu-tools-for-stm32.14.3.rel1.win32_1.0.100.202602081740/tools/bin/../lib/gcc/arm-none-eabi/14.3.1/thumb/v7e-m+dp/hard\libgcc.a

.debug_info     0x00000000    0x240d6
 .debug_info    0x00000000      0x3a4 ./Core/Src/Analog.o
 .debug_info    0x000003a4      0xb9b ./Core/Src/Controller.o
 .debug_info    0x00000f3f      0x1d7 ./Core/Src/LPF.o
 .debug_info    0x00001116      0xfac ./Core/Src/Machine.o
 .debug_info    0x000020c2      0xec4 ./Core/Src/Uart.o
 .debug_info    0x00002f86     0x3f45 ./Core/Src/main.o
 .debug_info    0x00006ecb     0x2ade ./Core/Src/stm32h7xx_hal_msp.o
 .debug_info    0x000099a9      0xc83 ./Core/Src/stm32h7xx_it.o
 .debug_info    0x0000a62c      0xdb2 ./Core/Src/system_stm32h7xx.o
 .debug_info    0x0000b3de       0x30 ./Core/Startup/startup_stm32h750vbtx.o
 .debug_info    0x0000b40e     0x156e ./Drivers/STM32H7xx_HAL_Driver/Src/stm32h7xx_hal.o
 .debug_info    0x0000c97c     0x1dea ./Drivers/STM32H7xx_HAL_Driver/Src/stm32h7xx_hal_adc.o
 .debug_info    0x0000e766     0x1f09 ./Drivers/STM32H7xx_HAL_Driver/Src/stm32h7xx_hal_adc_ex.o
 .debug_info    0x0001066f     0x10ec ./Drivers/STM32H7xx_HAL_Driver/Src/stm32h7xx_hal_cortex.o
 .debug_info    0x0001175b      0xc4e ./Drivers/STM32H7xx_HAL_Driver/Src/stm32h7xx_hal_dma.o
 .debug_info    0x000123a9     0x2bce ./Drivers/STM32H7xx_HAL_Driver/Src/stm32h7xx_hal_fdcan.o
 .debug_info    0x00014f77      0xc8b ./Drivers/STM32H7xx_HAL_Driver/Src/stm32h7xx_hal_gpio.o
 .debug_info    0x00015c02     0x1033 ./Drivers/STM32H7xx_HAL_Driver/Src/stm32h7xx_hal_pwr_ex.o
 .debug_info    0x00016c35      0xe87 ./Drivers/STM32H7xx_HAL_Driver/Src/stm32h7xx_hal_rcc.o
 .debug_info    0x00017abc     0x123e ./Drivers/STM32H7xx_HAL_Driver/Src/stm32h7xx_hal_rcc_ex.o
 .debug_info    0x00018cfa     0x145f ./Drivers/STM32H7xx_HAL_Driver/Src/stm32h7xx_hal_spi.o
 .debug_info    0x0001a159     0x2c22 ./Drivers/STM32H7xx_HAL_Driver/Src/stm32h7xx_hal_tim.o
 .debug_info    0x0001cd7b     0x184b ./Drivers/STM32H7xx_HAL_Driver/Src/stm32h7xx_hal_tim_ex.o
 .debug_info    0x0001e5c6     0x4b34 ./Drivers/STM32H7xx_HAL_Driver/Src/stm32h7xx_hal_uart.o
 .debug_info    0x000230fa      0xfdc ./Drivers/STM32H7xx_HAL_Driver/Src/stm32h7xx_hal_uart_ex.o

.debug_abbrev   0x00000000     0x3ae4
 .debug_abbrev  0x00000000      0x148 ./Core/Src/Analog.o
 .debug_abbrev  0x00000148      0x275 ./Core/Src/Controller.o
 .debug_abbrev  0x000003bd       0xe1 ./Core/Src/LPF.o
 .debug_abbrev  0x0000049e      0x1e5 ./Core/Src/Machine.o
 .debug_abbrev  0x00000683      0x29e ./Core/Src/Uart.o
 .debug_abbrev  0x00000921      0x375 ./Core/Src/main.o
 .debug_abbrev  0x00000c96      0x27b ./Core/Src/stm32h7xx_hal_msp.o
 .debug_abbrev  0x00000f11      0x1b4 ./Core/Src/stm32h7xx_it.o
 .debug_abbrev  0x000010c5      0x165 ./Core/Src/system_stm32h7xx.o
 .debug_abbrev  0x0000122a       0x24 ./Core/Startup/startup_stm32h750vbtx.o
 .debug_abbrev  0x0000124e      0x278 ./Drivers/STM32H7xx_HAL_Driver/Src/stm32h7xx_hal.o
 .debug_abbrev  0x000014c6      0x2af ./Drivers/STM32H7xx_HAL_Driver/Src/stm32h7xx_hal_adc.o
 .debug_abbrev  0x00001775      0x2f8 ./Drivers/STM32H7xx_HAL_Driver/Src/stm32h7xx_hal_adc_ex.o
 .debug_abbrev  0x00001a6d      0x355 ./Drivers/STM32H7xx_HAL_Driver/Src/stm32h7xx_hal_cortex.o
 .debug_abbrev  0x00001dc2      0x25d ./Drivers/STM32H7xx_HAL_Driver/Src/stm32h7xx_hal_dma.o
 .debug_abbrev  0x0000201f      0x2a3 ./Drivers/STM32H7xx_HAL_Driver/Src/stm32h7xx_hal_fdcan.o
 .debug_abbrev  0x000022c2      0x222 ./Drivers/STM32H7xx_HAL_Driver/Src/stm32h7xx_hal_gpio.o
 .debug_abbrev  0x000024e4      0x2c3 ./Drivers/STM32H7xx_HAL_Driver/Src/stm32h7xx_hal_pwr_ex.o
 .debug_abbrev  0x000027a7      0x2dd ./Drivers/STM32H7xx_HAL_Driver/Src/stm32h7xx_hal_rcc.o
 .debug_abbrev  0x00002a84      0x285 ./Drivers/STM32H7xx_HAL_Driver/Src/stm32h7xx_hal_rcc_ex.o
 .debug_abbrev  0x00002d09      0x2c6 ./Drivers/STM32H7xx_HAL_Driver/Src/stm32h7xx_hal_spi.o
 .debug_abbrev  0x00002fcf      0x273 ./Drivers/STM32H7xx_HAL_Driver/Src/stm32h7xx_hal_tim.o
 .debug_abbrev  0x00003242      0x27d ./Drivers/STM32H7xx_HAL_Driver/Src/stm32h7xx_hal_tim_ex.o
 .debug_abbrev  0x000034bf      0x33d ./Drivers/STM32H7xx_HAL_Driver/Src/stm32h7xx_hal_uart.o
 .debug_abbrev  0x000037fc      0x2e8 ./Drivers/STM32H7xx_HAL_Driver/Src/stm32h7xx_hal_uart_ex.o

.debug_aranges  0x00000000     0x1b80
 .debug_aranges
                0x00000000       0x28 ./Core/Src/Analog.o
 .debug_aranges
                0x00000028       0xa8 ./Core/Src/Controller.o
 .debug_aranges
                0x000000d0       0x28 ./Core/Src/LPF.o
 .debug_aranges
                0x000000f8       0x30 ./Core/Src/Machine.o
 .debug_aranges
                0x00000128       0x70 ./Core/Src/Uart.o
 .debug_aranges
                0x00000198       0x98 ./Core/Src/main.o
 .debug_aranges
                0x00000230       0x78 ./Core/Src/stm32h7xx_hal_msp.o
 .debug_aranges
                0x000002a8       0x90 ./Core/Src/stm32h7xx_it.o
 .debug_aranges
                0x00000338       0x30 ./Core/Src/system_stm32h7xx.o
 .debug_aranges
                0x00000368       0x28 ./Core/Startup/startup_stm32h750vbtx.o
 .debug_aranges
                0x00000390      0x198 ./Drivers/STM32H7xx_HAL_Driver/Src/stm32h7xx_hal.o
 .debug_aranges
                0x00000528      0x238 ./Drivers/STM32H7xx_HAL_Driver/Src/stm32h7xx_hal_adc.o
 .debug_aranges
                0x00000760      0x1e8 ./Drivers/STM32H7xx_HAL_Driver/Src/stm32h7xx_hal_adc_ex.o
 .debug_aranges
                0x00000948      0x130 ./Drivers/STM32H7xx_HAL_Driver/Src/stm32h7xx_hal_cortex.o
 .debug_aranges
                0x00000a78       0xa0 ./Drivers/STM32H7xx_HAL_Driver/Src/stm32h7xx_hal_dma.o
 .debug_aranges
                0x00000b18      0x338 ./Drivers/STM32H7xx_HAL_Driver/Src/stm32h7xx_hal_fdcan.o
 .debug_aranges
                0x00000e50       0x58 ./Drivers/STM32H7xx_HAL_Driver/Src/stm32h7xx_hal_gpio.o
 .debug_aranges
                0x00000ea8      0x158 ./Drivers/STM32H7xx_HAL_Driver/Src/stm32h7xx_hal_pwr_ex.o
 .debug_aranges
                0x00001000       0x88 ./Drivers/STM32H7xx_HAL_Driver/Src/stm32h7xx_hal_rcc.o
 .debug_aranges
                0x00001088       0xf8 ./Drivers/STM32H7xx_HAL_Driver/Src/stm32h7xx_hal_rcc_ex.o
 .debug_aranges
                0x00001180      0x1a8 ./Drivers/STM32H7xx_HAL_Driver/Src/stm32h7xx_hal_spi.o
 .debug_aranges
                0x00001328      0x3e0 ./Drivers/STM32H7xx_HAL_Driver/Src/stm32h7xx_hal_tim.o
 .debug_aranges
                0x00001708      0x188 ./Drivers/STM32H7xx_HAL_Driver/Src/stm32h7xx_hal_tim_ex.o
 .debug_aranges
                0x00001890      0x248 ./Drivers/STM32H7xx_HAL_Driver/Src/stm32h7xx_hal_uart.o
 .debug_aranges
                0x00001ad8       0xa8 ./Drivers/STM32H7xx_HAL_Driver/Src/stm32h7xx_hal_uart_ex.o

.debug_rnglists
                0x00000000     0x15a4
 .debug_rnglists
                0x00000000       0x1b ./Core/Src/Analog.o
 .debug_rnglists
                0x0000001b       0x84 ./Core/Src/Controller.o
 .debug_rnglists
                0x0000009f       0x1b ./Core/Src/LPF.o
 .debug_rnglists
                0x000000ba       0x20 ./Core/Src/Machine.o
 .debug_rnglists
                0x000000da       0x50 ./Core/Src/Uart.o
 .debug_rnglists
                0x0000012a       0x78 ./Core/Src/main.o
 .debug_rnglists
                0x000001a2       0x5b ./Core/Src/stm32h7xx_hal_msp.o
 .debug_rnglists
                0x000001fd       0x67 ./Core/Src/stm32h7xx_it.o
 .debug_rnglists
                0x00000264       0x21 ./Core/Src/system_stm32h7xx.o
 .debug_rnglists
                0x00000285       0x19 ./Core/Startup/startup_stm32h750vbtx.o
 .debug_rnglists
                0x0000029e      0x133 ./Drivers/STM32H7xx_HAL_Driver/Src/stm32h7xx_hal.o
 .debug_rnglists
                0x000003d1      0x1b7 ./Drivers/STM32H7xx_HAL_Driver/Src/stm32h7xx_hal_adc.o
 .debug_rnglists
                0x00000588      0x17e ./Drivers/STM32H7xx_HAL_Driver/Src/stm32h7xx_hal_adc_ex.o
 .debug_rnglists
                0x00000706       0xe2 ./Drivers/STM32H7xx_HAL_Driver/Src/stm32h7xx_hal_cortex.o
 .debug_rnglists
                0x000007e8       0x82 ./Drivers/STM32H7xx_HAL_Driver/Src/stm32h7xx_hal_dma.o
 .debug_rnglists
                0x0000086a      0x292 ./Drivers/STM32H7xx_HAL_Driver/Src/stm32h7xx_hal_fdcan.o
 .debug_rnglists
                0x00000afc       0x40 ./Drivers/STM32H7xx_HAL_Driver/Src/stm32h7xx_hal_gpio.o
 .debug_rnglists
                0x00000b3c      0x105 ./Drivers/STM32H7xx_HAL_Driver/Src/stm32h7xx_hal_pwr_ex.o
 .debug_rnglists
                0x00000c41       0x68 ./Drivers/STM32H7xx_HAL_Driver/Src/stm32h7xx_hal_rcc.o
 .debug_rnglists
                0x00000ca9       0xc0 ./Drivers/STM32H7xx_HAL_Driver/Src/stm32h7xx_hal_rcc_ex.o
 .debug_rnglists
                0x00000d69      0x149 ./Drivers/STM32H7xx_HAL_Driver/Src/stm32h7xx_hal_spi.o
 .debug_rnglists
                0x00000eb2      0x32f ./Drivers/STM32H7xx_HAL_Driver/Src/stm32h7xx_hal_tim.o
 .debug_rnglists
                0x000011e1      0x144 ./Drivers/STM32H7xx_HAL_Driver/Src/stm32h7xx_hal_tim_ex.o
 .debug_rnglists
                0x00001325      0x1fc ./Drivers/STM32H7xx_HAL_Driver/Src/stm32h7xx_hal_uart.o
 .debug_rnglists
                0x00001521       0x83 ./Drivers/STM32H7xx_HAL_Driver/Src/stm32h7xx_hal_uart_ex.o

.debug_macro    0x00000000    0x3ca84
 .debug_macro   0x00000000      0x332 ./Core/Src/Analog.o
 .debug_macro   0x00000332      0xaf6 ./Core/Src/Analog.o
 .debug_macro   0x00000e28      0x251 ./Core/Src/Analog.o
 .debug_macro   0x00001079       0x2e ./Core/Src/Analog.o
 .debug_macro   0x000010a7       0x3b ./Core/Src/Analog.o
 .debug_macro   0x000010e2       0x22 ./Core/Src/Analog.o
 .debug_macro   0x00001104       0x8e ./Core/Src/Analog.o
 .debug_macro   0x00001192       0x51 ./Core/Src/Analog.o
 .debug_macro   0x000011e3      0x103 ./Core/Src/Analog.o
 .debug_macro   0x000012e6       0x6a ./Core/Src/Analog.o
 .debug_macro   0x00001350      0x1df ./Core/Src/Analog.o
 .debug_macro   0x0000152f       0x1c ./Core/Src/Analog.o
 .debug_macro   0x0000154b       0x22 ./Core/Src/Analog.o
 .debug_macro   0x0000156d       0xfb ./Core/Src/Analog.o
 .debug_macro   0x00001668     0x1305 ./Core/Src/Analog.o
 .debug_macro   0x0000296d      0x11f ./Core/Src/Analog.o
 .debug_macro   0x00002a8c       0x27 ./Core/Src/Analog.o
 .debug_macro   0x00002ab3    0x26197 ./Core/Src/Analog.o
 .debug_macro   0x00028c4a       0x6d ./Core/Src/Analog.o
 .debug_macro   0x00028cb7     0x3d79 ./Core/Src/Analog.o
 .debug_macro   0x0002ca30      0x190 ./Core/Src/Analog.o
 .debug_macro   0x0002cbc0       0x61 ./Core/Src/Analog.o
 .debug_macro   0x0002cc21       0x29 ./Core/Src/Analog.o
 .debug_macro   0x0002cc4a       0x43 ./Core/Src/Analog.o
 .debug_macro   0x0002cc8d       0x34 ./Core/Src/Analog.o
 .debug_macro   0x0002ccc1      0x364 ./Core/Src/Analog.o
 .debug_macro   0x0002d025       0x16 ./Core/Src/Analog.o
 .debug_macro   0x0002d03b       0x4a ./Core/Src/Analog.o
 .debug_macro   0x0002d085       0x34 ./Core/Src/Analog.o
 .debug_macro   0x0002d0b9       0x10 ./Core/Src/Analog.o
 .debug_macro   0x0002d0c9       0x58 ./Core/Src/Analog.o
 .debug_macro   0x0002d121       0x8e ./Core/Src/Analog.o
 .debug_macro   0x0002d1af       0x1c ./Core/Src/Analog.o
 .debug_macro   0x0002d1cb      0x17e ./Core/Src/Analog.o
 .debug_macro   0x0002d349      0x19b ./Core/Src/Analog.o
 .debug_macro   0x0002d4e4       0x5d ./Core/Src/Analog.o
 .debug_macro   0x0002d541     0x240e ./Core/Src/Analog.o
 .debug_macro   0x0002f94f     0x102c ./Core/Src/Analog.o
 .debug_macro   0x0003097b      0x154 ./Core/Src/Analog.o
 .debug_macro   0x00030acf      0x114 ./Core/Src/Analog.o
 .debug_macro   0x00030be3      0x3b6 ./Core/Src/Analog.o
 .debug_macro   0x00030f99       0xac ./Core/Src/Analog.o
 .debug_macro   0x00031045      0x72d ./Core/Src/Analog.o
 .debug_macro   0x00031772      0x228 ./Core/Src/Analog.o
 .debug_macro   0x0003199a       0x66 ./Core/Src/Analog.o
 .debug_macro   0x00031a00      0x3bb ./Core/Src/Analog.o
 .debug_macro   0x00031dbb      0x3e4 ./Core/Src/Analog.o
 .debug_macro   0x0003219f      0x275 ./Core/Src/Analog.o
 .debug_macro   0x00032414     0x1044 ./Core/Src/Analog.o
 .debug_macro   0x00033458      0x6cc ./Core/Src/Analog.o
 .debug_macro   0x00033b24      0x383 ./Core/Src/Analog.o
 .debug_macro   0x00033ea7      0xe42 ./Core/Src/Analog.o
 .debug_macro   0x00034ce9      0x3ca ./Core/Src/Analog.o
 .debug_macro   0x000350b3      0x3de ./Core/Src/Analog.o
 .debug_macro   0x00035491       0x3c ./Core/Src/Analog.o
 .debug_macro   0x000354cd       0x4a ./Core/Src/Analog.o
 .debug_macro   0x00035517      0x22c ./Core/Src/Analog.o
 .debug_macro   0x00035743       0x67 ./Core/Src/Analog.o
 .debug_macro   0x000357aa       0xa5 ./Core/Src/Analog.o
 .debug_macro   0x0003584f      0x1c4 ./Core/Src/Analog.o
 .debug_macro   0x00035a13      0x25e ./Core/Src/Analog.o
 .debug_macro   0x00035c71       0x35 ./Core/Src/Analog.o
 .debug_macro   0x00035ca6      0x5e4 ./Core/Src/Analog.o
 .debug_macro   0x0003628a       0xc1 ./Core/Src/Analog.o
 .debug_macro   0x0003634b      0xafa ./Core/Src/Analog.o
 .debug_macro   0x00036e45      0x29f ./Core/Src/Analog.o
 .debug_macro   0x000370e4      0x693 ./Core/Src/Analog.o
 .debug_macro   0x00037777       0xa6 ./Core/Src/Analog.o
 .debug_macro   0x0003781d      0x5ac ./Core/Src/Analog.o
 .debug_macro   0x00037dc9      0x185 ./Core/Src/Analog.o
 .debug_macro   0x00037f4e       0x1c ./Core/Src/Analog.o
 .debug_macro   0x00037f6a       0x3c ./Core/Src/Analog.o
 .debug_macro   0x00037fa6       0x10 ./Core/Src/Analog.o
 .debug_macro   0x00037fb6       0x1c ./Core/Src/Analog.o
 .debug_macro   0x00037fd2       0x16 ./Core/Src/Analog.o
 .debug_macro   0x00037fe8      0x146 ./Core/Src/Analog.o
 .debug_macro   0x0003812e      0x332 ./Core/Src/Controller.o
 .debug_macro   0x00038460      0x2fe ./Core/Src/LPF.o
 .debug_macro   0x0003875e      0x360 ./Core/Src/Machine.o
 .debug_macro   0x00038abe       0x5b ./Core/Src/Machine.o
 .debug_macro   0x00038b19       0x94 ./Core/Src/Machine.o
 .debug_macro   0x00038bad       0x57 ./Core/Src/Machine.o
 .debug_macro   0x00038c04       0x16 ./Core/Src/Machine.o
 .debug_macro   0x00038c1a       0x16 ./Core/Src/Machine.o
 .debug_macro   0x00038c30       0x29 ./Core/Src/Machine.o
 .debug_macro   0x00038c59      0x334 ./Core/Src/Uart.o
 .debug_macro   0x00038f8d       0x16 ./Core/Src/Uart.o
 .debug_macro   0x00038fa3       0x20 ./Core/Src/Uart.o
 .debug_macro   0x00038fc3      0x396 ./Core/Src/main.o
 .debug_macro   0x00039359      0x2fe ./Core/Src/stm32h7xx_hal_msp.o
 .debug_macro   0x00039657      0x308 ./Core/Src/stm32h7xx_it.o
 .debug_macro   0x0003995f      0x2ef ./Core/Src/system_stm32h7xx.o
 .debug_macro   0x00039c4e      0x319 ./Drivers/STM32H7xx_HAL_Driver/Src/stm32h7xx_hal.o
 .debug_macro   0x00039f67      0x313 ./Drivers/STM32H7xx_HAL_Driver/Src/stm32h7xx_hal_adc.o
 .debug_macro   0x0003a27a      0x2fb ./Drivers/STM32H7xx_HAL_Driver/Src/stm32h7xx_hal_adc_ex.o
 .debug_macro   0x0003a575      0x2ef ./Drivers/STM32H7xx_HAL_Driver/Src/stm32h7xx_hal_cortex.o
 .debug_macro   0x0003a864      0x343 ./Drivers/STM32H7xx_HAL_Driver/Src/stm32h7xx_hal_dma.o
 .debug_macro   0x0003aba7      0x3b4 ./Drivers/STM32H7xx_HAL_Driver/Src/stm32h7xx_hal_fdcan.o
 .debug_macro   0x0003af5b      0x2f6 ./Drivers/STM32H7xx_HAL_Driver/Src/stm32h7xx_hal_gpio.o
 .debug_macro   0x0003b251      0x328 ./Drivers/STM32H7xx_HAL_Driver/Src/stm32h7xx_hal_pwr_ex.o
 .debug_macro   0x0003b579      0x313 ./Drivers/STM32H7xx_HAL_Driver/Src/stm32h7xx_hal_rcc.o
 .debug_macro   0x0003b88c      0x30d ./Drivers/STM32H7xx_HAL_Driver/Src/stm32h7xx_hal_rcc_ex.o
 .debug_macro   0x0003bb99      0x2f7 ./Drivers/STM32H7xx_HAL_Driver/Src/stm32h7xx_hal_spi.o
 .debug_macro   0x0003be90      0x2f0 ./Drivers/STM32H7xx_HAL_Driver/Src/stm32h7xx_hal_tim.o
 .debug_macro   0x0003c180      0x2ef ./Drivers/STM32H7xx_HAL_Driver/Src/stm32h7xx_hal_tim_ex.o
 .debug_macro   0x0003c46f      0x31a ./Drivers/STM32H7xx_HAL_Driver/Src/stm32h7xx_hal_uart.o
 .debug_macro   0x0003c789      0x2fb ./Drivers/STM32H7xx_HAL_Driver/Src/stm32h7xx_hal_uart_ex.o

.debug_line     0x00000000    0x2c145
 .debug_line    0x00000000      0xb53 ./Core/Src/Analog.o
 .debug_line    0x00000b53     0x1350 ./Core/Src/Controller.o
 .debug_line    0x00001ea3      0xaf2 ./Core/Src/LPF.o
 .debug_line    0x00002995      0xb49 ./Core/Src/Machine.o
 .debug_line    0x000034de      0xcc6 ./Core/Src/Uart.o
 .debug_line    0x000041a4     0x10f2 ./Core/Src/main.o
 .debug_line    0x00005296      0xd4b ./Core/Src/stm32h7xx_hal_msp.o
 .debug_line    0x00005fe1      0xb83 ./Core/Src/stm32h7xx_it.o
 .debug_line    0x00006b64      0xc43 ./Core/Src/system_stm32h7xx.o
 .debug_line    0x000077a7       0x7b ./Core/Startup/startup_stm32h750vbtx.o
 .debug_line    0x00007822     0x15e0 ./Drivers/STM32H7xx_HAL_Driver/Src/stm32h7xx_hal.o
 .debug_line    0x00008e02     0x2bea ./Drivers/STM32H7xx_HAL_Driver/Src/stm32h7xx_hal_adc.o
 .debug_line    0x0000b9ec     0x2682 ./Drivers/STM32H7xx_HAL_Driver/Src/stm32h7xx_hal_adc_ex.o
 .debug_line    0x0000e06e     0x129b ./Drivers/STM32H7xx_HAL_Driver/Src/stm32h7xx_hal_cortex.o
 .debug_line    0x0000f309     0x2b30 ./Drivers/STM32H7xx_HAL_Driver/Src/stm32h7xx_hal_dma.o
 .debug_line    0x00011e39     0x3622 ./Drivers/STM32H7xx_HAL_Driver/Src/stm32h7xx_hal_fdcan.o
 .debug_line    0x0001545b     0x1052 ./Drivers/STM32H7xx_HAL_Driver/Src/stm32h7xx_hal_gpio.o
 .debug_line    0x000164ad     0x139a ./Drivers/STM32H7xx_HAL_Driver/Src/stm32h7xx_hal_pwr_ex.o
 .debug_line    0x00017847     0x1a91 ./Drivers/STM32H7xx_HAL_Driver/Src/stm32h7xx_hal_rcc.o
 .debug_line    0x000192d8     0x2318 ./Drivers/STM32H7xx_HAL_Driver/Src/stm32h7xx_hal_rcc_ex.o
 .debug_line    0x0001b5f0     0x2622 ./Drivers/STM32H7xx_HAL_Driver/Src/stm32h7xx_hal_spi.o
 .debug_line    0x0001dc12     0x6bb7 ./Drivers/STM32H7xx_HAL_Driver/Src/stm32h7xx_hal_tim.o
 .debug_line    0x000247c9     0x2ab7 ./Drivers/STM32H7xx_HAL_Driver/Src/stm32h7xx_hal_tim_ex.o
 .debug_line    0x00027280     0x3d7a ./Drivers/STM32H7xx_HAL_Driver/Src/stm32h7xx_hal_uart.o
 .debug_line    0x0002affa     0x114b ./Drivers/STM32H7xx_HAL_Driver/Src/stm32h7xx_hal_uart_ex.o

.debug_str      0x00000000   0x189897
 .debug_str     0x00000000   0x189897 ./Core/Src/Analog.o
                             0x17f64f (size before relaxing)
 .debug_str     0x00189897   0x17f8a8 ./Core/Src/Controller.o
 .debug_str     0x00189897   0x17eecc ./Core/Src/LPF.o
 .debug_str     0x00189897   0x18001d ./Core/Src/Machine.o
 .debug_str     0x00189897   0x17f938 ./Core/Src/Uart.o
 .debug_str     0x00189897   0x18255a ./Core/Src/main.o
 .debug_str     0x00189897   0x1810ba ./Core/Src/stm32h7xx_hal_msp.o
 .debug_str     0x00189897   0x17f8e6 ./Core/Src/stm32h7xx_it.o
 .debug_str     0x00189897   0x17ef9f ./Core/Src/system_stm32h7xx.o
 .debug_str     0x00189897       0x51 ./Core/Startup/startup_stm32h750vbtx.o
 .debug_str     0x00189897   0x17fe93 ./Drivers/STM32H7xx_HAL_Driver/Src/stm32h7xx_hal.o
 .debug_str     0x00189897   0x17fd40 ./Drivers/STM32H7xx_HAL_Driver/Src/stm32h7xx_hal_adc.o
 .debug_str     0x00189897   0x17fd7f ./Drivers/STM32H7xx_HAL_Driver/Src/stm32h7xx_hal_adc_ex.o
 .debug_str     0x00189897   0x17f8e2 ./Drivers/STM32H7xx_HAL_Driver/Src/stm32h7xx_hal_cortex.o
 .debug_str     0x00189897   0x17f6a8 ./Drivers/STM32H7xx_HAL_Driver/Src/stm32h7xx_hal_dma.o
 .debug_str     0x00189897   0x180c5c ./Drivers/STM32H7xx_HAL_Driver/Src/stm32h7xx_hal_fdcan.o
 .debug_str     0x00189897   0x17ef37 ./Drivers/STM32H7xx_HAL_Driver/Src/stm32h7xx_hal_gpio.o
 .debug_str     0x00189897   0x17f3e6 ./Drivers/STM32H7xx_HAL_Driver/Src/stm32h7xx_hal_pwr_ex.o
 .debug_str     0x00189897   0x17f309 ./Drivers/STM32H7xx_HAL_Driver/Src/stm32h7xx_hal_rcc.o
 .debug_str     0x00189897   0x17f7ea ./Drivers/STM32H7xx_HAL_Driver/Src/stm32h7xx_hal_rcc_ex.o
 .debug_str     0x00189897   0x17f62d ./Drivers/STM32H7xx_HAL_Driver/Src/stm32h7xx_hal_spi.o
 .debug_str     0x00189897   0x1800ba ./Drivers/STM32H7xx_HAL_Driver/Src/stm32h7xx_hal_tim.o
 .debug_str     0x00189897   0x17f9e2 ./Drivers/STM32H7xx_HAL_Driver/Src/stm32h7xx_hal_tim_ex.o
 .debug_str     0x00189897   0x17fe4a ./Drivers/STM32H7xx_HAL_Driver/Src/stm32h7xx_hal_uart.o
 .debug_str     0x00189897   0x17f40a ./Drivers/STM32H7xx_HAL_Driver/Src/stm32h7xx_hal_uart_ex.o

.comment        0x00000000       0x43
 .comment       0x00000000       0x43 ./Core/Src/Analog.o
                                 0x44 (size before relaxing)
 .comment       0x00000043       0x44 ./Core/Src/Controller.o
 .comment       0x00000043       0x44 ./Core/Src/LPF.o
 .comment       0x00000043       0x44 ./Core/Src/Machine.o
 .comment       0x00000043       0x44 ./Core/Src/Uart.o
 .comment       0x00000043       0x44 ./Core/Src/main.o
 .comment       0x00000043       0x44 ./Core/Src/stm32h7xx_hal_msp.o
 .comment       0x00000043       0x44 ./Core/Src/stm32h7xx_it.o
 .comment       0x00000043       0x44 ./Core/Src/system_stm32h7xx.o
 .comment       0x00000043       0x44 ./Drivers/STM32H7xx_HAL_Driver/Src/stm32h7xx_hal.o
 .comment       0x00000043       0x44 ./Drivers/STM32H7xx_HAL_Driver/Src/stm32h7xx_hal_adc.o
 .comment       0x00000043       0x44 ./Drivers/STM32H7xx_HAL_Driver/Src/stm32h7xx_hal_adc_ex.o
 .comment       0x00000043       0x44 ./Drivers/STM32H7xx_HAL_Driver/Src/stm32h7xx_hal_cortex.o
 .comment       0x00000043       0x44 ./Drivers/STM32H7xx_HAL_Driver/Src/stm32h7xx_hal_dma.o
 .comment       0x00000043       0x44 ./Drivers/STM32H7xx_HAL_Driver/Src/stm32h7xx_hal_fdcan.o
 .comment       0x00000043       0x44 ./Drivers/STM32H7xx_HAL_Driver/Src/stm32h7xx_hal_gpio.o
 .comment       0x00000043       0x44 ./Drivers/STM32H7xx_HAL_Driver/Src/stm32h7xx_hal_pwr_ex.o
 .comment       0x00000043       0x44 ./Drivers/STM32H7xx_HAL_Driver/Src/stm32h7xx_hal_rcc.o
 .comment       0x00000043       0x44 ./Drivers/STM32H7xx_HAL_Driver/Src/stm32h7xx_hal_rcc_ex.o
 .comment       0x00000043       0x44 ./Drivers/STM32H7xx_HAL_Driver/Src/stm32h7xx_hal_spi.o
 .comment       0x00000043       0x44 ./Drivers/STM32H7xx_HAL_Driver/Src/stm32h7xx_hal_tim.o
 .comment       0x00000043       0x44 ./Drivers/STM32H7xx_HAL_Driver/Src/stm32h7xx_hal_tim_ex.o
 .comment       0x00000043       0x44 ./Drivers/STM32H7xx_HAL_Driver/Src/stm32h7xx_hal_uart.o
 .comment       0x00000043       0x44 ./Drivers/STM32H7xx_HAL_Driver/Src/stm32h7xx_hal_uart_ex.o

.debug_frame    0x00000000     0x721c
 .debug_frame   0x00000000       0x58 ./Core/Src/Analog.o
 .debug_frame   0x00000058      0x2d4 ./Core/Src/Controller.o
 .debug_frame   0x0000032c       0x58 ./Core/Src/LPF.o
 .debug_frame   0x00000384       0x74 ./Core/Src/Machine.o
 .debug_frame   0x000003f8      0x190 ./Core/Src/Uart.o
 .debug_frame   0x00000588      0x224 ./Core/Src/main.o
 .debug_frame   0x000007ac      0x1d0 ./Core/Src/stm32h7xx_hal_msp.o
 .debug_frame   0x0000097c      0x1a0 ./Core/Src/stm32h7xx_it.o
 .debug_frame   0x00000b1c       0x6c ./Core/Src/system_stm32h7xx.o
 .debug_frame   0x00000b88      0x5f0 ./Drivers/STM32H7xx_HAL_Driver/Src/stm32h7xx_hal.o
 .debug_frame   0x00001178      0x9b8 ./Drivers/STM32H7xx_HAL_Driver/Src/stm32h7xx_hal_adc.o
 .debug_frame   0x00001b30      0x850 ./Drivers/STM32H7xx_HAL_Driver/Src/stm32h7xx_hal_adc_ex.o
 .debug_frame   0x00002380      0x4bc ./Drivers/STM32H7xx_HAL_Driver/Src/stm32h7xx_hal_cortex.o
 .debug_frame   0x0000283c      0x294 ./Drivers/STM32H7xx_HAL_Driver/Src/stm32h7xx_hal_dma.o
 .debug_frame   0x00002ad0      0xe3c ./Drivers/STM32H7xx_HAL_Driver/Src/stm32h7xx_hal_fdcan.o
 .debug_frame   0x0000390c      0x138 ./Drivers/STM32H7xx_HAL_Driver/Src/stm32h7xx_hal_gpio.o
 .debug_frame   0x00003a44      0x504 ./Drivers/STM32H7xx_HAL_Driver/Src/stm32h7xx_hal_pwr_ex.o
 .debug_frame   0x00003f48      0x1e4 ./Drivers/STM32H7xx_HAL_Driver/Src/stm32h7xx_hal_rcc.o
 .debug_frame   0x0000412c      0x3dc ./Drivers/STM32H7xx_HAL_Driver/Src/stm32h7xx_hal_rcc_ex.o
 .debug_frame   0x00004508      0x73c ./Drivers/STM32H7xx_HAL_Driver/Src/stm32h7xx_hal_spi.o
 .debug_frame   0x00004c44     0x11a0 ./Drivers/STM32H7xx_HAL_Driver/Src/stm32h7xx_hal_tim.o
 .debug_frame   0x00005de4      0x6ac ./Drivers/STM32H7xx_HAL_Driver/Src/stm32h7xx_hal_tim_ex.o
 .debug_frame   0x00006490      0xa1c ./Drivers/STM32H7xx_HAL_Driver/Src/stm32h7xx_hal_uart.o
 .debug_frame   0x00006eac      0x29c ./Drivers/STM32H7xx_HAL_Driver/Src/stm32h7xx_hal_uart_ex.o
 .debug_frame   0x00007148       0x20 D:/Phan mem cubeide/STM32CubeIDE_1.16.1/STM32CubeIDE/plugins/com.st.stm32cube.ide.mcu.externaltools.gnu-tools-for-stm32.14.3.rel1.win32_1.0.100.202602081740/tools/bin/../lib/gcc/arm-none-eabi/14.3.1/../../../../arm-none-eabi/lib/thumb/v7e-m+dp/hard\libc_nano.a(libc_a-memset.o)
 .debug_frame   0x00007168       0x2c D:/Phan mem cubeide/STM32CubeIDE_1.16.1/STM32CubeIDE/plugins/com.st.stm32cube.ide.mcu.externaltools.gnu-tools-for-stm32.14.3.rel1.win32_1.0.100.202602081740/tools/bin/../lib/gcc/arm-none-eabi/14.3.1/../../../../arm-none-eabi/lib/thumb/v7e-m+dp/hard\libc_nano.a(libc_a-init.o)
 .debug_frame   0x00007194       0x28 D:/Phan mem cubeide/STM32CubeIDE_1.16.1/STM32CubeIDE/plugins/com.st.stm32cube.ide.mcu.externaltools.gnu-tools-for-stm32.14.3.rel1.win32_1.0.100.202602081740/tools/bin/../lib/gcc/arm-none-eabi/14.3.1/../../../../arm-none-eabi/lib/thumb/v7e-m+dp/hard\libc_nano.a(libc_a-memcpy-stub.o)
 .debug_frame   0x000071bc       0x2c D:/Phan mem cubeide/STM32CubeIDE_1.16.1/STM32CubeIDE/plugins/com.st.stm32cube.ide.mcu.externaltools.gnu-tools-for-stm32.14.3.rel1.win32_1.0.100.202602081740/tools/bin/../lib/gcc/arm-none-eabi/14.3.1/thumb/v7e-m+dp/hard\libgcc.a(_aeabi_uldivmod.o)