Component: ARM Compiler 5.06 update 6 (build 750) Tool: armlink [4d35ed]

==============================================================================

Section Cross References

    startup_stm32h750xx.o(STACK) refers (Special) to heapauxi.o(.text) for __use_two_region_memory
    startup_stm32h750xx.o(HEAP) refers (Special) to heapauxi.o(.text) for __use_two_region_memory
    startup_stm32h750xx.o(RESET) refers (Special) to heapauxi.o(.text) for __use_two_region_memory
    startup_stm32h750xx.o(RESET) refers to startup_stm32h750xx.o(STACK) for __initial_sp
    startup_stm32h750xx.o(RESET) refers to startup_stm32h750xx.o(.text) for Reset_Handler
    startup_stm32h750xx.o(RESET) refers to stm32h7xx_it.o(i.NMI_Handler) for NMI_Handler
    startup_stm32h750xx.o(RESET) refers to stm32h7xx_it.o(i.HardFault_Handler) for HardFault_Handler
    startup_stm32h750xx.o(RESET) refers to stm32h7xx_it.o(i.MemManage_Handler) for MemManage_Handler
    startup_stm32h750xx.o(RESET) refers to stm32h7xx_it.o(i.BusFault_Handler) for BusFault_Handler
    startup_stm32h750xx.o(RESET) refers to stm32h7xx_it.o(i.UsageFault_Handler) for UsageFault_Handler
    startup_stm32h750xx.o(RESET) refers to stm32h7xx_it.o(i.SVC_Handler) for SVC_Handler
    startup_stm32h750xx.o(RESET) refers to stm32h7xx_it.o(i.DebugMon_Handler) for DebugMon_Handler
    startup_stm32h750xx.o(RESET) refers to stm32h7xx_it.o(i.PendSV_Handler) for PendSV_Handler
    startup_stm32h750xx.o(RESET) refers to stm32h7xx_it.o(i.SysTick_Handler) for SysTick_Handler
    startup_stm32h750xx.o(RESET) refers to stm32h7xx_it.o(i.DMA1_Stream0_IRQHandler) for DMA1_Stream0_IRQHandler
    startup_stm32h750xx.o(RESET) refers to stm32h7xx_it.o(i.DMA1_Stream1_IRQHandler) for DMA1_Stream1_IRQHandler
    startup_stm32h750xx.o(RESET) refers to stm32h7xx_it.o(i.DMA1_Stream2_IRQHandler) for DMA1_Stream2_IRQHandler
    startup_stm32h750xx.o(RESET) refers to stm32h7xx_it.o(i.TIM2_IRQHandler) for TIM2_IRQHandler
    startup_stm32h750xx.o(RESET) refers to stm32h7xx_it.o(i.UART4_IRQHandler) for UART4_IRQHandler
    startup_stm32h750xx.o(.text) refers (Special) to heapauxi.o(.text) for __use_two_region_memory
    startup_stm32h750xx.o(.text) refers to system_stm32h7xx.o(i.ExitRun0Mode) for ExitRun0Mode
    startup_stm32h750xx.o(.text) refers to system_stm32h7xx.o(i.SystemInit) for SystemInit
    startup_stm32h750xx.o(.text) refers to __main.o(!!!main) for __main
    startup_stm32h750xx.o(.text) refers to startup_stm32h750xx.o(HEAP) for Heap_Mem
    startup_stm32h750xx.o(.text) refers to startup_stm32h750xx.o(STACK) for Stack_Mem
    main.o(i.HAL_TIM_PeriodElapsedCallback) refers to stm32h7xx_hal_gpio.o(i.HAL_GPIO_TogglePin) for HAL_GPIO_TogglePin
    main.o(i.HAL_TIM_PeriodElapsedCallback) refers to stm32h7xx_hal_adc.o(i.HAL_ADC_Start_DMA) for HAL_ADC_Start_DMA
    main.o(i.HAL_TIM_PeriodElapsedCallback) refers to lpf.o(i.fLPF_Run) for fLPF_Run
    main.o(i.HAL_TIM_PeriodElapsedCallback) refers to analog.o(i.vADC_Data_Handle) for vADC_Data_Handle
    main.o(i.HAL_TIM_PeriodElapsedCallback) refers to main.o(.data) for .data
    main.o(i.HAL_TIM_PeriodElapsedCallback) refers to main.o(.bss) for .bss
    main.o(i.MX_ADC1_Init) refers to rt_memclr_w.o(.text) for __aeabi_memclr4
    main.o(i.MX_ADC1_Init) refers to stm32h7xx_hal_adc.o(i.HAL_ADC_Init) for HAL_ADC_Init
    main.o(i.MX_ADC1_Init) refers to stm32h7xx_hal_adc_ex.o(i.HAL_ADCEx_MultiModeConfigChannel) for HAL_ADCEx_MultiModeConfigChannel
    main.o(i.MX_ADC1_Init) refers to stm32h7xx_hal_adc.o(i.HAL_ADC_ConfigChannel) for HAL_ADC_ConfigChannel
    main.o(i.MX_ADC1_Init) refers to main.o(.bss) for .bss
    main.o(i.MX_FDCAN1_Init) refers to stm32h7xx_hal_fdcan.o(i.HAL_FDCAN_Init) for HAL_FDCAN_Init
    main.o(i.MX_FDCAN1_Init) refers to main.o(.bss) for .bss
    main.o(i.MX_GPIO_Init) refers to rt_memclr_w.o(.text) for __aeabi_memclr4
    main.o(i.MX_GPIO_Init) refers to stm32h7xx_hal_gpio.o(i.HAL_GPIO_WritePin) for HAL_GPIO_WritePin
    main.o(i.MX_GPIO_Init) refers to stm32h7xx_hal_gpio.o(i.HAL_GPIO_Init) for HAL_GPIO_Init
    main.o(i.MX_SPI2_Init) refers to stm32h7xx_hal_spi.o(i.HAL_SPI_Init) for HAL_SPI_Init
    main.o(i.MX_SPI2_Init) refers to main.o(.bss) for .bss
    main.o(i.MX_TIM2_Init) refers to stm32h7xx_hal_tim.o(i.HAL_TIM_Base_Init) for HAL_TIM_Base_Init
    main.o(i.MX_TIM2_Init) refers to stm32h7xx_hal_tim.o(i.HAL_TIM_ConfigClockSource) for HAL_TIM_ConfigClockSource
    main.o(i.MX_TIM2_Init) refers to stm32h7xx_hal_tim_ex.o(i.HAL_TIMEx_MasterConfigSynchronization) for HAL_TIMEx_MasterConfigSynchronization
    main.o(i.MX_TIM2_Init) refers to main.o(.bss) for .bss
    main.o(i.MX_TIM4_Init) refers to rt_memclr_w.o(.text) for __aeabi_memclr4
    main.o(i.MX_TIM4_Init) refers to stm32h7xx_hal_tim.o(i.HAL_TIM_Base_Init) for HAL_TIM_Base_Init
    main.o(i.MX_TIM4_Init) refers to stm32h7xx_hal_tim.o(i.HAL_TIM_ConfigClockSource) for HAL_TIM_ConfigClockSource
[...]
    MX_TIM4_Init                             0x08008e49   Thumb Code   166  main.o(i.MX_TIM4_Init)
    i.MX_TIM8_Init                           0x08008ef8   Section        0  main.o(i.MX_TIM8_Init)
    MX_TIM8_Init                             0x08008ef9   Thumb Code   220  main.o(i.MX_TIM8_Init)
    i.MX_UART4_Init                          0x08008fdc   Section        0  main.o(i.MX_UART4_Init)
    MX_UART4_Init                            0x08008fdd   Thumb Code    90  main.o(i.MX_UART4_Init)
    i.MachineParameterConfig                 0x08009040   Section        0  machine.o(i.MachineParameterConfig)
    i.MemManage_Handler                      0x08009060   Section        0  stm32h7xx_it.o(i.MemManage_Handler)
    i.NMI_Handler                            0x08009062   Section        0  stm32h7xx_it.o(i.NMI_Handler)
    i.PendSV_Handler                         0x08009064   Section        0  stm32h7xx_it.o(i.PendSV_Handler)
    i.PeriphCommonClock_Config               0x08009066   Section        0  main.o(i.PeriphCommonClock_Config)
    i.RCCEx_PLL2_Config                      0x08009090   Section        0  stm32h7xx_hal_rcc_ex.o(i.RCCEx_PLL2_Config)
    RCCEx_PLL2_Config                        0x08009091   Thumb Code   432  stm32h7xx_hal_rcc_ex.o(i.RCCEx_PLL2_Config)
    i.RCCEx_PLL3_Config                      0x08009280   Section        0  stm32h7xx_hal_rcc_ex.o(i.RCCEx_PLL3_Config)
    RCCEx_PLL3_Config                        0x08009281   Thumb Code   440  stm32h7xx_hal_rcc_ex.o(i.RCCEx_PLL3_Config)
    i.SVC_Handler                            0x08009478   Section        0  stm32h7xx_it.o(i.SVC_Handler)
    i.StateMachine_Init                      0x0800947c   Section        0  machine.o(i.StateMachine_Init)
    i.SysTick_Handler                        0x08009488   Section        0  stm32h7xx_it.o(i.SysTick_Handler)
    i.SystemClock_Config                     0x0800948c   Section        0  main.o(i.SystemClock_Config)
    i.SystemInit                             0x08009534   Section        0  system_stm32h7xx.o(i.SystemInit)
    i.TIM2_IRQHandler                        0x0800962c   Section        0  stm32h7xx_it.o(i.TIM2_IRQHandler)
    i.TIM_Base_SetConfig                     0x08009638   Section        0  stm32h7xx_hal_tim.o(i.TIM_Base_SetConfig)
    i.TIM_CCxChannelCmd                      0x08009704   Section        0  stm32h7xx_hal_tim.o(i.TIM_CCxChannelCmd)
    i.TIM_ETR_SetConfig                      0x08009800   Section        0  stm32h7xx_hal_tim.o(i.TIM_ETR_SetConfig)
    i.TIM_ITRx_SetConfig                     0x08009814   Section        0  stm32h7xx_hal_tim.o(i.TIM_ITRx_SetConfig)
    TIM_ITRx_SetConfig                       0x08009815   Thumb Code    16  stm32h7xx_hal_tim.o(i.TIM_ITRx_SetConfig)
    i.TIM_OC1_SetConfig                      0x08009828   Section        0  stm32h7xx_hal_tim.o(i.TIM_OC1_SetConfig)
    TIM_OC1_SetConfig                        0x08009829   Thumb Code   206  stm32h7xx_hal_tim.o(i.TIM_OC1_SetConfig)
    i.TIM_OC2_SetConfig                      0x08009948   Section        0  stm32h7xx_hal_tim.o(i.TIM_OC2_SetConfig)
    i.TIM_OC3_SetConfig                      0x08009a5c   Section        0  stm32h7xx_hal_tim.o(i.TIM_OC3_SetConfig)
    TIM_OC3_SetConfig                        0x08009a5d   Thumb Code   194  stm32h7xx_hal_tim.o(i.TIM_OC3_SetConfig)
    i.TIM_OC4_SetConfig                      0x08009b70   Section        0  stm32h7xx_hal_tim.o(i.TIM_OC4_SetConfig)
    TIM_OC4_SetConfig                        0x08009b71   Thumb Code   126  stm32h7xx_hal_tim.o(i.TIM_OC4_SetConfig)
    i.TIM_OC5_SetConfig                      0x08009c40   Section        0  stm32h7xx_hal_tim.o(i.TIM_OC5_SetConfig)
    TIM_OC5_SetConfig                        0x08009c41   Thumb Code    90  stm32h7xx_hal_tim.o(i.TIM_OC5_SetConfig)
    i.TIM_OC6_SetConfig                      0x08009cb4   Section        0  stm32h7xx_hal_tim.o(i.TIM_OC6_SetConfig)
    TIM_OC6_SetConfig                        0x08009cb5   Thumb Code    90  stm32h7xx_hal_tim.o(i.TIM_OC6_SetConfig)
    i.TIM_TI1_ConfigInputStage               0x08009d28   Section        0  stm32h7xx_hal_tim.o(i.TIM_TI1_ConfigInputStage)
    TIM_TI1_ConfigInputStage                 0x08009d29   Thumb Code    34  stm32h7xx_hal_tim.o(i.TIM_TI1_ConfigInputStage)
    i.TIM_TI2_ConfigInputStage               0x08009d4a   Section        0  stm32h7xx_hal_tim.o(i.TIM_TI2_ConfigInputStage)
    TIM_TI2_ConfigInputStage                 0x08009d4b   Thumb Code    36  stm32h7xx_hal_tim.o(i.TIM_TI2_ConfigInputStage)
    i.UART4_DMA_Init                         0x08009d70   Section        0  uart.o(i.UART4_DMA_Init)
    i.UART4_IRQHandler                       0x08009d98   Section        0  stm32h7xx_it.o(i.UART4_IRQHandler)
    i.UART4_PackFrame                        0x08009da4   Section        0  uart.o(i.UART4_PackFrame)
    UART4_PackFrame                          0x08009da5   Thumb Code   260  uart.o(i.UART4_PackFrame)
    i.UART4_StartRxDMA                       0x08009ebc   Section        0  uart.o(i.UART4_StartRxDMA)
    i.UARTEx_SetNbDataToProcess              0x08009ef8   Section        0  stm32h7xx_hal_uart_ex.o(i.UARTEx_SetNbDataToProcess)
    UARTEx_SetNbDataToProcess                0x08009ef9   Thumb Code    62  stm32h7xx_hal_uart_ex.o(i.UARTEx_SetNbDataToProcess)
    i.UART_AdvFeatureConfig                  0x08009f3c   Section        0  stm32h7xx_hal_uart.o(i.UART_AdvFeatureConfig)
    i.UART_CheckIdleState                    0x0800a170   Section        0  stm32h7xx_hal_uart.o(i.UART_CheckIdleState)
    i.UART_DMAAbortOnError                   0x0800a21a   Section        0  stm32h7xx_hal_uart.o(i.UART_DMAAbortOnError)
    UART_DMAAbortOnError                     0x0800a21b   Thumb Code    16  stm32h7xx_hal_uart.o(i.UART_DMAAbortOnError)
    i.UART_DMAError                          0x0800a22a   Section        0  stm32h7xx_hal_uart.o(i.UART_DMAError)
    UART_DMAError                            0x0800a22b   Thumb Code    78  stm32h7xx_hal_uart.o(i.UART_DMAError)
    i.UART_DMAReceiveCplt                    0x0800a278   Section        0  stm32h7xx_hal_uart.o(i.UART_DMAReceiveCplt)
    UART_DMAReceiveCplt                      0x0800a279   Thumb Code   130  stm32h7xx_hal_uart.o(i.UART_DMAReceiveCplt)
    i.UART_DMARxHalfCplt                     0x0800a2fa   Section        0  stm32h7xx_hal_uart.o(i.UART_DMARxHalfCplt)
    UART_DMARxHalfCplt                       0x0800a2fb   Thumb Code    32  stm32h7xx_hal_uart.o(i.UART_DMARxHalfCplt)
    i.UART_DMATransmitCplt                   0x0800a31a   Section        0  stm32h7xx_hal_uart.o(i.UART_DMATransmitCplt)
    UART_DMATransmitCplt                     0x0800a31b   Thumb Code    64  stm32h7xx_hal_uart.o(i.UART_DMATransmitCplt)
    i.UART_DMATxHalfCplt                     0x0800a35a   Section        0  stm32h7xx_hal_uart.o(i.UART_DMATxHalfCplt)
    UART_DMATxHalfCplt                       0x0800a35b   Thumb Code    10  stm32h7xx_hal_uart.o(i.UART_DMATxHalfCplt)
    i.UART_EndRxTransfer                     0x0800a364   Section        0  stm32h7xx_hal_uart.o(i.UART_EndRxTransfer)
    UART_EndRxTransfer                       0x0800a365   Thumb Code    78  stm32h7xx_hal_uart.o(i.UART_EndRxTransfer)
    i.UART_EndTxTransfer                     0x0800a3b8   Section        0  stm32h7xx_hal_uart.o(i.UART_EndTxTransfer)
    UART_EndTxTransfer                       0x0800a3b9   Thumb Code    46  stm32h7xx_hal_uart.o(i.UART_EndTxTransfer)
    i.UART_SetConfig                         0x0800a3e8   Section        0  stm32h7xx_hal_uart.o(i.UART_SetConfig)
    i.UART_Start_Receive_DMA                 0x0800a910   Section        0  stm32h7xx_hal_uart.o(i.UART_Start_Receive_DMA)
    i.UART_WaitOnFlagUntilTimeout            0x0800a9b8   Section        0  stm32h7xx_hal_uart.o(i.UART_WaitOnFlagUntilTimeout)
    i.USER_UART_RxDataHandle                 0x0800aa4c   Section        0  uart.o(i.USER_UART_RxDataHandle)
    i.USER_UART_TxData                       0x0800aa80   Section        0  uart.o(i.USER_UART_TxData)
    i.UsageFault_Handler                     0x0800aacc   Section        0  stm32h7xx_it.o(i.UsageFault_Handler)
    i.__NVIC_SetPriority                     0x0800aace   Section        0  stm32h7xx_hal_cortex.o(i.__NVIC_SetPriority)
    __NVIC_SetPriority                       0x0800aacf   Thumb Code    34  stm32h7xx_hal_cortex.o(i.__NVIC_SetPriority)
    i.assert_failed                          0x0800aaf0   Section        0  main.o(i.assert_failed)
    i.fLPF_Run                               0x0800aaf2   Section        0  lpf.o(i.fLPF_Run)
    i.fuzzyInit                              0x0800ab38   Section        0  controller.o(i.fuzzyInit)
    i.main                                   0x0800ac6c   Section        0  main.o(i.main)
    i.update_data_RX                         0x0800aea0   Section        0  uart.o(i.update_data_RX)
    i.update_data_TX                         0x0800aeec   Section        0  uart.o(i.update_data_TX)
    i.vADC_Data_Handle                       0x0800af08   Section        0  analog.o(i.vADC_Data_Handle)
    i.vAdc_DataInit                          0x0800afd0   Section        0  analog.o(i.vAdc_DataInit)
    i.vLPF_Init                              0x0800b04c   Section        0  lpf.o(i.vLPF_Init)
    i.vPI_Init                               0x0800b0ec   Section        0  controller.o(i.vPI_Init)
    i.vUsart_DataInit                        0x0800b140   Section        0  uart.o(i.vUsart_DataInit)
    x$fpl$fpinit                             0x0800b16c   Section       10  fpinit.o(x$fpl$fpinit)
    $v0                                      0x0800b16c   Number         0  fpinit.o(x$fpl$fpinit)
    .constdata                               0x0800b176   Section        8  stm32h7xx_hal_dma.o(.constdata)
    flagBitshiftOffset                       0x0800b176   Data           8  stm32h7xx_hal_dma.o(.constdata)
    .constdata                               0x0800b180   Section       92  stm32h7xx_hal_fdcan.o(.constdata)
    DLCtoBytes                               0x0800b180   Data          16  stm32h7xx_hal_fdcan.o(.constdata)
    .constdata                               0x0800b1dc   Section       24  stm32h7xx_hal_uart.o(.constdata)
    .constdata                               0x0800b1f4   Section       16  stm32h7xx_hal_uart_ex.o(.constdata)
    numerator                                0x0800b1f4   Data           8  stm32h7xx_hal_uart_ex.o(.constdata)
    denominator                              0x0800b1fc   Data           8  stm32h7xx_hal_uart_ex.o(.constdata)
    .constdata                               0x0800b204   Section       16  system_stm32h7xx.o(.constdata)
    .data                                    0x24000000   Section       12  main.o(.data)
    uart_tx_flag                             0x24000000   Data           2  main.o(.data)
    n                                        0x24000004   Data           4  main.o(.data)
    m                                        0x24000008   Data           4  main.o(.data)
    .data                                    0x2400000c   Section        4  uart.o(.data)
    uart4_tx_busy                            0x2400000e   Data           1  uart.o(.data)
    uart4_rx_busy                            0x2400000f   Data           1  uart.o(.data)
    .data                                    0x24000010   Section       12  stm32h7xx_hal.o(.data)
    .data                                    0x2400001c   Section        8  system_stm32h7xx.o(.data)
    .bss                                     0x24000024   Section     1484  main.o(.bss)
    .bss                                     0x240005f0   Section      120  main.o(.bss)
    .bss                                     0x24000668   Section      120  main.o(.bss)
    .bss                                     0x240006e0   Section      120  main.o(.bss)
    .bss                                     0x24000758   Section       64  main.o(.bss)
    .bss                                     0x24000798   Section       64  main.o(.bss)
    .bss                                     0x240007d8   Section       64  main.o(.bss)
    .bss                                     0x24000818   Section      214  main.o(.bss)
    .bss                                     0x240008ee   Section       26  uart.o(.bss)
    .bss                                     0x24000908   Section       96  libspace.o(.bss)
    HEAP                                     0x24000968   Section      512  startup_stm32h750xx.o(HEAP)
    Heap_Mem                                 0x24000968   Data         512  startup_stm32h750xx.o(HEAP)
    STACK                                    0x24000b68   Section     1024  startup_stm32h750xx.o(STACK)
    Stack_Mem                                0x24000b68   Data        1024  startup_stm32h750xx.o(STACK)
    __initial_sp                             0x24000f68   Data           0  startup_stm32h750xx.o(STACK)

    Global Symbols

    Symbol Name                              Value     Ov Type        Size  Object(Section)

    BuildAttributes$$THM_ISAv4$E$P$D$K$B$S$7EM$VFPv5_D16$PE$PLD8$A:L22UL41UL21$X:L11$S22US41US21$IEEE1$IW$USESV6$~STKCKD$USESV7$~SHL$OSPACE$ROPI$EBA8$UX$STANDARDLIB$REQ8$PRES8$EABIv2 0x00000000   Number         0  anon$$obj.o ABSOLUTE
    __ARM_use_no_argv                        0x00000000   Number         0  main.o ABSOLUTE
    __ARM_exceptions_init                     - Undefined Weak Reference
    __alloca_initialize                       - Undefined Weak Reference
    __arm_preinit_                            - Undefined Weak Reference
    __cpp_initialize__aeabi_                  - Undefined Weak Reference
    __cxa_finalize                            - Undefined Weak Reference
    __rt_locale                               - Undefined Weak Reference
    __sigvec_lookup                           - Undefined Weak Reference
    _atexit_init                              - Undefined Weak Reference
    _call_atexit_fns                          - Undefined Weak Reference
    _clock_init                               - Undefined Weak Reference
    _fp_trap_init                             - Undefined Weak Reference
    _fp_trap_shutdown                         - Undefined Weak Reference
    _get_lc_collate                           - Undefined Weak Reference
    _get_lc_ctype                             - Undefined Weak Reference
    _get_lc_monetary                          - Undefined Weak Reference
    _get_lc_numeric                           - Undefined Weak Reference
    _get_lc_time                              - Undefined Weak Reference
    _getenv_init                              - Undefined Weak Reference
    _handle_redirection                       - Undefined Weak Reference
    _init_alloc                               - Undefined Weak Reference
    _init_user_alloc                          - Undefined Weak Reference
    _initio                                   - Undefined Weak Reference
    _rand_init                                - Undefined Weak Reference
    _signal_finish                            - Undefined Weak Reference
    _signal_init                              - Undefined Weak Reference
    _terminate_alloc                          - Undefined Weak Reference
    _terminate_user_alloc                     - Undefined Weak Reference
    _terminateio                              - Undefined Weak Reference
    __Vectors_Size                           0x00000298   Number         0  startup_stm32h750xx.o ABSOLUTE
    __Vectors                                0x08000000   Data           4  startup_stm32h750xx.o(RESET)
    __Vectors_End                            0x08000298   Data           0  startup_stm32h750xx.o(RESET)
    __main                                   0x08000299   Thumb Code     8  __main.o(!!!main)
    __scatterload                            0x080002a1   Thumb Code     0  __scatter.o(!!!scatter)
    __scatterload_rt2                        0x080002a1   Thumb Code    44  __scatter.o(!!!scatter)
    __scatterload_rt2_thumb_only             0x080002a1   Thumb Code     0  __scatter.o(!!!scatter)
    __scatterload_null                       0x080002af   Thumb Code     0  __scatter.o(!!!scatter)
    __scatterload_copy                       0x080002d5   Thumb Code    26  __scatter_copy.o(!!handler_copy)
    __scatterload_zeroinit                   0x080002f1   Thumb Code    28  __scatter_zi.o(!!handler_zi)
    __rt_lib_init                            0x0800030d   Thumb Code     0  libinit.o(.ARM.Collect$$libinit$$00000000)
    __rt_lib_init_fp_1                       0x0800030f   Thumb Code     0  libinit2.o(.ARM.Collect$$libinit$$00000001)
    __rt_lib_init_alloca_1                   0x08000313   Thumb Code     0  libinit2.o(.ARM.Collect$$libinit$$0000002E)
    __rt_lib_init_argv_1                     0x08000313   Thumb Code     0  libinit2.o(.ARM.Collect$$libinit$$0000002C)
    __rt_lib_init_atexit_1                   0x08000313   Thumb Code     0  libinit2.o(.ARM.Collect$$libinit$$0000001B)
    __rt_lib_init_clock_1                    0x08000313   Thumb Code     0  libinit2.o(.ARM.Collect$$libinit$$00000021)
    __rt_lib_init_cpp_1                      0x08000313   Thumb Code     0  libinit2.o(.ARM.Collect$$libinit$$00000032)
    __rt_lib_init_exceptions_1               0x08000313   Thumb Code     0  libinit2.o(.ARM.Collect$$libinit$$00000030)
    __rt_lib_init_fp_trap_1                  0x08000313   Thumb Code     0  libinit2.o(.ARM.Collect$$libinit$$0000001F)
    __rt_lib_init_getenv_1                   0x08000313   Thumb Code     0  libinit2.o(.ARM.Collect$$libinit$$00000023)
    __rt_lib_init_heap_1                     0x08000313   Thumb Code     0  libinit2.o(.ARM.Collect$$libinit$$0000000A)
    __rt_lib_init_lc_collate_1               0x08000313   Thumb Code     0  libinit2.o(.ARM.Collect$$libinit$$00000011)
    __rt_lib_init_lc_ctype_1                 0x08000313   Thumb Code     0  libinit2.o(.ARM.Collect$$libinit$$00000013)
    __rt_lib_init_lc_monetary_1              0x08000313   Thumb Code     0  libinit2.o(.ARM.Collect$$libinit$$00000015)
    __rt_lib_init_lc_numeric_1               0x08000313   Thumb Code     0  libinit2.o(.ARM.Collect$$libinit$$00000017)
    __rt_lib_init_lc_time_1                  0x08000313   Thumb Code     0  libinit2.o(.ARM.Collect$$libinit$$00000019)
    __rt_lib_init_preinit_1                  0x08000313   Thumb Code     0  libinit2.o(.ARM.Collect$$libinit$$00000004)
    __rt_lib_init_rand_1                     0x08000313   Thumb Code     0  libinit2.o(.ARM.Collect$$libinit$$0000000E)
    __rt_lib_init_return                     0x08000313   Thumb Code     0  libinit2.o(.ARM.Collect$$libinit$$00000033)
    __rt_lib_init_signal_1                   0x08000313   Thumb Code     0  libinit2.o(.ARM.Collect$$libinit$$0000001D)
    __rt_lib_init_stdio_1                    0x08000313   Thumb Code     0  libinit2.o(.ARM.Collect$$libinit$$00000025)
    __rt_lib_init_user_alloc_1               0x08000313   Thumb Code     0  libinit2.o(.ARM.Collect$$libinit$$0000000C)
    __rt_lib_shutdown                        0x08000315   Thumb Code     0  libshutdown.o(.ARM.Collect$$libshutdown$$00000000)
    __rt_lib_shutdown_cpp_1                  0x08000317   Thumb Code     0  libshutdown2.o(.ARM.Collect$$libshutdown$$00000002)
    __rt_lib_shutdown_fp_trap_1              0x08000317   Thumb Code     0  libshutdown2.o(.ARM.Collect$$libshutdown$$00000007)
    __rt_lib_shutdown_heap_1                 0x08000317   Thumb Code     0  libshutdown2.o(.ARM.Collect$$libshutdown$$0000000F)
    __rt_lib_shutdown_return                 0x08000317   Thumb Code     0  libshutdown2.o(.ARM.Collect$$libshutdown$$00000010)
    __rt_lib_shutdown_signal_1               0x08000317   Thumb Code     0  libshutdown2.o(.ARM.Collect$$libshutdown$$0000000A)
    __rt_lib_shutdown_stdio_1                0x08000317   Thumb Code     0  libshutdown2.o(.ARM.Collect$$libshutdown$$00000004)
    __rt_lib_shutdown_user_alloc_1           0x08000317   Thumb Code     0  libshutdown2.o(.ARM.Collect$$libshutdown$$0000000C)
    __rt_entry                               0x08000319   Thumb Code     0  __rtentry.o(.ARM.Collect$$rtentry$$00000000)
    __rt_entry_presh_1                       0x08000319   Thumb Code     0  __rtentry2.o(.ARM.Collect$$rtentry$$00000002)
    __rt_entry_sh                            0x08000319   Thumb Code     0  __rtentry4.o(.ARM.Collect$$rtentry$$00000004)
    __rt_entry_li                            0x0800031f   Thumb Code     0  __rtentry2.o(.ARM.Collect$$rtentry$$0000000A)
    __rt_entry_postsh_1                      0x0800031f   Thumb Code     0  __rtentry2.o(.ARM.Collect$$rtentry$$00000009)
    __rt_entry_main                          0x08000323   Thumb Code     0  __rtentry2.o(.ARM.Collect$$rtentry$$0000000D)
    __rt_entry_postli_1                      0x08000323   Thumb Code     0  __rtentry2.o(.ARM.Collect$$rtentry$$0000000C)
    __rt_exit                                0x0800032b   Thumb Code     0  rtexit.o(.ARM.Collect$$rtexit$$00000000)
    __rt_exit_ls                             0x0800032d   Thumb Code     0  rtexit2.o(.ARM.Collect$$rtexit$$00000003)
    __rt_exit_prels_1                        0x0800032d   Thumb Code     0  rtexit2.o(.ARM.Collect$$rtexit$$00000002)
    __rt_exit_exit                           0x08000331   Thumb Code     0  rtexit2.o(.ARM.Collect$$rtexit$$00000004)
    Reset_Handler                            0x08000339   Thumb Code    12  startup_stm32h750xx.o(.text)
    ADC3_IRQHandler                          0x08000357   Thumb Code     0  startup_stm32h750xx.o(.text)
    ADC_IRQHandler                           0x08000357   Thumb Code     0  startup_stm32h750xx.o(.text)
    BDMA_Channel0_IRQHandler                 0x08000357   Thumb Code     0  startup_stm32h750xx.o(.text)
    BDMA_Channel1_IRQHandler                 0x08000357   Thumb Code     0  startup_stm32h750xx.o(.text)
    BDMA_Channel2_IRQHandler                 0x08000357   Thumb Code     0  startup_stm32h750xx.o(.text)
    BDMA_Channel3_IRQHandler                 0x08000357   Thumb Code     0  startup_stm32h750xx.o(.text)
    BDMA_Channel4_IRQHandler                 0x08000357   Thumb Code     0  startup_stm32h750xx.o(.text)
    BDMA_Channel5_IRQHandler                 0x08000357   Thumb Code     0  startup_stm32h750xx.o(.text)
    BDMA_Channel6_IRQHandler                 0x08000357   Thumb Code     0  startup_stm32h750xx.o(.text)
    BDMA_Channel7_IRQHandler                 0x08000357   Thumb Code     0  startup_stm32h750xx.o(.text)
    CEC_IRQHandler                           0x08000357   Thumb Code     0  startup_stm32h750xx.o(.text)
    COMP1_IRQHandler                         0x08000357   Thumb Code     0  startup_stm32h750xx.o(.text)
    CRS_IRQHandler                           0x08000357   Thumb Code     0  startup_stm32h750xx.o(.text)
    CRYP_IRQHandler                          0x08000357   Thumb Code     0  startup_stm32h750xx.o(.text)
    DCMI_IRQHandler                          0x08000357   Thumb Code     0  startup_stm32h750xx.o(.text)
    DFSDM1_FLT0_IRQHandler                   0x08000357   Thumb Code     0  startup_stm32h750xx.o(.text)
    DFSDM1_FLT1_IRQHandler                   0x08000357   Thumb Code     0  startup_stm32h750xx.o(.text)
    DFSDM1_FLT2_IRQHandler                   0x08000357   Thumb Code     0  startup_stm32h750xx.o(.text)
    DFSDM1_FLT3_IRQHandler                   0x08000357   Thumb Code     0  startup_stm32h750xx.o(.text)
    DMA1_Stream3_IRQHandler                  0x08000357   Thumb Code     0  startup_stm32h750xx.o(.text)
    DMA1_Stream4_IRQHandler                  0x08000357   Thumb Code     0  startup_stm32h750xx.o(.text)
    DMA1_Stream5_IRQHandler                  0x08000357   Thumb Code     0  startup_stm32h750xx.o(.text)
    DMA1_Stream6_IRQHandler                  0x08000357   Thumb Code     0  startup_stm32h750xx.o(.text)
    DMA1_Stream7_IRQHandler                  0x08000357   Thumb Code     0  startup_stm32h750xx.o(.text)
    DMA2D_IRQHandler                         0x08000357   Thumb Code     0  startup_stm32h750xx.o(.text)
    DMA2_Stream0_IRQHandler                  0x08000357   Thumb Code     0  startup_stm32h750xx.o(.text)
    DMA2_Stream1_IRQHandler                  0x08000357   Thumb Code     0  startup_stm32h750xx.o(.text)
    DMA2_Stream2_IRQHandler                  0x08000357   Thumb Code     0  startup_stm32h750xx.o(.text)
    DMA2_Stream3_IRQHandler                  0x08000357   Thumb Code     0  startup_stm32h750xx.o(.text)
    DMA2_Stream4_IRQHandler                  0x08000357   Thumb Code     0  startup_stm32h750xx.o(.text)
    DMA2_Stream5_IRQHandler                  0x08000357   Thumb Code     0  startup_stm32h750xx.o(.text)
    DMA2_Stream6_IRQHandler                  0x08000357   Thumb Code     0  startup_stm32h750xx.o(.text)
    DMA2_Stream7_IRQHandler                  0x08000357   Thumb Code     0  startup_stm32h750xx.o(.text)
    DMAMUX1_OVR_IRQHandler                   0x08000357   Thumb Code     0  startup_stm32h750xx.o(.text)
    DMAMUX2_OVR_IRQHandler                   0x08000357   Thumb Code     0  startup_stm32h750xx.o(.text)
    ECC_IRQHandler                           0x08000357   Thumb Code     0  startup_stm32h750xx.o(.text)
    ETH_IRQHandler                           0x08000357   Thumb Code     0  startup_stm32h750xx.o(.text)
    ETH_WKUP_IRQHandler                      0x08000357   Thumb Code     0  startup_stm32h750xx.o(.text)
    EXTI0_IRQHandler                         0x08000357   Thumb Code     0  startup_stm32h750xx.o(.text)
    EXTI15_10_IRQHandler                     0x08000357   Thumb Code     0  startup_stm32h750xx.o(.text)
    EXTI1_IRQHandler                         0x08000357   Thumb Code     0  startup_stm32h750xx.o(.text)
    EXTI2_IRQHandler                         0x08000357   Thumb Code     0  startup_stm32h750xx.o(.text)
    EXTI3_IRQHandler                         0x08000357   Thumb Code     0  startup_stm32h750xx.o(.text)
    EXTI4_IRQHandler                         0x08000357   Thumb Code     0  startup_stm32h750xx.o(.text)
    EXTI9_5_IRQHandler                       0x08000357   Thumb Code     0  startup_stm32h750xx.o(.text)
    FDCAN1_IT0_IRQHandler                    0x08000357   Thumb Code     0  startup_stm32h750xx.o(.text)
    FDCAN1_IT1_IRQHandler                    0x08000357   Thumb Code     0  startup_stm32h750xx.o(.text)
    FDCAN2_IT0_IRQHandler                    0x08000357   Thumb Code     0  startup_stm32h750xx.o(.text)
    FDCAN2_IT1_IRQHandler                    0x08000357   Thumb Code     0  startup_stm32h750xx.o(.text)
    FDCAN_CAL_IRQHandler                     0x08000357   Thumb Code     0  startup_stm32h750xx.o(.text)
    FLASH_IRQHandler                         0x08000357   Thumb Code     0  startup_stm32h750xx.o(.text)
    FMC_IRQHandler                           0x08000357   Thumb Code     0  startup_stm32h750xx.o(.text)
    FPU_IRQHandler                           0x08000357   Thumb Code     0  startup_stm32h750xx.o(.text)
    HASH_RNG_IRQHandler                      0x08000357   Thumb Code     0  startup_stm32h750xx.o(.text)
    HRTIM1_FLT_IRQHandler                    0x08000357   Thumb Code     0  startup_stm32h750xx.o(.text)
    HRTIM1_Master_IRQHandler                 0x08000357   Thumb Code     0  startup_stm32h750xx.o(.text)
    HRTIM1_TIMA_IRQHandler                   0x08000357   Thumb Code     0  startup_stm32h750xx.o(.text)
    HRTIM1_TIMB_IRQHandler                   0x08000357   Thumb Code     0  startup_stm32h750xx.o(.text)
    HRTIM1_TIMC_IRQHandler                   0x08000357   Thumb Code     0  startup_stm32h750xx.o(.text)
    HRTIM1_TIMD_IRQHandler                   0x08000357   Thumb Code     0  startup_stm32h750xx.o(.text)
    HRTIM1_TIME_IRQHandler                   0x08000357   Thumb Code     0  startup_stm32h750xx.o(.text)
    HSEM1_IRQHandler                         0x08000357   Thumb Code     0  startup_stm32h750xx.o(.text)
    I2C1_ER_IRQHandler                       0x08000357   Thumb Code     0  startup_stm32h750xx.o(.text)
    I2C1_EV_IRQHandler                       0x08000357   Thumb Code     0  startup_stm32h750xx.o(.text)
    I2C2_ER_IRQHandler                       0x08000357   Thumb Code     0  startup_stm32h750xx.o(.text)
    I2C2_EV_IRQHandler                       0x08000357   Thumb Code     0  startup_stm32h750xx.o(.text)
    I2C3_ER_IRQHandler                       0x08000357   Thumb Code     0  startup_stm32h750xx.o(.text)
    I2C3_EV_IRQHandler                       0x08000357   Thumb Code     0  startup_stm32h750xx.o(.text)
    I2C4_ER_IRQHandler                       0x08000357   Thumb Code     0  startup_stm32h750xx.o(.text)
    I2C4_EV_IRQHandler                       0x08000357   Thumb Code     0  startup_stm32h750xx.o(.text)
    JPEG_IRQHandler                          0x08000357   Thumb Code     0  startup_stm32h750xx.o(.text)
    LPTIM1_IRQHandler                        0x08000357   Thumb Code     0  startup_stm32h750xx.o(.text)
    LPTIM2_IRQHandler                        0x08000357   Thumb Code     0  startup_stm32h750xx.o(.text)
    LPTIM3_IRQHandler                        0x08000357   Thumb Code     0  startup_stm32h750xx.o(.text)
    LPTIM4_IRQHandler                        0x08000357   Thumb Code     0  startup_stm32h750xx.o(.text)
    LPTIM5_IRQHandler                        0x08000357   Thumb Code     0  startup_stm32h750xx.o(.text)
    LPUART1_IRQHandler                       0x08000357   Thumb Code     0  startup_stm32h750xx.o(.text)
    LTDC_ER_IRQHandler                       0x08000357   Thumb Code     0  startup_stm32h750xx.o(.text)
    LTDC_IRQHandler                          0x08000357   Thumb Code     0  startup_stm32h750xx.o(.text)
    MDIOS_IRQHandler                         0x08000357   Thumb Code     0  startup_stm32h750xx.o(.text)
    MDIOS_WKUP_IRQHandler                    0x08000357   Thumb Code     0  startup_stm32h750xx.o(.text)
    MDMA_IRQHandler                          0x08000357   Thumb Code     0  startup_stm32h750xx.o(.text)
    OTG_FS_EP1_IN_IRQHandler                 0x08000357   Thumb Code     0  startup_stm32h750xx.o(.text)
    OTG_FS_EP1_OUT_IRQHandler                0x08000357   Thumb Code     0  startup_stm32h750xx.o(.text)
    OTG_FS_IRQHandler                        0x08000357   Thumb Code     0  startup_stm32h750xx.o(.text)
    OTG_FS_WKUP_IRQHandler                   0x08000357   Thumb Code     0  startup_stm32h750xx.o(.text)
    OTG_HS_EP1_IN_IRQHandler                 0x08000357   Thumb Code     0  startup_stm32h750xx.o(.text)
    OTG_HS_EP1_OUT_IRQHandler                0x08000357   Thumb Code     0  startup_stm32h750xx.o(.text)
    OTG_HS_IRQHandler                        0x08000357   Thumb Code     0  startup_stm32h750xx.o(.text)
    OTG_HS_WKUP_IRQHandler                   0x08000357   Thumb Code     0  startup_stm32h750xx.o(.text)
    PVD_AVD_IRQHandler                       0x08000357   Thumb Code     0  startup_stm32h750xx.o(.text)
    QUADSPI_IRQHandler                       0x08000357   Thumb Code     0  startup_stm32h750xx.o(.text)
    RCC_IRQHandler                           0x08000357   Thumb Code     0  startup_stm32h750xx.o(.text)
    RTC_Alarm_IRQHandler                     0x08000357   Thumb Code     0  startup_stm32h750xx.o(.text)
    RTC_WKUP_IRQHandler                      0x08000357   Thumb Code     0  startup_stm32h750xx.o(.text)
    SAI1_IRQHandler                          0x08000357   Thumb Code     0  startup_stm32h750xx.o(.text)
    SAI2_IRQHandler                          0x08000357   Thumb Code     0  startup_stm32h750xx.o(.text)
    SAI3_IRQHandler                          0x08000357   Thumb Code     0  startup_stm32h750xx.o(.text)
    SAI4_IRQHandler                          0x08000357   Thumb Code     0  startup_stm32h750xx.o(.text)
    SDMMC1_IRQHandler                        0x08000357   Thumb Code     0  startup_stm32h750xx.o(.text)
    SDMMC2_IRQHandler                        0x08000357   Thumb Code     0  startup_stm32h750xx.o(.text)
    SPDIF_RX_IRQHandler                      0x08000357   Thumb Code     0  startup_stm32h750xx.o(.text)
    SPI1_IRQHandler                          0x08000357   Thumb Code     0  startup_stm32h750xx.o(.text)
    SPI2_IRQHandler                          0x08000357   Thumb Code     0  startup_stm32h750xx.o(.text)
    SPI3_IRQHandler                          0x08000357   Thumb Code     0  startup_stm32h750xx.o(.text)
    SPI4_IRQHandler                          0x08000357   Thumb Code     0  startup_stm32h750xx.o(.text)
    SPI5_IRQHandler                          0x08000357   Thumb Code     0  startup_stm32h750xx.o(.text)
    SPI6_IRQHandler                          0x08000357   Thumb Code     0  startup_stm32h750xx.o(.text)
    SWPMI1_IRQHandler                        0x08000357   Thumb Code     0  startup_stm32h750xx.o(.text)
    TAMP_STAMP_IRQHandler                    0x08000357   Thumb Code     0  startup_stm32h750xx.o(.text)
    TIM15_IRQHandler                         0x08000357   Thumb Code     0  startup_stm32h750xx.o(.text)
    TIM16_IRQHandler                         0x08000357   Thumb Code     0  startup_stm32h750xx.o(.text)
    TIM17_IRQHandler                         0x08000357   Thumb Code     0  startup_stm32h750xx.o(.text)
    TIM1_BRK_IRQHandler                      0x08000357   Thumb Code     0  startup_stm32h750xx.o(.text)
    TIM1_CC_IRQHandler                       0x08000357   Thumb Code     0  startup_stm32h750xx.o(.text)
    TIM1_TRG_COM_IRQHandler                  0x08000357   Thumb Code     0  startup_stm32h750xx.o(.text)
    TIM1_UP_IRQHandler                       0x08000357   Thumb Code     0  startup_stm32h750xx.o(.text)
    TIM3_IRQHandler                          0x08000357   Thumb Code     0  startup_stm32h750xx.o(.text)
    TIM4_IRQHandler                          0x08000357   Thumb Code     0  startup_stm32h750xx.o(.text)
    TIM5_IRQHandler                          0x08000357   Thumb Code     0  startup_stm32h750xx.o(.text)
    TIM6_DAC_IRQHandler                      0x08000357   Thumb Code     0  startup_stm32h750xx.o(.text)
    TIM7_IRQHandler                          0x08000357   Thumb Code     0  startup_stm32h750xx.o(.text)
    TIM8_BRK_TIM12_IRQHandler                0x08000357   Thumb Code     0  startup_stm32h750xx.o(.text)
    TIM8_CC_IRQHandler                       0x08000357   Thumb Code     0  startup_stm32h750xx.o(.text)
    TIM8_TRG_COM_TIM14_IRQHandler            0x08000357   Thumb Code     0  startup_stm32h750xx.o(.text)
    TIM8_UP_TIM13_IRQHandler                 0x08000357   Thumb Code     0  startup_stm32h750xx.o(.text)
    UART5_IRQHandler                         0x08000357   Thumb Code     0  startup_stm32h750xx.o(.text)
    UART7_IRQHandler                         0x08000357   Thumb Code     0  startup_stm32h750xx.o(.text)
    UART8_IRQHandler                         0x08000357   Thumb Code     0  startup_stm32h750xx.o(.text)
    USART1_IRQHandler                        0x08000357   Thumb Code     0  startup_stm32h750xx.o(.text)
    USART2_IRQHandler                        0x08000357   Thumb Code     0  startup_stm32h750xx.o(.text)
    USART3_IRQHandler                        0x08000357   Thumb Code     0  startup_stm32h750xx.o(.text)
    USART6_IRQHandler                        0x08000357   Thumb Code     0  startup_stm32h750xx.o(.text)
    WAKEUP_PIN_IRQHandler                    0x08000357   Thumb Code     0  startup_stm32h750xx.o(.text)
    WWDG_IRQHandler                          0x08000357   Thumb Code     0  startup_stm32h750xx.o(.text)
    __user_initial_stackheap                 0x08000359   Thumb Code     0  startup_stm32h750xx.o(.text)
    __aeabi_uldivmod                         0x08000381   Thumb Code     0  lludivv7m.o(.text)
    _ll_udiv                                 0x08000381   Thumb Code   238  lludivv7m.o(.text)
    __aeabi_memcpy                           0x0800046f   Thumb Code     0  rt_memcpy_v6.o(.text)
    __rt_memcpy                              0x0800046f   Thumb Code   138  rt_memcpy_v6.o(.text)
    _memcpy_lastbytes                        0x080004d5   Thumb Code     0  rt_memcpy_v6.o(.text)
    __aeabi_memcpy4                          0x080004f9   Thumb Code     0  rt_memcpy_w.o(.text)
    __aeabi_memcpy8                          0x080004f9   Thumb Code     0  rt_memcpy_w.o(.text)
    __rt_memcpy_w                            0x080004f9   Thumb Code   100  rt_memcpy_w.o(.text)
    _memcpy_lastbytes_aligned                0x08000541   Thumb Code     0  rt_memcpy_w.o(.text)
    __aeabi_memclr                           0x0800055d   Thumb Code     0  rt_memclr.o(.text)
    __rt_memclr                              0x0800055d   Thumb Code    68  rt_memclr.o(.text)
    _memset                                  0x08000561   Thumb Code     0  rt_memclr.o(.text)
    __aeabi_memclr4                          0x080005a1   Thumb Code     0  rt_memclr_w.o(.text)
    __aeabi_memclr8                          0x080005a1   Thumb Code     0  rt_memclr_w.o(.text)
    __rt_memclr_w                            0x080005a1   Thumb Code    78  rt_memclr_w.o(.text)
    _memset_w                                0x080005a5   Thumb Code     0  rt_memclr_w.o(.text)
    __use_two_region_memory                  0x080005ef   Thumb Code     2  heapauxi.o(.text)
    __rt_heap_escrow$2region                 0x080005f1   Thumb Code     2  heapauxi.o(.text)
    __rt_heap_expand$2region                 0x080005f3   Thumb Code     2  heapauxi.o(.text)
    __user_setup_stackheap                   0x080005f5   Thumb Code    74  sys_stackheap_outer.o(.text)
    exit                                     0x0800063f   Thumb Code    18  exit.o(.text)
    __user_libspace                          0x08000651   Thumb Code     8  libspace.o(.text)
    __user_perproc_libspace                  0x08000651   Thumb Code     0  libspace.o(.text)
    __user_perthread_libspace                0x08000651   Thumb Code     0  libspace.o(.text)
    _sys_exit                                0x08000659   Thumb Code     8  sys_exit.o(.text)
    __I$use$semihosting                      0x08000665   Thumb Code     0  use_no_semi.o(.text)
    __use_no_semihosting_swi                 0x08000665   Thumb Code     2  use_no_semi.o(.text)
    __semihosting_library_function           0x08000667   Thumb Code     0  indicate_semi.o(.text)
    ADC_ConfigureBoostMode                   0x08000669   Thumb Code   236  stm32h7xx_hal_adc.o(i.ADC_ConfigureBoostMode)
    ADC_DMAConvCplt                          0x08000771   Thumb Code   104  stm32h7xx_hal_adc.o(i.ADC_DMAConvCplt)
    ADC_DMAError                             0x080007d9   Thumb Code    26  stm32h7xx_hal_adc.o(i.ADC_DMAError)
    ADC_DMAHalfConvCplt                      0x080007f3   Thumb Code    10  stm32h7xx_hal_adc.o(i.ADC_DMAHalfConvCplt)
    ADC_Enable                               0x080007fd   Thumb Code   148  stm32h7xx_hal_adc.o(i.ADC_Enable)
    BusFault_Handler                         0x080008a5   Thumb Code     2  stm32h7xx_it.o(i.BusFault_Handler)
    DMA1_Stream0_IRQHandler                  0x080008a9   Thumb Code     6  stm32h7xx_it.o(i.DMA1_Stream0_IRQHandler)
    DMA1_Stream1_IRQHandler                  0x080008b5   Thumb Code     6  stm32h7xx_it.o(i.DMA1_Stream1_IRQHandler)
    DMA1_Stream2_IRQHandler                  0x080008c1   Thumb Code     6  stm32h7xx_it.o(i.DMA1_Stream2_IRQHandler)
    DebugMon_Handler                         0x08000d05   Thumb Code     2  stm32h7xx_it.o(i.DebugMon_Handler)
    Error_Handler                            0x08000d07   Thumb Code     4  main.o(i.Error_Handler)
    ExitRun0Mode                             0x08000d0d   Thumb Code    22  system_stm32h7xx.o(i.ExitRun0Mode)
    HAL_ADCEx_MultiModeConfigChannel         0x08000ef1   Thumb Code   422  stm32h7xx_hal_adc_ex.o(i.HAL_ADCEx_MultiModeConfigChannel)
    HAL_ADC_ConfigChannel                    0x080010e9   Thumb Code  1848  stm32h7xx_hal_adc.o(i.HAL_ADC_ConfigChannel)
    HAL_ADC_ConvCpltCallback                 0x08001875   Thumb Code     2  stm32h7xx_hal_adc.o(i.HAL_ADC_ConvCpltCallback)
    HAL_ADC_ConvHalfCpltCallback             0x08001877   Thumb Code     2  stm32h7xx_hal_adc.o(i.HAL_ADC_ConvHalfCpltCallback)
    HAL_ADC_ErrorCallback                    0x08001879   Thumb Code     2  stm32h7xx_hal_adc.o(i.HAL_ADC_ErrorCallback)
    HAL_ADC_Init                             0x0800187d   Thumb Code  1338  stm32h7xx_hal_adc.o(i.HAL_ADC_Init)
    HAL_ADC_MspInit                          0x08001dc1   Thumb Code   242  stm32h7xx_hal_msp.o(i.HAL_ADC_MspInit)
    HAL_ADC_Start_DMA                        0x08001ed1   Thumb Code   260  stm32h7xx_hal_adc.o(i.HAL_ADC_Start_DMA)
    HAL_DMA_Abort                            0x08002031   Thumb Code   836  stm32h7xx_hal_dma.o(i.HAL_DMA_Abort)
    HAL_DMA_Abort_IT                         0x08002391   Thumb Code   602  stm32h7xx_hal_dma.o(i.HAL_DMA_Abort_IT)
    HAL_DMA_IRQHandler                       0x08002615   Thumb Code  1756  stm32h7xx_hal_dma.o(i.HAL_DMA_IRQHandler)
    HAL_DMA_Init                             0x08002cfd   Thumb Code  1562  stm32h7xx_hal_dma.o(i.HAL_DMA_Init)
    HAL_DMA_Start_IT                         0x0800332d   Thumb Code   656  stm32h7xx_hal_dma.o(i.HAL_DMA_Start_IT)
    HAL_FDCAN_Init                           0x0800361d   Thumb Code  1274  stm32h7xx_hal_fdcan.o(i.HAL_FDCAN_Init)
    HAL_FDCAN_MspInit                        0x08003b19   Thumb Code   124  stm32h7xx_hal_msp.o(i.HAL_FDCAN_MspInit)
    HAL_GPIO_Init                            0x08003ba1   Thumb Code   722  stm32h7xx_hal_gpio.o(i.HAL_GPIO_Init)
    HAL_GPIO_TogglePin                       0x08003ee5   Thumb Code    34  stm32h7xx_hal_gpio.o(i.HAL_GPIO_TogglePin)
    HAL_GPIO_WritePin                        0x08003f45   Thumb Code    46  stm32h7xx_hal_gpio.o(i.HAL_GPIO_WritePin)
    HAL_GetREVID                             0x08003fb1   Thumb Code     8  stm32h7xx_hal.o(i.HAL_GetREVID)
    HAL_GetTick                              0x08003fbd   Thumb Code     6  stm32h7xx_hal.o(i.HAL_GetTick)
    HAL_IncTick                              0x08003fc9   Thumb Code    12  stm32h7xx_hal.o(i.HAL_IncTick)
    HAL_Init                                 0x08003fd9   Thumb Code    74  stm32h7xx_hal.o(i.HAL_Init)
    HAL_InitTick                             0x08004035   Thumb Code    56  stm32h7xx_hal.o(i.HAL_InitTick)
    HAL_MPU_ConfigRegion                     0x08004075   Thumb Code   448  stm32h7xx_hal_cortex.o(i.HAL_MPU_ConfigRegion)
    HAL_MPU_Disable                          0x08004275   Thumb Code    24  stm32h7xx_hal_cortex.o(i.HAL_MPU_Disable)
    HAL_MPU_Enable                           0x08004291   Thumb Code    30  stm32h7xx_hal_cortex.o(i.HAL_MPU_Enable)
    HAL_MspInit                              0x080042b5   Thumb Code    22  stm32h7xx_hal_msp.o(i.HAL_MspInit)
    HAL_NVIC_EnableIRQ                       0x080042d1   Thumb Code    40  stm32h7xx_hal_cortex.o(i.HAL_NVIC_EnableIRQ)
    HAL_NVIC_SetPriority                     0x08004335   Thumb Code    92  stm32h7xx_hal_cortex.o(i.HAL_NVIC_SetPriority)
    HAL_NVIC_SetPriorityGrouping             0x080043d1   Thumb Code    58  stm32h7xx_hal_cortex.o(i.HAL_NVIC_SetPriorityGrouping)
    HAL_PWREx_ConfigSupply                   0x08004451   Thumb Code    98  stm32h7xx_hal_pwr_ex.o(i.HAL_PWREx_ConfigSupply)
    HAL_RCCEx_GetD3PCLK1Freq                 0x080044f5   Thumb Code    26  stm32h7xx_hal_rcc_ex.o(i.HAL_RCCEx_GetD3PCLK1Freq)
    HAL_RCCEx_GetPLL1ClockFreq               0x08004519   Thumb Code   298  stm32h7xx_hal_rcc_ex.o(i.HAL_RCCEx_GetPLL1ClockFreq)
    HAL_RCCEx_GetPLL2ClockFreq               0x08004661   Thumb Code   296  stm32h7xx_hal_rcc_ex.o(i.HAL_RCCEx_GetPLL2ClockFreq)
    HAL_RCCEx_GetPLL3ClockFreq               0x080047a5   Thumb Code   296  stm32h7xx_hal_rcc_ex.o(i.HAL_RCCEx_GetPLL3ClockFreq)
    HAL_RCCEx_GetPeriphCLKFreq               0x080048e9   Thumb Code   694  stm32h7xx_hal_rcc_ex.o(i.HAL_RCCEx_GetPeriphCLKFreq)
    HAL_RCCEx_PeriphCLKConfig                0x08004bb1   Thumb Code  3384  stm32h7xx_hal_rcc_ex.o(i.HAL_RCCEx_PeriphCLKConfig)
    HAL_RCC_ClockConfig                      0x080058ed   Thumb Code  1178  stm32h7xx_hal_rcc.o(i.HAL_RCC_ClockConfig)
    HAL_RCC_GetHCLKFreq                      0x08005d99   Thumb Code    52  stm32h7xx_hal_rcc.o(i.HAL_RCC_GetHCLKFreq)
    HAL_RCC_GetPCLK1Freq                     0x08005ddd   Thumb Code    26  stm32h7xx_hal_rcc.o(i.HAL_RCC_GetPCLK1Freq)
    HAL_RCC_GetPCLK2Freq                     0x08005e01   Thumb Code    26  stm32h7xx_hal_rcc.o(i.HAL_RCC_GetPCLK2Freq)
    HAL_RCC_GetSysClockFreq                  0x08005e25   Thumb Code   278  stm32h7xx_hal_rcc.o(i.HAL_RCC_GetSysClockFreq)
    HAL_RCC_OscConfig                        0x08005f5d   Thumb Code  1934  stm32h7xx_hal_rcc.o(i.HAL_RCC_OscConfig)
    HAL_SPI_Init                             0x080066f1   Thumb Code   862  stm32h7xx_hal_spi.o(i.HAL_SPI_Init)
    HAL_SPI_MspInit                          0x08006aa1   Thumb Code   122  stm32h7xx_hal_msp.o(i.HAL_SPI_MspInit)
    HAL_SYSTICK_Config                       0x08006b29   Thumb Code    38  stm32h7xx_hal_cortex.o(i.HAL_SYSTICK_Config)
    HAL_TIMEx_Break2Callback                 0x08006b4f   Thumb Code     2  stm32h7xx_hal_tim_ex.o(i.HAL_TIMEx_Break2Callback)
    HAL_TIMEx_BreakCallback                  0x08006b51   Thumb Code     2  stm32h7xx_hal_tim_ex.o(i.HAL_TIMEx_BreakCallback)
    HAL_TIMEx_CommutCallback                 0x08006b53   Thumb Code     2  stm32h7xx_hal_tim_ex.o(i.HAL_TIMEx_CommutCallback)
    HAL_TIMEx_ConfigBreakDeadTime            0x08006b55   Thumb Code   418  stm32h7xx_hal_tim_ex.o(i.HAL_TIMEx_ConfigBreakDeadTime)
    HAL_TIMEx_MasterConfigSynchronization    0x08006d49   Thumb Code   386  stm32h7xx_hal_tim_ex.o(i.HAL_TIMEx_MasterConfigSynchronization)
    HAL_TIM_Base_Init                        0x08006f29   Thumb Code   304  stm32h7xx_hal_tim.o(i.HAL_TIM_Base_Init)
    HAL_TIM_Base_MspInit                     0x080070c5   Thumb Code    98  stm32h7xx_hal_msp.o(i.HAL_TIM_Base_MspInit)
    HAL_TIM_Base_Start_IT                    0x08007135   Thumb Code   206  stm32h7xx_hal_tim.o(i.HAL_TIM_Base_Start_IT)
    HAL_TIM_ConfigClockSource                0x08007271   Thumb Code   960  stm32h7xx_hal_tim.o(i.HAL_TIM_ConfigClockSource)
    HAL_TIM_IC_CaptureCallback               0x080076a1   Thumb Code     2  stm32h7xx_hal_tim.o(i.HAL_TIM_IC_CaptureCallback)
    HAL_TIM_IRQHandler                       0x080076a3   Thumb Code   328  stm32h7xx_hal_tim.o(i.HAL_TIM_IRQHandler)
    HAL_TIM_MspPostInit                      0x080077ed   Thumb Code   116  stm32h7xx_hal_msp.o(i.HAL_TIM_MspPostInit)
    HAL_TIM_OC_DelayElapsedCallback          0x08007875   Thumb Code     2  stm32h7xx_hal_tim.o(i.HAL_TIM_OC_DelayElapsedCallback)
    HAL_TIM_PWM_ConfigChannel                0x08007879   Thumb Code   692  stm32h7xx_hal_tim.o(i.HAL_TIM_PWM_ConfigChannel)
    HAL_TIM_PWM_Init                         0x08007b91   Thumb Code   304  stm32h7xx_hal_tim.o(i.HAL_TIM_PWM_Init)
    HAL_TIM_PWM_MspInit                      0x08007d2d   Thumb Code     2  stm32h7xx_hal_tim.o(i.HAL_TIM_PWM_MspInit)
    HAL_TIM_PWM_PulseFinishedCallback        0x08007d2f   Thumb Code     2  stm32h7xx_hal_tim.o(i.HAL_TIM_PWM_PulseFinishedCallback)
    HAL_TIM_PWM_Start                        0x08007d31   Thumb Code   456  stm32h7xx_hal_tim.o(i.HAL_TIM_PWM_Start)
    HAL_TIM_PeriodElapsedCallback            0x08007f61   Thumb Code   178  main.o(i.HAL_TIM_PeriodElapsedCallback)
    HAL_TIM_TriggerCallback                  0x08008029   Thumb Code     2  stm32h7xx_hal_tim.o(i.HAL_TIM_TriggerCallback)
    HAL_UARTEx_DisableFifoMode               0x0800802d   Thumb Code   126  stm32h7xx_hal_uart_ex.o(i.HAL_UARTEx_DisableFifoMode)
    HAL_UARTEx_RxEventCallback               0x08008109   Thumb Code     2  stm32h7xx_hal_uart.o(i.HAL_UARTEx_RxEventCallback)
    HAL_UARTEx_RxFifoFullCallback            0x0800810b   Thumb Code     2  stm32h7xx_hal_uart_ex.o(i.HAL_UARTEx_RxFifoFullCallback)
    HAL_UARTEx_SetRxFifoThreshold            0x0800810d   Thumb Code   180  stm32h7xx_hal_uart_ex.o(i.HAL_UARTEx_SetRxFifoThreshold)
    HAL_UARTEx_SetTxFifoThreshold            0x0800821d   Thumb Code   180  stm32h7xx_hal_uart_ex.o(i.HAL_UARTEx_SetTxFifoThreshold)
    HAL_UARTEx_TxFifoEmptyCallback           0x0800832d   Thumb Code     2  stm32h7xx_hal_uart_ex.o(i.HAL_UARTEx_TxFifoEmptyCallback)
    HAL_UARTEx_WakeupCallback                0x0800832f   Thumb Code     2  stm32h7xx_hal_uart_ex.o(i.HAL_UARTEx_WakeupCallback)
    HAL_UART_ErrorCallback                   0x08008331   Thumb Code    40  uart.o(i.HAL_UART_ErrorCallback)
    HAL_UART_IRQHandler                      0x08008365   Thumb Code   898  stm32h7xx_hal_uart.o(i.HAL_UART_IRQHandler)
    HAL_UART_Init                            0x08008701   Thumb Code   228  stm32h7xx_hal_uart.o(i.HAL_UART_Init)
    HAL_UART_MspInit                         0x08008845   Thumb Code   256  stm32h7xx_hal_msp.o(i.HAL_UART_MspInit)
    HAL_UART_Receive_DMA                     0x0800895d   Thumb Code    66  stm32h7xx_hal_uart.o(i.HAL_UART_Receive_DMA)
    HAL_UART_RxCpltCallback                  0x080089a5   Thumb Code    44  uart.o(i.HAL_UART_RxCpltCallback)
    HAL_UART_RxHalfCpltCallback              0x080089e1   Thumb Code     2  stm32h7xx_hal_uart.o(i.HAL_UART_RxHalfCpltCallback)
    HAL_UART_Transmit_DMA                    0x080089e5   Thumb Code   132  stm32h7xx_hal_uart.o(i.HAL_UART_Transmit_DMA)
    HAL_UART_TxCpltCallback                  0x08008a75   Thumb Code    20  uart.o(i.HAL_UART_TxCpltCallback)
    HAL_UART_TxHalfCpltCallback              0x08008a91   Thumb Code     2  stm32h7xx_hal_uart.o(i.HAL_UART_TxHalfCpltCallback)
    HardFault_Handler                        0x08008a93   Thumb Code     2  stm32h7xx_it.o(i.HardFault_Handler)
    MachineParameterConfig                   0x08009041   Thumb Code    18  machine.o(i.MachineParameterConfig)
    MemManage_Handler                        0x08009061   Thumb Code     2  stm32h7xx_it.o(i.MemManage_Handler)
    NMI_Handler                              0x08009063   Thumb Code     2  stm32h7xx_it.o(i.NMI_Handler)
    PendSV_Handler                           0x08009065   Thumb Code     2  stm32h7xx_it.o(i.PendSV_Handler)
    PeriphCommonClock_Config                 0x08009067   Thumb Code    42  main.o(i.PeriphCommonClock_Config)
    SVC_Handler                              0x08009479   Thumb Code     2  stm32h7xx_it.o(i.SVC_Handler)
    StateMachine_Init                        0x0800947d   Thumb Code     8  machine.o(i.StateMachine_Init)
    SysTick_Handler                          0x08009489   Thumb Code     4  stm32h7xx_it.o(i.SysTick_Handler)
    SystemClock_Config                       0x0800948d   Thumb Code   160  main.o(i.SystemClock_Config)
    SystemInit                               0x08009535   Thumb Code   206  system_stm32h7xx.o(i.SystemInit)
    TIM2_IRQHandler                          0x0800962d   Thumb Code     6  stm32h7xx_it.o(i.TIM2_IRQHandler)
    TIM_Base_SetConfig                       0x08009639   Thumb Code   170  stm32h7xx_hal_tim.o(i.TIM_Base_SetConfig)
    TIM_CCxChannelCmd                        0x08009705   Thumb Code   150  stm32h7xx_hal_tim.o(i.TIM_CCxChannelCmd)
    TIM_ETR_SetConfig                        0x08009801   Thumb Code    18  stm32h7xx_hal_tim.o(i.TIM_ETR_SetConfig)
    TIM_OC2_SetConfig                        0x08009949   Thumb Code   194  stm32h7xx_hal_tim.o(i.TIM_OC2_SetConfig)
    UART4_DMA_Init                           0x08009d71   Thumb Code    30  uart.o(i.UART4_DMA_Init)
    UART4_IRQHandler                         0x08009d99   Thumb Code     6  stm32h7xx_it.o(i.UART4_IRQHandler)
    UART4_StartRxDMA                         0x08009ebd   Thumb Code    44  uart.o(i.UART4_StartRxDMA)
    UART_AdvFeatureConfig                    0x08009f3d   Thumb Code   472  stm32h7xx_hal_uart.o(i.UART_AdvFeatureConfig)
    UART_CheckIdleState                      0x0800a171   Thumb Code   170  stm32h7xx_hal_uart.o(i.UART_CheckIdleState)
    UART_SetConfig                           0x0800a3e9   Thumb Code  1318  stm32h7xx_hal_uart.o(i.UART_SetConfig)
    UART_Start_Receive_DMA                   0x0800a911   Thumb Code   156  stm32h7xx_hal_uart.o(i.UART_Start_Receive_DMA)
    UART_WaitOnFlagUntilTimeout              0x0800a9b9   Thumb Code   148  stm32h7xx_hal_uart.o(i.UART_WaitOnFlagUntilTimeout)
    USER_UART_RxDataHandle                   0x0800aa4d   Thumb Code    38  uart.o(i.USER_UART_RxDataHandle)
    USER_UART_TxData                         0x0800aa81   Thumb Code    60  uart.o(i.USER_UART_TxData)
    UsageFault_Handler                       0x0800aacd   Thumb Code     2  stm32h7xx_it.o(i.UsageFault_Handler)
    assert_failed                            0x0800aaf1   Thumb Code     2  main.o(i.assert_failed)
    fLPF_Run                                 0x0800aaf3   Thumb Code    70  lpf.o(i.fLPF_Run)
    fuzzyInit                                0x0800ab39   Thumb Code   254  controller.o(i.fuzzyInit)
    main                                     0x0800ac6d   Thumb Code   496  main.o(i.main)
    update_data_RX                           0x0800aea1   Thumb Code    66  uart.o(i.update_data_RX)
    update_data_TX                           0x0800aeed   Thumb Code    26  uart.o(i.update_data_TX)
    vADC_Data_Handle                         0x0800af09   Thumb Code   180  analog.o(i.vADC_Data_Handle)
    vAdc_DataInit                            0x0800afd1   Thumb Code    98  analog.o(i.vAdc_DataInit)
    vLPF_Init                                0x0800b04d   Thumb Code   146  lpf.o(i.vLPF_Init)
    vPI_Init                                 0x0800b0ed   Thumb Code    78  controller.o(i.vPI_Init)
    vUsart_DataInit                          0x0800b141   Thumb Code    44  uart.o(i.vUsart_DataInit)
    _fp_init                                 0x0800b16d   Thumb Code    10  fpinit.o(x$fpl$fpinit)
    __fplib_config_fpu_vfp                   0x0800b175   Thumb Code     0  fpinit.o(x$fpl$fpinit)
    __fplib_config_pureend_doubles           0x0800b175   Thumb Code     0  fpinit.o(x$fpl$fpinit)
    UARTPrescTable                           0x0800b1dc   Data          24  stm32h7xx_hal_uart.o(.constdata)
    D1CorePrescTable                         0x0800b204   Data          16  system_stm32h7xx.o(.constdata)
    Region$$Table$$Base                      0x0800b214   Number         0  anon$$obj.o(Region$$Table)
    Region$$Table$$Limit                     0x0800b234   Number         0  anon$$obj.o(Region$$Table)
    uart4_tx_done_flag                       0x2400000c   Data           1  uart.o(.data)
    uart4_rx_done_flag                       0x2400000d   Data           1  uart.o(.data)
    uwTickFreq                               0x24000010   Data           1  stm32h7xx_hal.o(.data)
    uwTickPrio                               0x24000014   Data           4  stm32h7xx_hal.o(.data)
    uwTick                                   0x24000018   Data           4  stm32h7xx_hal.o(.data)
    SystemCoreClock                          0x2400001c   Data           4  system_stm32h7xx.o(.data)
    SystemD2Clock                            0x24000020   Data           4  system_stm32h7xx.o(.data)
    hadc1                                    0x24000024   Data         100  main.o(.bss)
    hfdcan1                                  0x24000088   Data         160  main.o(.bss)
    hspi2                                    0x24000128   Data         136  main.o(.bss)
    htim2                                    0x240001b0   Data          76  main.o(.bss)
    htim4                                    0x240001fc   Data          76  main.o(.bss)
    htim8                                    0x24000248   Data          76  main.o(.bss)
    huart4                                   0x24000294   Data         148  main.o(.bss)
    mCtr                                     0x24000328   Data          68  main.o(.bss)
    mPara                                    0x2400036c   Data          12  main.o(.bss)
    PIVarV                                   0x24000378   Data          64  main.o(.bss)
    PIVarIb                                  0x240003b8   Data          64  main.o(.bss)
    PIVarIc                                  0x240003f8   Data          64  main.o(.bss)
    adc_Objt_var                             0x24000438   Data         100  main.o(.bss)
    ADC_CH1                                  0x2400049c   Data          10  main.o(.bss)
    LPF_Vin                                  0x240004a8   Data          48  main.o(.bss)
    LPF_Vout                                 0x240004d8   Data          48  main.o(.bss)
    LPF_I                                    0x24000508   Data          48  main.o(.bss)
    LPF_Vdclink                              0x24000538   Data          48  main.o(.bss)
    LPF_AD_I_Offset                          0x24000568   Data          48  main.o(.bss)
    LPF_DI                                   0x24000598   Data          48  main.o(.bss)
    uartdata                                 0x240005c8   Data          40  main.o(.bss)
    hdma_adc1                                0x240005f0   Data         120  main.o(.bss)
    hdma_uart4_tx                            0x24000668   Data         120  main.o(.bss)
    hdma_uart4_rx                            0x240006e0   Data         120  main.o(.bss)
    FzTi                                     0x24000758   Data          64  main.o(.bss)
    FzAbsEk                                  0x24000798   Data          64  main.o(.bss)
    FzKp                                     0x240007d8   Data          64  main.o(.bss)
    uart4_Rx                                 0x24000818   Data         214  main.o(.bss)
    TX_Data                                  0x240008ee   Data          13  uart.o(.bss)
    RX_Buffer_UART4                          0x240008fb   Data          13  uart.o(.bss)
    __libspace_start                         0x24000908   Data          96  libspace.o(.bss)
    __temporary_stack_top$libspace           0x24000968   Data           0  libspace.o(.bss)



==============================================================================

Memory Map of the image

  Image Entry point : 0x08000299

  Load Region LR_IROM1 (Base: 0x08000000, Size: 0x0000b258, Max: 0x00020000, ABSOLUTE)

    Execution Region ER_IROM1 (Exec base: 0x08000000, Load base: 0x08000000, Size: 0x0000b234, Max: 0x00020000, ABSOLUTE)

    Exec Addr    Load Addr    Size         Type   Attr      Idx    E Section Name        Object

    0x08000000   0x08000000   0x00000298   Data   RO            3    RESET               startup_stm32h750xx.o
    0x08000298   0x08000298   0x00000008   Code   RO         6248  * !!!main             c_w.l(__main.o)
    0x080002a0   0x080002a0   0x00000034   Code   RO         6415    !!!scatter          c_w.l(__scatter.o)
    0x080002d4   0x080002d4   0x0000001a   Code   RO         6417    !!handler_copy      c_w.l(__scatter_copy.o)
    0x080002ee   0x080002ee   0x00000002   PAD
    0x080002f0   0x080002f0   0x0000001c   Code   RO         6419    !!handler_zi        c_w.l(__scatter_zi.o)
    0x0800030c   0x0800030c   0x00000002   Code   RO         6285    .ARM.Collect$$libinit$$00000000  c_w.l(libinit.o)
    0x0800030e   0x0800030e   0x00000004   Code   RO         6297    .ARM.Collect$$libinit$$00000001  c_w.l(libinit2.o)
    0x08000312   0x08000312   0x00000000   Code   RO         6300    .ARM.Collect$$libinit$$00000004  c_w.l(libinit2.o)
    0x08000312   0x08000312   0x00000000   Code   RO         6303    .ARM.Collect$$libinit$$0000000A  c_w.l(libinit2.o)
    0x08000312   0x08000312   0x00000000   Code   RO         6305    .ARM.Collect$$libinit$$0000000C  c_w.l(libinit2.o)
    0x08000312   0x08000312   0x00000000   Code   RO         6307    .ARM.Collect$$libinit$$0000000E  c_w.l(libinit2.o)
    0x08000312   0x08000312   0x00000000   Code   RO         6310    .ARM.Collect$$libinit$$00000011  c_w.l(libinit2.o)
    0x08000312   0x08000312   0x00000000   Code   RO         6312    .ARM.Collect$$libinit$$00000013  c_w.l(libinit2.o)
    0x08000312   0x08000312   0x00000000   Code   RO         6314    .ARM.Collect$$libinit$$00000015  c_w.l(libinit2.o)
    0x08000312   0x08000312   0x00000000   Code   RO         6316    .ARM.Collect$$libinit$$00000017  c_w.l(libinit2.o)
    0x08000312   0x08000312   0x00000000   Code   RO         6318    .ARM.Collect$$libinit$$00000019  c_w.l(libinit2.o)
    0x08000312   0x08000312   0x00000000   Code   RO         6320    .ARM.Collect$$libinit$$0000001B  c_w.l(libinit2.o)
    0x08000312   0x08000312   0x00000000   Code   RO         6322    .ARM.Collect$$libinit$$0000001D  c_w.l(libinit2.o)
    0x08000312   0x08000312   0x00000000   Code   RO         6324    .ARM.Collect$$libinit$$0000001F  c_w.l(libinit2.o)
    0x08000312   0x08000312   0x00000000   Code   RO         6326    .ARM.Collect$$libinit$$00000021  c_w.l(libinit2.o)
    0x08000312   0x08000312   0x00000000   Code   RO         6328    .ARM.Collect$$libinit$$00000023  c_w.l(libinit2.o)
    0x08000312   0x08000312   0x00000000   Code   RO         6330    .ARM.Collect$$libinit$$00000025  c_w.l(libinit2.o)
    0x08000312   0x08000312   0x00000000   Code   RO         6334    .ARM.Collect$$libinit$$0000002C  c_w.l(libinit2.o)
    0x08000312   0x08000312   0x00000000   Code   RO         6336    .ARM.Collect$$libinit$$0000002E  c_w.l(libinit2.o)
    0x08000312   0x08000312   0x00000000   Code   RO         6338    .ARM.Collect$$libinit$$00000030  c_w.l(libinit2.o)
    0x08000312   0x08000312   0x00000000   Code   RO         6340    .ARM.Collect$$libinit$$00000032  c_w.l(libinit2.o)
    0x08000312   0x08000312   0x00000002   Code   RO         6341    .ARM.Collect$$libinit$$00000033  c_w.l(libinit2.o)
    0x08000314   0x08000314   0x00000002   Code   RO         6372    .ARM.Collect$$libshutdown$$00000000  c_w.l(libshutdown.o)
    0x08000316   0x08000316   0x00000000   Code   RO         6398    .ARM.Collect$$libshutdown$$00000002  c_w.l(libshutdown2.o)
    0x08000316   0x08000316   0x00000000   Code   RO         6400    .ARM.Collect$$libshutdown$$00000004  c_w.l(libshutdown2.o)
    0x08000316   0x08000316   0x00000000   Code   RO         6403    .ARM.Collect$$libshutdown$$00000007  c_w.l(libshutdown2.o)
    0x08000316   0x08000316   0x00000000   Code   RO         6406    .ARM.Collect$$libshutdown$$0000000A  c_w.l(libshutdown2.o)
    0x08000316   0x08000316   0x00000000   Code   RO         6408    .ARM.Collect$$libshutdown$$0000000C  c_w.l(libshutdown2.o)
    0x08000316   0x08000316   0x00000000   Code   RO         6411    .ARM.Collect$$libshutdown$$0000000F  c_w.l(libshutdown2.o)
    0x08000316   0x08000316   0x00000002   Code   RO         6412    .ARM.Collect$$libshutdown$$00000010  c_w.l(libshutdown2.o)
    0x08000318   0x08000318   0x00000000   Code   RO         6250    .ARM.Collect$$rtentry$$00000000  c_w.l(__rtentry.o)
    0x08000318   0x08000318   0x00000000   Code   RO         6256    .ARM.Collect$$rtentry$$00000002  c_w.l(__rtentry2.o)
    0x08000318   0x08000318   0x00000006   Code   RO         6268    .ARM.Collect$$rtentry$$00000004  c_w.l(__rtentry4.o)
    0x0800031e   0x0800031e   0x00000000   Code   RO         6258    .ARM.Collect$$rtentry$$00000009  c_w.l(__rtentry2.o)
    0x0800031e   0x0800031e   0x00000004   Code   RO         6259    .ARM.Collect$$rtentry$$0000000A  c_w.l(__rtentry2.o)
    0x08000322   0x08000322   0x00000000   Code   RO         6261    .ARM.Collect$$rtentry$$0000000C  c_w.l(__rtentry2.o)
    0x08000322   0x08000322   0x00000008   Code   RO         6262    .ARM.Collect$$rtentry$$0000000D  c_w.l(__rtentry2.o)
    0x0800032a   0x0800032a   0x00000002   Code   RO         6289    .ARM.Collect$$rtexit$$00000000  c_w.l(rtexit.o)
    0x0800032c   0x0800032c   0x00000000   Code   RO         6345    .ARM.Collect$$rtexit$$00000002  c_w.l(rtexit2.o)
    0x0800032c   0x0800032c   0x00000004   Code   RO         6346    .ARM.Collect$$rtexit$$00000003  c_w.l(rtexit2.o)
    0x08000330   0x08000330   0x00000006   Code   RO         6347    .ARM.Collect$$rtexit$$00000004  c_w.l(rtexit2.o)
    0x08000336   0x08000336   0x00000002   PAD
    0x08000338   0x08000338   0x00000048   Code   RO            4    .text               startup_stm32h750xx.o
    0x08000380   0x08000380   0x000000ee   Code   RO         6236    .text               c_w.l(lludivv7m.o)
    0x0800046e   0x0800046e   0x0000008a   Code   RO         6238    .text               c_w.l(rt_memcpy_v6.o)
    0x080004f8   0x080004f8   0x00000064   Code   RO         6240    .text               c_w.l(rt_memcpy_w.o)
    0x0800055c   0x0800055c   0x00000044   Code   RO         6242    .text               c_w.l(rt_memclr.o)
    0x080005a0   0x080005a0   0x0000004e   Code   RO         6244    .text               c_w.l(rt_memclr_w.o)
    0x080005ee   0x080005ee   0x00000006   Code   RO         6246    .text               c_w.l(heapauxi.o)
    0x080005f4   0x080005f4   0x0000004a   Code   RO         6272    .text               c_w.l(sys_stackheap_outer.o)
    0x0800063e   0x0800063e   0x00000012   Code   RO         6274    .text               c_w.l(exit.o)
    0x08000650   0x08000650   0x00000008   Code   RO         6286    .text               c_w.l(libspace.o)
    0x08000658   0x08000658   0x0000000c   Code   RO         6342    .text               c_w.l(sys_exit.o)
    0x08000664   0x08000664   0x00000002   Code   RO         6361    .text               c_w.l(use_no_semi.o)
    0x08000666   0x08000666   0x00000000   Code   RO         6363    .text               c_w.l(indicate_semi.o)
    0x08000666   0x08000666   0x00000002   PAD
    0x08000668   0x08000668   0x00000108   Code   RO          830    i.ADC_ConfigureBoostMode  stm32h7xx_hal_adc.o
    0x08000770   0x08000770   0x00000068   Code   RO          832    i.ADC_DMAConvCplt   stm32h7xx_hal_adc.o
    0x080007d8   0x080007d8   0x0000001a   Code   RO          833    i.ADC_DMAError      stm32h7xx_hal_adc.o
    0x080007f2   0x080007f2   0x0000000a   Code   RO          834    i.ADC_DMAHalfConvCplt  stm32h7xx_hal_adc.o
    0x080007fc   0x080007fc   0x000000a8   Code   RO          836    i.ADC_Enable        stm32h7xx_hal_adc.o
    0x080008a4   0x080008a4   0x00000002   Code   RO          266    i.BusFault_Handler  stm32h7xx_it.o
    0x080008a6   0x080008a6   0x00000002   PAD
    0x080008a8   0x080008a8   0x0000000c   Code   RO          267    i.DMA1_Stream0_IRQHandler  stm32h7xx_it.o
    0x080008b4   0x080008b4   0x0000000c   Code   RO          268    i.DMA1_Stream1_IRQHandler  stm32h7xx_it.o
    0x080008c0   0x080008c0   0x0000000c   Code   RO          269    i.DMA1_Stream2_IRQHandler  stm32h7xx_it.o
    0x080008cc   0x080008cc   0x000000b4   Code   RO         1931    i.DMA_CalcBaseAndBitshift  stm32h7xx_hal_dma.o
    0x08000980   0x08000980   0x0000009c   Code   RO         1932    i.DMA_CalcDMAMUXChannelBaseAndMask  stm32h7xx_hal_dma.o
    0x08000a1c   0x08000a1c   0x00000074   Code   RO         1933    i.DMA_CalcDMAMUXRequestGenBaseAndMask  stm32h7xx_hal_dma.o
    0x08000a90   0x08000a90   0x00000054   Code   RO         1934    i.DMA_CheckFifoParam  stm32h7xx_hal_dma.o
    0x08000ae4   0x08000ae4   0x00000220   Code   RO         1935    i.DMA_SetConfig     stm32h7xx_hal_dma.o
    0x08000d04   0x08000d04   0x00000002   Code   RO          270    i.DebugMon_Handler  stm32h7xx_it.o
    0x08000d06   0x08000d06   0x00000004   Code   RO           13    i.Error_Handler     main.o
    0x08000d0a   0x08000d0a   0x00000002   PAD
    0x08000d0c   0x08000d0c   0x0000001c   Code   RO         6194    i.ExitRun0Mode      system_stm32h7xx.o
    0x08000d28   0x08000d28   0x000001c8   Code   RO         3701    i.FDCAN_CalcultateRamBlockAddresses  stm32h7xx_hal_fdcan.o
    0x08000ef0   0x08000ef0   0x000001f8   Code   RO         1072    i.HAL_ADCEx_MultiModeConfigChannel  stm32h7xx_hal_adc_ex.o
    0x080010e8   0x080010e8   0x0000078c   Code   RO          838    i.HAL_ADC_ConfigChannel  stm32h7xx_hal_adc.o
    0x08001874   0x08001874   0x00000002   Code   RO          839    i.HAL_ADC_ConvCpltCallback  stm32h7xx_hal_adc.o
    0x08001876   0x08001876   0x00000002   Code   RO          840    i.HAL_ADC_ConvHalfCpltCallback  stm32h7xx_hal_adc.o
    0x08001878   0x08001878   0x00000002   Code   RO          842    i.HAL_ADC_ErrorCallback  stm32h7xx_hal_adc.o
    0x0800187a   0x0800187a   0x00000002   PAD
    0x0800187c   0x0800187c   0x00000544   Code   RO          847    i.HAL_ADC_Init      stm32h7xx_hal_adc.o
    0x08001dc0   0x08001dc0   0x00000110   Code   RO          373    i.HAL_ADC_MspInit   stm32h7xx_hal_msp.o
    0x08001ed0   0x08001ed0   0x00000160   Code   RO          854    i.HAL_ADC_Start_DMA  stm32h7xx_hal_adc.o
    0x08002030   0x08002030   0x00000360   Code   RO         1936    i.HAL_DMA_Abort     stm32h7xx_hal_dma.o
    0x08002390   0x08002390   0x00000284   Code   RO         1937    i.HAL_DMA_Abort_IT  stm32h7xx_hal_dma.o
    0x08002614   0x08002614   0x000006e8   Code   RO         1941    i.HAL_DMA_IRQHandler  stm32h7xx_hal_dma.o
    0x08002cfc   0x08002cfc   0x00000630   Code   RO         1942    i.HAL_DMA_Init      stm32h7xx_hal_dma.o
    0x0800332c   0x0800332c   0x000002f0   Code   RO         1946    i.HAL_DMA_Start_IT  stm32h7xx_hal_dma.o
    0x0800361c   0x0800361c   0x000004fa   Code   RO         3753    i.HAL_FDCAN_Init    stm32h7xx_hal_fdcan.o
    0x08003b16   0x08003b16   0x00000002   PAD
    0x08003b18   0x08003b18   0x00000088   Code   RO          375    i.HAL_FDCAN_MspInit  stm32h7xx_hal_msp.o
    0x08003ba0   0x08003ba0   0x00000344   Code   RO         1784    i.HAL_GPIO_Init     stm32h7xx_hal_gpio.o
    0x08003ee4   0x08003ee4   0x00000060   Code   RO         1787    i.HAL_GPIO_TogglePin  stm32h7xx_hal_gpio.o
    0x08003f44   0x08003f44   0x0000006c   Code   RO         1788    i.HAL_GPIO_WritePin  stm32h7xx_hal_gpio.o
    0x08003fb0   0x08003fb0   0x0000000c   Code   RO         2809    i.HAL_GetREVID      stm32h7xx_hal.o
    0x08003fbc   0x08003fbc   0x0000000c   Code   RO         2810    i.HAL_GetTick       stm32h7xx_hal.o
    0x08003fc8   0x08003fc8   0x00000010   Code   RO         2816    i.HAL_IncTick       stm32h7xx_hal.o
    0x08003fd8   0x08003fd8   0x0000005c   Code   RO         2817    i.HAL_Init          stm32h7xx_hal.o
    0x08004034   0x08004034   0x00000040   Code   RO         2818    i.HAL_InitTick      stm32h7xx_hal.o
    0x08004074   0x08004074   0x00000200   Code   RO         2639    i.HAL_MPU_ConfigRegion  stm32h7xx_hal_cortex.o
    0x08004274   0x08004274   0x0000001c   Code   RO         2640    i.HAL_MPU_Disable   stm32h7xx_hal_cortex.o
    0x08004290   0x08004290   0x00000024   Code   RO         2642    i.HAL_MPU_Enable    stm32h7xx_hal_cortex.o
    0x080042b4   0x080042b4   0x0000001c   Code   RO          376    i.HAL_MspInit       stm32h7xx_hal_msp.o
    0x080042d0   0x080042d0   0x00000064   Code   RO         2646    i.HAL_NVIC_EnableIRQ  stm32h7xx_hal_cortex.o
    0x08004334   0x08004334   0x0000009c   Code   RO         2652    i.HAL_NVIC_SetPriority  stm32h7xx_hal_cortex.o
    0x080043d0   0x080043d0   0x00000080   Code   RO         2653    i.HAL_NVIC_SetPriorityGrouping  stm32h7xx_hal_cortex.o
    0x08004450   0x08004450   0x000000a4   Code   RO         2385    i.HAL_PWREx_ConfigSupply  stm32h7xx_hal_pwr_ex.o
    0x080044f4   0x080044f4   0x00000024   Code   RO         1397    i.HAL_RCCEx_GetD3PCLK1Freq  stm32h7xx_hal_rcc_ex.o
    0x08004518   0x08004518   0x00000148   Code   RO         1398    i.HAL_RCCEx_GetPLL1ClockFreq  stm32h7xx_hal_rcc_ex.o
    0x08004660   0x08004660   0x00000144   Code   RO         1399    i.HAL_RCCEx_GetPLL2ClockFreq  stm32h7xx_hal_rcc_ex.o
    0x080047a4   0x080047a4   0x00000144   Code   RO         1400    i.HAL_RCCEx_GetPLL3ClockFreq  stm32h7xx_hal_rcc_ex.o
    0x080048e8   0x080048e8   0x000002c8   Code   RO         1402    i.HAL_RCCEx_GetPeriphCLKFreq  stm32h7xx_hal_rcc_ex.o
    0x08004bb0   0x08004bb0   0x00000d3c   Code   RO         1406    i.HAL_RCCEx_PeriphCLKConfig  stm32h7xx_hal_rcc_ex.o
    0x080058ec   0x080058ec   0x000004ac   Code   RO         1282    i.HAL_RCC_ClockConfig  stm32h7xx_hal_rcc.o
    0x08005d98   0x08005d98   0x00000044   Code   RO         1287    i.HAL_RCC_GetHCLKFreq  stm32h7xx_hal_rcc.o
    0x08005ddc   0x08005ddc   0x00000024   Code   RO         1289    i.HAL_RCC_GetPCLK1Freq  stm32h7xx_hal_rcc.o
    0x08005e00   0x08005e00   0x00000024   Code   RO         1290    i.HAL_RCC_GetPCLK2Freq  stm32h7xx_hal_rcc.o
    0x08005e24   0x08005e24   0x00000138   Code   RO         1291    i.HAL_RCC_GetSysClockFreq  stm32h7xx_hal_rcc.o
    0x08005f5c   0x08005f5c   0x00000794   Code   RO         1294    i.HAL_RCC_OscConfig  stm32h7xx_hal_rcc.o
    0x080066f0   0x080066f0   0x000003b0   Code   RO         4330    i.HAL_SPI_Init      stm32h7xx_hal_spi.o
    0x08006aa0   0x08006aa0   0x00000088   Code   RO          378    i.HAL_SPI_MspInit   stm32h7xx_hal_msp.o
    0x08006b28   0x08006b28   0x00000026   Code   RO         2657    i.HAL_SYSTICK_Config  stm32h7xx_hal_cortex.o
    0x08006b4e   0x08006b4e   0x00000002   Code   RO         5365    i.HAL_TIMEx_Break2Callback  stm32h7xx_hal_tim_ex.o
    0x08006b50   0x08006b50   0x00000002   Code   RO         5366    i.HAL_TIMEx_BreakCallback  stm32h7xx_hal_tim_ex.o
    0x08006b52   0x08006b52   0x00000002   Code   RO         5367    i.HAL_TIMEx_CommutCallback  stm32h7xx_hal_tim_ex.o
    0x08006b54   0x08006b54   0x000001f4   Code   RO         5369    i.HAL_TIMEx_ConfigBreakDeadTime  stm32h7xx_hal_tim_ex.o
    0x08006d48   0x08006d48   0x000001e0   Code   RO         5387    i.HAL_TIMEx_MasterConfigSynchronization  stm32h7xx_hal_tim_ex.o
    0x08006f28   0x08006f28   0x0000019c   Code   RO         4650    i.HAL_TIM_Base_Init  stm32h7xx_hal_tim.o
    0x080070c4   0x080070c4   0x00000070   Code   RO          380    i.HAL_TIM_Base_MspInit  stm32h7xx_hal_msp.o
    0x08007134   0x08007134   0x0000013c   Code   RO         4655    i.HAL_TIM_Base_Start_IT  stm32h7xx_hal_tim.o
    0x08007270   0x08007270   0x00000430   Code   RO         4659    i.HAL_TIM_ConfigClockSource  stm32h7xx_hal_tim.o
    0x080076a0   0x080076a0   0x00000002   Code   RO         4684    i.HAL_TIM_IC_CaptureCallback  stm32h7xx_hal_tim.o
    0x080076a2   0x080076a2   0x00000148   Code   RO         4698    i.HAL_TIM_IRQHandler  stm32h7xx_hal_tim.o
    0x080077ea   0x080077ea   0x00000002   PAD
    0x080077ec   0x080077ec   0x00000088   Code   RO          381    i.HAL_TIM_MspPostInit  stm32h7xx_hal_msp.o
    0x08007874   0x08007874   0x00000002   Code   RO         4701    i.HAL_TIM_OC_DelayElapsedCallback  stm32h7xx_hal_tim.o
    0x08007876   0x08007876   0x00000002   PAD
    0x08007878   0x08007878   0x00000318   Code   RO         4722    i.HAL_TIM_PWM_ConfigChannel  stm32h7xx_hal_tim.o
    0x08007b90   0x08007b90   0x0000019c   Code   RO         4725    i.HAL_TIM_PWM_Init  stm32h7xx_hal_tim.o
    0x08007d2c   0x08007d2c   0x00000002   Code   RO         4727    i.HAL_TIM_PWM_MspInit  stm32h7xx_hal_tim.o
    0x08007d2e   0x08007d2e   0x00000002   Code   RO         4728    i.HAL_TIM_PWM_PulseFinishedCallback  stm32h7xx_hal_tim.o
    0x08007d30   0x08007d30   0x00000230   Code   RO         4730    i.HAL_TIM_PWM_Start  stm32h7xx_hal_tim.o
    0x08007f60   0x08007f60   0x000000c8   Code   RO           14    i.HAL_TIM_PeriodElapsedCallback  main.o
    0x08008028   0x08008028   0x00000002   Code   RO         4741    i.HAL_TIM_TriggerCallback  stm32h7xx_hal_tim.o
    0x0800802a   0x0800802a   0x00000002   PAD
    0x0800802c   0x0800802c   0x000000dc   Code   RO         6076    i.HAL_UARTEx_DisableFifoMode  stm32h7xx_hal_uart_ex.o
    0x08008108   0x08008108   0x00000002   Code   RO         5665    i.HAL_UARTEx_RxEventCallback  stm32h7xx_hal_uart.o
    0x0800810a   0x0800810a   0x00000002   Code   RO         6084    i.HAL_UARTEx_RxFifoFullCallback  stm32h7xx_hal_uart_ex.o
    0x0800810c   0x0800810c   0x00000110   Code   RO         6085    i.HAL_UARTEx_SetRxFifoThreshold  stm32h7xx_hal_uart_ex.o
    0x0800821c   0x0800821c   0x00000110   Code   RO         6086    i.HAL_UARTEx_SetTxFifoThreshold  stm32h7xx_hal_uart_ex.o
    0x0800832c   0x0800832c   0x00000002   Code   RO         6088    i.HAL_UARTEx_TxFifoEmptyCallback  stm32h7xx_hal_uart_ex.o
    0x0800832e   0x0800832e   0x00000002   Code   RO         6089    i.HAL_UARTEx_WakeupCallback  stm32h7xx_hal_uart_ex.o
    0x08008330   0x08008330   0x00000034   Code   RO          704    i.HAL_UART_ErrorCallback  uart.o
    0x08008364   0x08008364   0x0000039c   Code   RO         5684    i.HAL_UART_IRQHandler  stm32h7xx_hal_uart.o
    0x08008700   0x08008700   0x00000144   Code   RO         5685    i.HAL_UART_Init     stm32h7xx_hal_uart.o
    0x08008844   0x08008844   0x00000118   Code   RO          383    i.HAL_UART_MspInit  stm32h7xx_hal_msp.o
    0x0800895c   0x0800895c   0x00000048   Code   RO         5689    i.HAL_UART_Receive_DMA  stm32h7xx_hal_uart.o
    0x080089a4   0x080089a4   0x0000003c   Code   RO          705    i.HAL_UART_RxCpltCallback  uart.o
    0x080089e0   0x080089e0   0x00000002   Code   RO         5693    i.HAL_UART_RxHalfCpltCallback  stm32h7xx_hal_uart.o
    0x080089e2   0x080089e2   0x00000002   PAD
    0x080089e4   0x080089e4   0x00000090   Code   RO         5695    i.HAL_UART_Transmit_DMA  stm32h7xx_hal_uart.o
    0x08008a74   0x08008a74   0x0000001c   Code   RO          706    i.HAL_UART_TxCpltCallback  uart.o
    0x08008a90   0x08008a90   0x00000002   Code   RO         5698    i.HAL_UART_TxHalfCpltCallback  stm32h7xx_hal_uart.o
    0x08008a92   0x08008a92   0x00000002   Code   RO          271    i.HardFault_Handler  stm32h7xx_it.o
    0x08008a94   0x08008a94   0x00000028   Code   RO          859    i.LL_ADC_GetResolution  stm32h7xx_hal_adc.o
    0x08008abc   0x08008abc   0x00000008   Code   RO          860    i.LL_ADC_INJ_IsConversionOngoing  stm32h7xx_hal_adc.o
    0x08008ac4   0x08008ac4   0x00000008   Code   RO          861    i.LL_ADC_REG_IsConversionOngoing  stm32h7xx_hal_adc.o
    0x08008acc   0x08008acc   0x00000008   Code   RO         1083    i.LL_ADC_REG_IsConversionOngoing  stm32h7xx_hal_adc_ex.o
    0x08008ad4   0x08008ad4   0x00000010   Code   RO          862    i.LL_ADC_REG_IsTriggerSourceSWStart  stm32h7xx_hal_adc.o
    0x08008ae4   0x08008ae4   0x00000100   Code   RO           15    i.MX_ADC1_Init      main.o
    0x08008be4   0x08008be4   0x0000005c   Code   RO           16    i.MX_FDCAN1_Init    main.o
    0x08008c40   0x08008c40   0x00000158   Code   RO           17    i.MX_GPIO_Init      main.o
    0x08008d98   0x08008d98   0x0000004c   Code   RO           18    i.MX_SPI2_Init      main.o
    0x08008de4   0x08008de4   0x00000064   Code   RO           19    i.MX_TIM2_Init      main.o
    0x08008e48   0x08008e48   0x000000b0   Code   RO           20    i.MX_TIM4_Init      main.o
    0x08008ef8   0x08008ef8   0x000000e4   Code   RO           21    i.MX_TIM8_Init      main.o
    0x08008fdc   0x08008fdc   0x00000064   Code   RO           22    i.MX_UART4_Init     main.o
    0x08009040   0x08009040   0x00000020   Code   RO          656    i.MachineParameterConfig  machine.o
    0x08009060   0x08009060   0x00000002   Code   RO          272    i.MemManage_Handler  stm32h7xx_it.o
    0x08009062   0x08009062   0x00000002   Code   RO          273    i.NMI_Handler       stm32h7xx_it.o
    0x08009064   0x08009064   0x00000002   Code   RO          274    i.PendSV_Handler    stm32h7xx_it.o
    0x08009066   0x08009066   0x0000002a   Code   RO           23    i.PeriphCommonClock_Config  main.o
    0x08009090   0x08009090   0x000001f0   Code   RO         1409    i.RCCEx_PLL2_Config  stm32h7xx_hal_rcc_ex.o
    0x08009280   0x08009280   0x000001f8   Code   RO         1410    i.RCCEx_PLL3_Config  stm32h7xx_hal_rcc_ex.o
    0x08009478   0x08009478   0x00000002   Code   RO          275    i.SVC_Handler       stm32h7xx_it.o
    0x0800947a   0x0800947a   0x00000002   PAD
    0x0800947c   0x0800947c   0x0000000c   Code   RO          658    i.StateMachine_Init  machine.o
    0x08009488   0x08009488   0x00000004   Code   RO          276    i.SysTick_Handler   stm32h7xx_it.o
    0x0800948c   0x0800948c   0x000000a8   Code   RO           24    i.SystemClock_Config  main.o
    0x08009534   0x08009534   0x000000f8   Code   RO         6196    i.SystemInit        system_stm32h7xx.o
    0x0800962c   0x0800962c   0x0000000c   Code   RO          277    i.TIM2_IRQHandler   stm32h7xx_it.o
    0x08009638   0x08009638   0x000000cc   Code   RO         4743    i.TIM_Base_SetConfig  stm32h7xx_hal_tim.o
    0x08009704   0x08009704   0x000000fc   Code   RO         4744    i.TIM_CCxChannelCmd  stm32h7xx_hal_tim.o
    0x08009800   0x08009800   0x00000012   Code   RO         4754    i.TIM_ETR_SetConfig  stm32h7xx_hal_tim.o
    0x08009812   0x08009812   0x00000002   PAD
    0x08009814   0x08009814   0x00000014   Code   RO         4755    i.TIM_ITRx_SetConfig  stm32h7xx_hal_tim.o
    0x08009828   0x08009828   0x00000120   Code   RO         4756    i.TIM_OC1_SetConfig  stm32h7xx_hal_tim.o
    0x08009948   0x08009948   0x00000114   Code   RO         4757    i.TIM_OC2_SetConfig  stm32h7xx_hal_tim.o
    0x08009a5c   0x08009a5c   0x00000114   Code   RO         4758    i.TIM_OC3_SetConfig  stm32h7xx_hal_tim.o
    0x08009b70   0x08009b70   0x000000d0   Code   RO         4759    i.TIM_OC4_SetConfig  stm32h7xx_hal_tim.o
    0x08009c40   0x08009c40   0x00000074   Code   RO         4760    i.TIM_OC5_SetConfig  stm32h7xx_hal_tim.o
    0x08009cb4   0x08009cb4   0x00000074   Code   RO         4761    i.TIM_OC6_SetConfig  stm32h7xx_hal_tim.o
    0x08009d28   0x08009d28   0x00000022   Code   RO         4763    i.TIM_TI1_ConfigInputStage  stm32h7xx_hal_tim.o
    0x08009d4a   0x08009d4a   0x00000024   Code   RO         4765    i.TIM_TI2_ConfigInputStage  stm32h7xx_hal_tim.o
    0x08009d6e   0x08009d6e   0x00000002   PAD
    0x08009d70   0x08009d70   0x00000028   Code   RO          707    i.UART4_DMA_Init    uart.o
    0x08009d98   0x08009d98   0x0000000c   Code   RO          278    i.UART4_IRQHandler  stm32h7xx_it.o
    0x08009da4   0x08009da4   0x00000118   Code   RO          708    i.UART4_PackFrame   uart.o
    0x08009ebc   0x08009ebc   0x0000003c   Code   RO          709    i.UART4_StartRxDMA  uart.o
    0x08009ef8   0x08009ef8   0x00000044   Code   RO         6090    i.UARTEx_SetNbDataToProcess  stm32h7xx_hal_uart_ex.o
    0x08009f3c   0x08009f3c   0x00000234   Code   RO         5699    i.UART_AdvFeatureConfig  stm32h7xx_hal_uart.o
    0x0800a170   0x0800a170   0x000000aa   Code   RO         5700    i.UART_CheckIdleState  stm32h7xx_hal_uart.o
    0x0800a21a   0x0800a21a   0x00000010   Code   RO         5701    i.UART_DMAAbortOnError  stm32h7xx_hal_uart.o
    0x0800a22a   0x0800a22a   0x0000004e   Code   RO         5702    i.UART_DMAError     stm32h7xx_hal_uart.o
    0x0800a278   0x0800a278   0x00000082   Code   RO         5703    i.UART_DMAReceiveCplt  stm32h7xx_hal_uart.o
    0x0800a2fa   0x0800a2fa   0x00000020   Code   RO         5705    i.UART_DMARxHalfCplt  stm32h7xx_hal_uart.o
    0x0800a31a   0x0800a31a   0x00000040   Code   RO         5707    i.UART_DMATransmitCplt  stm32h7xx_hal_uart.o
    0x0800a35a   0x0800a35a   0x0000000a   Code   RO         5709    i.UART_DMATxHalfCplt  stm32h7xx_hal_uart.o
    0x0800a364   0x0800a364   0x00000054   Code   RO         5711    i.UART_EndRxTransfer  stm32h7xx_hal_uart.o
    0x0800a3b8   0x0800a3b8   0x0000002e   Code   RO         5712    i.UART_EndTxTransfer  stm32h7xx_hal_uart.o
    0x0800a3e6   0x0800a3e6   0x00000002   PAD
    0x0800a3e8   0x0800a3e8   0x00000526   Code   RO         5717    i.UART_SetConfig    stm32h7xx_hal_uart.o
    0x0800a90e   0x0800a90e   0x00000002   PAD
    0x0800a910   0x0800a910   0x000000a8   Code   RO         5718    i.UART_Start_Receive_DMA  stm32h7xx_hal_uart.o
    0x0800a9b8   0x0800a9b8   0x00000094   Code   RO         5724    i.UART_WaitOnFlagUntilTimeout  stm32h7xx_hal_uart.o
    0x0800aa4c   0x0800aa4c   0x00000034   Code   RO          710    i.USER_UART_RxDataHandle  uart.o
    0x0800aa80   0x0800aa80   0x0000004c   Code   RO          711    i.USER_UART_TxData  uart.o
    0x0800aacc   0x0800aacc   0x00000002   Code   RO          279    i.UsageFault_Handler  stm32h7xx_it.o
    0x0800aace   0x0800aace   0x00000022   Code   RO         2659    i.__NVIC_SetPriority  stm32h7xx_hal_cortex.o
    0x0800aaf0   0x0800aaf0   0x00000002   Code   RO           25    i.assert_failed     main.o
    0x0800aaf2   0x0800aaf2   0x00000046   Code   RO          626    i.fLPF_Run          lpf.o
    0x0800ab38   0x0800ab38   0x00000134   Code   RO          512    i.fuzzyInit         controller.o
    0x0800ac6c   0x0800ac6c   0x00000234   Code   RO           26    i.main              main.o
    0x0800aea0   0x0800aea0   0x0000004c   Code   RO          712    i.update_data_RX    uart.o
    0x0800aeec   0x0800aeec   0x0000001a   Code   RO          713    i.update_data_TX    uart.o
    0x0800af06   0x0800af06   0x00000002   PAD
    0x0800af08   0x0800af08   0x000000c8   Code   RO          463    i.vADC_Data_Handle  analog.o
    0x0800afd0   0x0800afd0   0x0000007c   Code   RO          464    i.vAdc_DataInit     analog.o
    0x0800b04c   0x0800b04c   0x000000a0   Code   RO          627    i.vLPF_Init         lpf.o
    0x0800b0ec   0x0800b0ec   0x00000054   Code   RO          514    i.vPI_Init          controller.o
    0x0800b140   0x0800b140   0x0000002c   Code   RO          714    i.vUsart_DataInit   uart.o
    0x0800b16c   0x0800b16c   0x0000000a   Code   RO         6357    x$fpl$fpinit        fz_wv.l(fpinit.o)
    0x0800b176   0x0800b176   0x00000008   Data   RO         1948    .constdata          stm32h7xx_hal_dma.o
    0x0800b17e   0x0800b17e   0x00000002   PAD
    0x0800b180   0x0800b180   0x0000005c   Data   RO         3801    .constdata          stm32h7xx_hal_fdcan.o
    0x0800b1dc   0x0800b1dc   0x00000018   Data   RO         5725    .constdata          stm32h7xx_hal_uart.o
    0x0800b1f4   0x0800b1f4   0x00000010   Data   RO         6091    .constdata          stm32h7xx_hal_uart_ex.o
    0x0800b204   0x0800b204   0x00000010   Data   RO         6197    .constdata          system_stm32h7xx.o
    0x0800b214   0x0800b214   0x00000020   Data   RO         6413    Region$$Table       anon$$obj.o


    Execution Region RW_IRAM1 (Exec base: 0x20000000, Load base: 0x0800b234, Size: 0x00000000, Max: 0x00020000, ABSOLUTE)

    **** No section assigned to this execution region ****


    Execution Region RW_IRAM2 (Exec base: 0x24000000, Load base: 0x0800b234, Size: 0x00000f68, Max: 0x00080000, ABSOLUTE)

    Exec Addr    Load Addr    Size         Type   Attr      Idx    E Section Name        Object

    0x24000000   0x0800b234   0x0000000c   Data   RW           39    .data               main.o
    0x2400000c   0x0800b240   0x00000004   Data   RW          716    .data               uart.o
    0x24000010   0x0800b244   0x0000000c   Data   RW         2839    .data               stm32h7xx_hal.o
    0x2400001c   0x0800b250   0x00000008   Data   RW         6198    .data               system_stm32h7xx.o
    0x24000024        -       0x000005cc   Zero   RW           27    .bss                main.o
    0x240005f0        -       0x00000078   Zero   RW           28    .bss                main.o
    0x24000668        -       0x00000078   Zero   RW           29    .bss                main.o
    0x240006e0        -       0x00000078   Zero   RW           30    .bss                main.o
    0x24000758        -       0x00000040   Zero   RW           31    .bss                main.o
    0x24000798        -       0x00000040   Zero   RW           32    .bss                main.o
    0x240007d8        -       0x00000040   Zero   RW           33    .bss                main.o
    0x24000818        -       0x000000d6   Zero   RW           36    .bss                main.o
    0x240008ee        -       0x0000001a   Zero   RW          715    .bss                uart.o
    0x24000908        -       0x00000060   Zero   RW         6287    .bss                c_w.l(libspace.o)
    0x24000968        -       0x00000200   Zero   RW            2    HEAP                startup_stm32h750xx.o
    0x24000b68        -       0x00000400   Zero   RW            1    STACK               startup_stm32h750xx.o


==============================================================================

Image component sizes


      Code (inc. data)   RO Data    RW Data    ZI Data      Debug   Object Name

       324         46          0          0          0       1887   analog.o
       392         60          0          0          0       2403   controller.o
       230         14          0          0          0       1531   lpf.o
        44         18          0          0          0       2017   machine.o
      2352        204          0         12       2250    1411376   main.o
        72         30        664          0       1536        832   startup_stm32h750xx.o
       196         40          0         12          0      22728   stm32h7xx_hal.o
      4282        504          0          0          0      75546   stm32h7xx_hal_adc.o
       512         82          0          0          0      63207   stm32h7xx_hal_adc_ex.o
      1032        268          0          0          0      41893   stm32h7xx_hal_cortex.o
      6692        370          8          0          0      11994   stm32h7xx_hal_dma.o
      1730         84         92          0          0       4901   stm32h7xx_hal_fdcan.o
      1040        238          0          0          0       3289   stm32h7xx_hal_gpio.o
      1100        120          0          0          0       5814   stm32h7xx_hal_msp.o
       164         66          0          0          0        789   stm32h7xx_hal_pwr_ex.o
      3588        222          0          0          0       7360   stm32h7xx_hal_rcc.o
      6112        538          0          0          0      10647   stm32h7xx_hal_rcc_ex.o
       944         82          0          0          0       1787   stm32h7xx_hal_spi.o
      5746       1170          0          0          0      20000   stm32h7xx_hal_tim.o
       986        176          0          0          0       4312   stm32h7xx_hal_tim_ex.o
      4298        420         24          0          0      36613   stm32h7xx_hal_uart.o
       838        284         16          0          0       5498   stm32h7xx_hal_uart_ex.o
        80         30          0          0          0       6289   stm32h7xx_it.o
       276         48         16          8          0       1957   system_stm32h7xx.o
       794        122          0          4         26      10961   uart.o

    ----------------------------------------------------------------------
     43852       5236        854         36       3812    1755631   Object Totals
         0          0         32          0          0          0   (incl. Generated)
        28          0          2          0          0          0   (incl. Padding)

    ----------------------------------------------------------------------

      Code (inc. data)   RO Data    RW Data    ZI Data      Debug   Library Member Name

         8          0          0          0          0         68   __main.o
         0          0          0          0          0          0   __rtentry.o
        12          0          0          0          0          0   __rtentry2.o
         6          0          0          0          0          0   __rtentry4.o
        52          8          0          0          0          0   __scatter.o
        26          0          0          0          0          0   __scatter_copy.o
        28          0          0          0          0          0   __scatter_zi.o
        18          0          0          0          0         80   exit.o
         6          0          0          0          0        152   heapauxi.o
         0          0          0          0          0          0   indicate_semi.o
         2          0          0          0          0          0   libinit.o
         6          0          0          0          0          0   libinit2.o
         2          0          0          0          0          0   libshutdown.o
         2          0          0          0          0          0   libshutdown2.o
         8          4          0          0         96         68   libspace.o
       238          0          0          0          0        100   lludivv7m.o
        68          0          0          0          0         68   rt_memclr.o
        78          0          0          0          0         80   rt_memclr_w.o
       138          0          0          0          0         68   rt_memcpy_v6.o
       100          0          0          0          0         80   rt_memcpy_w.o
         2          0          0          0          0          0   rtexit.o
        10          0          0          0          0          0   rtexit2.o
        12          4          0          0          0         68   sys_exit.o
        74          0          0          0          0         80   sys_stackheap_outer.o
         2          0          0          0          0         68   use_no_semi.o
        10          0          0          0          0        116   fpinit.o

    ----------------------------------------------------------------------
       914         16          0          0         96       1096   Library Totals
         6          0          0          0          0          0   (incl. Padding)

    ----------------------------------------------------------------------

      Code (inc. data)   RO Data    RW Data    ZI Data      Debug   Library Name

       898         16          0          0         96        980   c_w.l
        10          0          0          0          0        116   fz_wv.l

    ----------------------------------------------------------------------
       914         16          0          0         96       1096   Library Totals

    ----------------------------------------------------------------------

==============================================================================


      Code (inc. data)   RO Data    RW Data    ZI Data      Debug   

     44766       5252        854         36       3908    1740611   Grand Totals
     44766       5252        854         36       3908    1740611   ELF Image Totals
     44766       5252        854         36          0          0   ROM Totals

==============================================================================

    Total RO  Size (Code + RO Data)                45620 (  44.55kB)
    Total RW  Size (RW Data + ZI Data)              3944 (   3.85kB)
    Total ROM Size (Code + RO Data + RW Data)      45656 (  44.59kB)

==============================================================================

