Component: ARM Compiler 5.06 update 6 (build 750) Tool: armlink [4d35ed]

==============================================================================

Section Cross References

    startup_stm32h750xx.o(STACK) refers (Special) to heapauxi.o(.text) for __use_two_region_memory
    startup_stm32h750xx.o(HEAP) refers (Special) to heapauxi.o(.text) for __use_two_region_memory
    startup_stm32h750xx.o(RESET) refers (Special) to heapauxi.o(.text) for __use_two_region_memory
    startup_stm32h750xx.o(RESET) refers to startup_stm32h750xx.o(STACK) for __initial_sp
    startup_stm32h750xx.o(RESET) refers to startup_stm32h750xx.o(.text) for Reset_Handler
    startup_stm32h750xx.o(RESET) refers to stm32h7xx_it.o(i.NMI_Handler) for NMI_Handler
    startup_stm32h750xx.o(RESET) refers to stm32h7xx_it.o(i.HardFault_Handler) for HardFault_Handler
    startup_stm32h750xx.o(RESET) refers to stm32h7xx_it.o(i.MemManage_Handler) for MemManage_Handler
    startup_stm32h750xx.o(RESET) refers to stm32h7xx_it.o(i.BusFault_Handler) for BusFault_Handler
    startup_stm32h750xx.o(RESET) refers to stm32h7xx_it.o(i.UsageFault_Handler) for UsageFault_Handler
    startup_stm32h750xx.o(RESET) refers to stm32h7xx_it.o(i.SVC_Handler) for SVC_Handler
    startup_stm32h750xx.o(RESET) refers to stm32h7xx_it.o(i.DebugMon_Handler) for DebugMon_Handler
    startup_stm32h750xx.o(RESET) refers to stm32h7xx_it.o(i.PendSV_Handler) for PendSV_Handler
    startup_stm32h750xx.o(RESET) refers to stm32h7xx_it.o(i.SysTick_Handler) for SysTick_Handler
    startup_stm32h750xx.o(RESET) refers to stm32h7xx_it.o(i.DMA1_Stream0_IRQHandler) for DMA1_Stream0_IRQHandler
    startup_stm32h750xx.o(RESET) refers to stm32h7xx_it.o(i.DMA1_Stream1_IRQHandler) for DMA1_Stream1_IRQHandler
    startup_stm32h750xx.o(RESET) refers to stm32h7xx_it.o(i.DMA1_Stream2_IRQHandler) for DMA1_Stream2_IRQHandler
    startup_stm32h750xx.o(RESET) refers to stm32h7xx_it.o(i.TIM2_IRQHandler) for TIM2_IRQHandler
    startup_stm32h750xx.o(RESET) refers to stm32h7xx_it.o(i.UART4_IRQHandler) for UART4_IRQHandler
    startup_stm32h750xx.o(.text) refers (Special) to heapauxi.o(.text) for __use_two_region_memory
    startup_stm32h750xx.o(.text) refers to system_stm32h7xx.o(i.ExitRun0Mode) for ExitRun0Mode
    startup_stm32h750xx.o(.text) refers to system_stm32h7xx.o(i.SystemInit) for SystemInit
    startup_stm32h750xx.o(.text) refers to __main.o(!!!main) for __main
    startup_stm32h750xx.o(.text) refers to startup_stm32h750xx.o(HEAP) for Heap_Mem
    startup_stm32h750xx.o(.text) refers to startup_stm32h750xx.o(STACK) for Stack_Mem
    main.o(i.HAL_TIM_PeriodElapsedCallback) refers to stm32h7xx_hal_gpio.o(i.HAL_GPIO_TogglePin) for HAL_GPIO_TogglePin
    main.o(i.HAL_TIM_PeriodElapsedCallback) refers to stm32h7xx_hal_adc.o(i.HAL_ADC_Start_DMA) for HAL_ADC_Start_DMA
    main.o(i.HAL_TIM_PeriodElapsedCallback) refers to lpf.o(i.fLPF_Run) for fLPF_Run
    main.o(i.HAL_TIM_PeriodElapsedCallback) refers to analog.o(i.vADC_Data_Handle) for vADC_Data_Handle
    main.o(i.HAL_TIM_PeriodElapsedCallback) refers to main.o(.data) for .data
    main.o(i.HAL_TIM_PeriodElapsedCallback) refers to main.o(.bss) for .bss
    main.o(i.MX_ADC1_Init) refers to rt_memclr_w.o(.text) for __aeabi_memclr4
    main.o(i.MX_ADC1_Init) refers to stm32h7xx_hal_adc.o(i.HAL_ADC_Init) for HAL_ADC_Init
    main.o(i.MX_ADC1_Init) refers to stm32h7xx_hal_adc_ex.o(i.HAL_ADCEx_MultiModeConfigChannel) for HAL_ADCEx_MultiModeConfigChannel
    main.o(i.MX_ADC1_Init) refers to stm32h7xx_hal_adc.o(i.HAL_ADC_ConfigChannel) for HAL_ADC_ConfigChannel
    main.o(i.MX_ADC1_Init) refers to main.o(.bss) for .bss
    main.o(i.MX_FDCAN1_Init) refers to stm32h7xx_hal_fdcan.o(i.HAL_FDCAN_Init) for HAL_FDCAN_Init
    main.o(i.MX_FDCAN1_Init) refers to main.o(.bss) for .bss
    main.o(i.MX_GPIO_Init) refers to rt_memclr_w.o(.text) for __aeabi_memclr4
    main.o(i.MX_GPIO_Init) refers to stm32h7xx_hal_gpio.o(i.HAL_GPIO_WritePin) for HAL_GPIO_WritePin
    main.o(i.MX_GPIO_Init) refers to stm32h7xx_hal_gpio.o(i.HAL_GPIO_Init) for HAL_GPIO_Init
    main.o(i.MX_SPI2_Init) refers to stm32h7xx_hal_spi.o(i.HAL_SPI_Init) for HAL_SPI_Init
    main.o(i.MX_SPI2_Init) refers to main.o(.bss) for .bss
    main.o(i.MX_TIM2_Init) refers to stm32h7xx_hal_tim.o(i.HAL_TIM_Base_Init) for HAL_TIM_Base_Init
    main.o(i.MX_TIM2_Init) refers to stm32h7xx_hal_tim.o(i.HAL_TIM_ConfigClockSource) for HAL_TIM_ConfigClockSource
    main.o(i.MX_TIM2_Init) refers to stm32h7xx_hal_tim_ex.o(i.HAL_TIMEx_MasterConfigSynchronization) for HAL_TIMEx_MasterConfigSynchronization
    main.o(i.MX_TIM2_Init) refers to main.o(.bss) for .bss
    main.o(i.MX_TIM4_Init) refers to rt_memclr_w.o(.text) for __aeabi_memclr4
    main.o(i.MX_TIM4_Init) refers to stm32h7xx_hal_tim.o(i.HAL_TIM_Base_Init) for HAL_TIM_Base_Init
    main.o(i.MX_TIM4_Init) refers to stm32h7xx_hal_tim.o(i.HAL_TIM_ConfigClockSource) for HAL_TIM_ConfigClockSource
[...]
    stm32h7xx_hal_tim_ex.o(i.HAL_TIMEx_OnePulseN_Start_IT) refers to stm32h7xx_hal_tim_ex.o(i.TIM_CCxNChannelCmd) for TIM_CCxNChannelCmd
    stm32h7xx_hal_tim_ex.o(i.HAL_TIMEx_OnePulseN_Start_IT) refers to stm32h7xx_hal_tim.o(i.TIM_CCxChannelCmd) for TIM_CCxChannelCmd
    stm32h7xx_hal_tim_ex.o(i.HAL_TIMEx_OnePulseN_Stop) refers to main.o(i.assert_failed) for assert_failed
    stm32h7xx_hal_tim_ex.o(i.HAL_TIMEx_OnePulseN_Stop) refers to stm32h7xx_hal_tim_ex.o(i.TIM_CCxNChannelCmd) for TIM_CCxNChannelCmd
    stm32h7xx_hal_tim_ex.o(i.HAL_TIMEx_OnePulseN_Stop) refers to stm32h7xx_hal_tim.o(i.TIM_CCxChannelCmd) for TIM_CCxChannelCmd
    stm32h7xx_hal_tim_ex.o(i.HAL_TIMEx_OnePulseN_Stop_IT) refers to main.o(i.assert_failed) for assert_failed
    stm32h7xx_hal_tim_ex.o(i.HAL_TIMEx_OnePulseN_Stop_IT) refers to stm32h7xx_hal_tim_ex.o(i.TIM_CCxNChannelCmd) for TIM_CCxNChannelCmd
    stm32h7xx_hal_tim_ex.o(i.HAL_TIMEx_OnePulseN_Stop_IT) refers to stm32h7xx_hal_tim.o(i.TIM_CCxChannelCmd) for TIM_CCxChannelCmd
    stm32h7xx_hal_tim_ex.o(i.HAL_TIMEx_PWMN_Start) refers to main.o(i.assert_failed) for assert_failed
    stm32h7xx_hal_tim_ex.o(i.HAL_TIMEx_PWMN_Start) refers to stm32h7xx_hal_tim_ex.o(i.TIM_CCxNChannelCmd) for TIM_CCxNChannelCmd
    stm32h7xx_hal_tim_ex.o(i.HAL_TIMEx_PWMN_Start_DMA) refers to main.o(i.assert_failed) for assert_failed
    stm32h7xx_hal_tim_ex.o(i.HAL_TIMEx_PWMN_Start_DMA) refers to stm32h7xx_hal_dma.o(i.HAL_DMA_Start_IT) for HAL_DMA_Start_IT
    stm32h7xx_hal_tim_ex.o(i.HAL_TIMEx_PWMN_Start_DMA) refers to stm32h7xx_hal_tim_ex.o(i.TIM_CCxNChannelCmd) for TIM_CCxNChannelCmd
    stm32h7xx_hal_tim_ex.o(i.HAL_TIMEx_PWMN_Start_DMA) refers to stm32h7xx_hal_tim_ex.o(i.TIM_DMADelayPulseNCplt) for TIM_DMADelayPulseNCplt
    stm32h7xx_hal_tim_ex.o(i.HAL_TIMEx_PWMN_Start_DMA) refers to stm32h7xx_hal_tim.o(i.TIM_DMADelayPulseHalfCplt) for TIM_DMADelayPulseHalfCplt
    stm32h7xx_hal_tim_ex.o(i.HAL_TIMEx_PWMN_Start_DMA) refers to stm32h7xx_hal_tim_ex.o(i.TIM_DMAErrorCCxN) for TIM_DMAErrorCCxN
    stm32h7xx_hal_tim_ex.o(i.HAL_TIMEx_PWMN_Start_IT) refers to main.o(i.assert_failed) for assert_failed
    stm32h7xx_hal_tim_ex.o(i.HAL_TIMEx_PWMN_Start_IT) refers to stm32h7xx_hal_tim_ex.o(i.TIM_CCxNChannelCmd) for TIM_CCxNChannelCmd
    stm32h7xx_hal_tim_ex.o(i.HAL_TIMEx_PWMN_Stop) refers to main.o(i.assert_failed) for assert_failed
    stm32h7xx_hal_tim_ex.o(i.HAL_TIMEx_PWMN_Stop) refers to stm32h7xx_hal_tim_ex.o(i.TIM_CCxNChannelCmd) for TIM_CCxNChannelCmd
    stm32h7xx_hal_tim_ex.o(i.HAL_TIMEx_PWMN_Stop_DMA) refers to main.o(i.assert_failed) for assert_failed
    stm32h7xx_hal_tim_ex.o(i.HAL_TIMEx_PWMN_Stop_DMA) refers to stm32h7xx_hal_dma.o(i.HAL_DMA_Abort_IT) for HAL_DMA_Abort_IT
    stm32h7xx_hal_tim_ex.o(i.HAL_TIMEx_PWMN_Stop_DMA) refers to stm32h7xx_hal_tim_ex.o(i.TIM_CCxNChannelCmd) for TIM_CCxNChannelCmd
    stm32h7xx_hal_tim_ex.o(i.HAL_TIMEx_PWMN_Stop_IT) refers to main.o(i.assert_failed) for assert_failed
    stm32h7xx_hal_tim_ex.o(i.HAL_TIMEx_PWMN_Stop_IT) refers to stm32h7xx_hal_tim_ex.o(i.TIM_CCxNChannelCmd) for TIM_CCxNChannelCmd
    stm32h7xx_hal_tim_ex.o(i.HAL_TIMEx_RemapConfig) refers to main.o(i.assert_failed) for assert_failed
    stm32h7xx_hal_tim_ex.o(i.HAL_TIMEx_TISelection) refers to main.o(i.assert_failed) for assert_failed
    stm32h7xx_hal_tim_ex.o(i.TIMEx_DMACommutationCplt) refers to stm32h7xx_hal_tim_ex.o(i.HAL_TIMEx_CommutCallback) for HAL_TIMEx_CommutCallback
    stm32h7xx_hal_tim_ex.o(i.TIMEx_DMACommutationHalfCplt) refers to stm32h7xx_hal_tim_ex.o(i.HAL_TIMEx_CommutHalfCpltCallback) for HAL_TIMEx_CommutHalfCpltCallback
    stm32h7xx_hal_tim_ex.o(i.TIM_DMADelayPulseNCplt) refers to stm32h7xx_hal_tim.o(i.HAL_TIM_PWM_PulseFinishedCallback) for HAL_TIM_PWM_PulseFinishedCallback
    stm32h7xx_hal_tim_ex.o(i.TIM_DMAErrorCCxN) refers to stm32h7xx_hal_tim.o(i.HAL_TIM_ErrorCallback) for HAL_TIM_ErrorCallback
    stm32h7xx_hal_uart.o(i.HAL_HalfDuplex_Init) refers to main.o(i.assert_failed) for assert_failed
    stm32h7xx_hal_uart.o(i.HAL_HalfDuplex_Init) refers to stm32h7xx_hal_msp.o(i.HAL_UART_MspInit) for HAL_UART_MspInit
    stm32h7xx_hal_uart.o(i.HAL_HalfDuplex_Init) refers to stm32h7xx_hal_uart.o(i.UART_AdvFeatureConfig) for UART_AdvFeatureConfig
    stm32h7xx_hal_uart.o(i.HAL_HalfDuplex_Init) refers to stm32h7xx_hal_uart.o(i.UART_SetConfig) for UART_SetConfig
    stm32h7xx_hal_uart.o(i.HAL_HalfDuplex_Init) refers to stm32h7xx_hal_uart.o(i.UART_CheckIdleState) for UART_CheckIdleState
    stm32h7xx_hal_uart.o(i.HAL_LIN_Init) refers to main.o(i.assert_failed) for assert_failed
    stm32h7xx_hal_uart.o(i.HAL_LIN_Init) refers to stm32h7xx_hal_msp.o(i.HAL_UART_MspInit) for HAL_UART_MspInit
    stm32h7xx_hal_uart.o(i.HAL_LIN_Init) refers to stm32h7xx_hal_uart.o(i.UART_AdvFeatureConfig) for UART_AdvFeatureConfig
    stm32h7xx_hal_uart.o(i.HAL_LIN_Init) refers to stm32h7xx_hal_uart.o(i.UART_SetConfig) for UART_SetConfig
    stm32h7xx_hal_uart.o(i.HAL_LIN_Init) refers to stm32h7xx_hal_uart.o(i.UART_CheckIdleState) for UART_CheckIdleState
    stm32h7xx_hal_uart.o(i.HAL_LIN_SendBreak) refers to main.o(i.assert_failed) for assert_failed
    stm32h7xx_hal_uart.o(i.HAL_MultiProcessor_DisableMuteMode) refers to stm32h7xx_hal_uart.o(i.UART_CheckIdleState) for UART_CheckIdleState
    stm32h7xx_hal_uart.o(i.HAL_MultiProcessor_EnableMuteMode) refers to stm32h7xx_hal_uart.o(i.UART_CheckIdleState) for UART_CheckIdleState
    stm32h7xx_hal_uart.o(i.HAL_MultiProcessor_Init) refers to main.o(i.assert_failed) for assert_failed
    stm32h7xx_hal_uart.o(i.HAL_MultiProcessor_Init) refers to stm32h7xx_hal_msp.o(i.HAL_UART_MspInit) for HAL_UART_MspInit
    stm32h7xx_hal_uart.o(i.HAL_MultiProcessor_Init) refers to stm32h7xx_hal_uart.o(i.UART_AdvFeatureConfig) for UART_AdvFeatureConfig
    stm32h7xx_hal_uart.o(i.HAL_MultiProcessor_Init) refers to stm32h7xx_hal_uart.o(i.UART_SetConfig) for UART_SetConfig
    stm32h7xx_hal_uart.o(i.HAL_MultiProcessor_Init) refers to stm32h7xx_hal_uart.o(i.UART_CheckIdleState) for UART_CheckIdleState
    stm32h7xx_hal_uart.o(i.HAL_UART_Abort) refers to stm32h7xx_hal_dma.o(i.HAL_DMA_Abort) for HAL_DMA_Abort
    stm32h7xx_hal_uart.o(i.HAL_UART_Abort) refers to stm32h7xx_hal_dma.o(i.HAL_DMA_GetError) for HAL_DMA_GetError
    stm32h7xx_hal_uart.o(i.HAL_UART_AbortReceive) refers to stm32h7xx_hal_dma.o(i.HAL_DMA_Abort) for HAL_DMA_Abort
    stm32h7xx_hal_uart.o(i.HAL_UART_AbortReceive) refers to stm32h7xx_hal_dma.o(i.HAL_DMA_GetError) for HAL_DMA_GetError
    stm32h7xx_hal_uart.o(i.HAL_UART_AbortReceive_IT) refers to stm32h7xx_hal_dma.o(i.HAL_DMA_Abort_IT) for HAL_DMA_Abort_IT
    stm32h7xx_hal_uart.o(i.HAL_UART_AbortReceive_IT) refers to stm32h7xx_hal_uart.o(i.HAL_UART_AbortReceiveCpltCallback) for HAL_UART_AbortReceiveCpltCallback
    stm32h7xx_hal_uart.o(i.HAL_UART_AbortReceive_IT) refers to stm32h7xx_hal_uart.o(i.UART_DMARxOnlyAbortCallback) for UART_DMARxOnlyAbortCallback
    stm32h7xx_hal_uart.o(i.HAL_UART_AbortTransmit) refers to stm32h7xx_hal_dma.o(i.HAL_DMA_Abort) for HAL_DMA_Abort
    stm32h7xx_hal_uart.o(i.HAL_UART_AbortTransmit) refers to stm32h7xx_hal_dma.o(i.HAL_DMA_GetError) for HAL_DMA_GetError
    stm32h7xx_hal_uart.o(i.HAL_UART_AbortTransmit_IT) refers to stm32h7xx_hal_dma.o(i.HAL_DMA_Abort_IT) for HAL_DMA_Abort_IT
    stm32h7xx_hal_uart.o(i.HAL_UART_AbortTransmit_IT) refers to stm32h7xx_hal_uart.o(i.HAL_UART_AbortTransmitCpltCallback) for HAL_UART_AbortTransmitCpltCallback
    stm32h7xx_hal_uart.o(i.HAL_UART_AbortTransmit_IT) refers to stm32h7xx_hal_uart.o(i.UART_DMATxOnlyAbortCallback) for UART_DMATxOnlyAbortCallback
    stm32h7xx_hal_uart.o(i.HAL_UART_Abort_IT) refers to stm32h7xx_hal_dma.o(i.HAL_DMA_Abort_IT) for HAL_DMA_Abort_IT
    stm32h7xx_hal_uart.o(i.HAL_UART_Abort_IT) refers to stm32h7xx_hal_uart.o(i.HAL_UART_AbortCpltCallback) for HAL_UART_AbortCpltCallback
    stm32h7xx_hal_uart.o(i.HAL_UART_Abort_IT) refers to stm32h7xx_hal_uart.o(i.UART_DMATxAbortCallback) for UART_DMATxAbortCallback
    stm32h7xx_hal_uart.o(i.HAL_UART_Abort_IT) refers to stm32h7xx_hal_uart.o(i.UART_DMARxAbortCallback) for UART_DMARxAbortCallback
    stm32h7xx_hal_uart.o(i.HAL_UART_DMAStop) refers to stm32h7xx_hal_dma.o(i.HAL_DMA_Abort) for HAL_DMA_Abort
    stm32h7xx_hal_uart.o(i.HAL_UART_DMAStop) refers to stm32h7xx_hal_dma.o(i.HAL_DMA_GetError) for HAL_DMA_GetError
    stm32h7xx_hal_uart.o(i.HAL_UART_DMAStop) refers to stm32h7xx_hal_uart.o(i.UART_EndTxTransfer) for UART_EndTxTransfer
    stm32h7xx_hal_uart.o(i.HAL_UART_DMAStop) refers to stm32h7xx_hal_uart.o(i.UART_EndRxTransfer) for UART_EndRxTransfer
    stm32h7xx_hal_uart.o(i.HAL_UART_DeInit) refers to main.o(i.assert_failed) for assert_failed
    stm32h7xx_hal_uart.o(i.HAL_UART_DeInit) refers to stm32h7xx_hal_msp.o(i.HAL_UART_MspDeInit) for HAL_UART_MspDeInit
    stm32h7xx_hal_uart.o(i.HAL_UART_IRQHandler) refers to stm32h7xx_hal_uart.o(i.UART_EndRxTransfer) for UART_EndRxTransfer
    stm32h7xx_hal_uart.o(i.HAL_UART_IRQHandler) refers to stm32h7xx_hal_dma.o(i.HAL_DMA_Abort_IT) for HAL_DMA_Abort_IT
    stm32h7xx_hal_uart.o(i.HAL_UART_IRQHandler) refers to uart.o(i.HAL_UART_ErrorCallback) for HAL_UART_ErrorCallback
    stm32h7xx_hal_uart.o(i.HAL_UART_IRQHandler) refers to stm32h7xx_hal_dma.o(i.HAL_DMA_Abort) for HAL_DMA_Abort
    stm32h7xx_hal_uart.o(i.HAL_UART_IRQHandler) refers to stm32h7xx_hal_uart.o(i.HAL_UARTEx_RxEventCallback) for HAL_UARTEx_RxEventCallback
    stm32h7xx_hal_uart.o(i.HAL_UART_IRQHandler) refers to stm32h7xx_hal_uart_ex.o(i.HAL_UARTEx_WakeupCallback) for HAL_UARTEx_WakeupCallback
    stm32h7xx_hal_uart.o(i.HAL_UART_IRQHandler) refers to uart.o(i.HAL_UART_TxCpltCallback) for HAL_UART_TxCpltCallback
    stm32h7xx_hal_uart.o(i.HAL_UART_IRQHandler) refers to stm32h7xx_hal_uart_ex.o(i.HAL_UARTEx_TxFifoEmptyCallback) for HAL_UARTEx_TxFifoEmptyCallback
    stm32h7xx_hal_uart.o(i.HAL_UART_IRQHandler) refers to stm32h7xx_hal_uart_ex.o(i.HAL_UARTEx_RxFifoFullCallback) for HAL_UARTEx_RxFifoFullCallback
    stm32h7xx_hal_uart.o(i.HAL_UART_IRQHandler) refers to stm32h7xx_hal_uart.o(i.UART_DMAAbortOnError) for UART_DMAAbortOnError
    stm32h7xx_hal_uart.o(i.HAL_UART_Init) refers to main.o(i.assert_failed) for assert_failed
    stm32h7xx_hal_uart.o(i.HAL_UART_Init) refers to stm32h7xx_hal_msp.o(i.HAL_UART_MspInit) for HAL_UART_MspInit
    stm32h7xx_hal_uart.o(i.HAL_UART_Init) refers to stm32h7xx_hal_uart.o(i.UART_AdvFeatureConfig) for UART_AdvFeatureConfig
    stm32h7xx_hal_uart.o(i.HAL_UART_Init) refers to stm32h7xx_hal_uart.o(i.UART_SetConfig) for UART_SetConfig
    stm32h7xx_hal_uart.o(i.HAL_UART_Init) refers to stm32h7xx_hal_uart.o(i.UART_CheckIdleState) for UART_CheckIdleState
    stm32h7xx_hal_uart.o(i.HAL_UART_Receive) refers to stm32h7xx_hal.o(i.HAL_GetTick) for HAL_GetTick
    stm32h7xx_hal_uart.o(i.HAL_UART_Receive) refers to stm32h7xx_hal_uart.o(i.UART_WaitOnFlagUntilTimeout) for UART_WaitOnFlagUntilTimeout
    stm32h7xx_hal_uart.o(i.HAL_UART_Receive_DMA) refers to stm32h7xx_hal_uart.o(i.UART_Start_Receive_DMA) for UART_Start_Receive_DMA
    stm32h7xx_hal_uart.o(i.HAL_UART_Receive_IT) refers to stm32h7xx_hal_uart.o(i.UART_Start_Receive_IT) for UART_Start_Receive_IT
    stm32h7xx_hal_uart.o(i.HAL_UART_ReceiverTimeout_Config) refers to main.o(i.assert_failed) for assert_failed
    stm32h7xx_hal_uart.o(i.HAL_UART_Transmit) refers to stm32h7xx_hal.o(i.HAL_GetTick) for HAL_GetTick
    stm32h7xx_hal_uart.o(i.HAL_UART_Transmit) refers to stm32h7xx_hal_uart.o(i.UART_WaitOnFlagUntilTimeout) for UART_WaitOnFlagUntilTimeout
    stm32h7xx_hal_uart.o(i.HAL_UART_Transmit_DMA) refers to stm32h7xx_hal_dma.o(i.HAL_DMA_Start_IT) for HAL_DMA_Start_IT
    stm32h7xx_hal_uart.o(i.HAL_UART_Transmit_DMA) refers to stm32h7xx_hal_uart.o(i.UART_DMATransmitCplt) for UART_DMATransmitCplt
    stm32h7xx_hal_uart.o(i.HAL_UART_Transmit_DMA) refers to stm32h7xx_hal_uart.o(i.UART_DMATxHalfCplt) for UART_DMATxHalfCplt
    stm32h7xx_hal_uart.o(i.HAL_UART_Transmit_DMA) refers to stm32h7xx_hal_uart.o(i.UART_DMAError) for UART_DMAError
    stm32h7xx_hal_uart.o(i.HAL_UART_Transmit_IT) refers to stm32h7xx_hal_uart.o(i.UART_TxISR_8BIT) for UART_TxISR_8BIT
    stm32h7xx_hal_uart.o(i.HAL_UART_Transmit_IT) refers to stm32h7xx_hal_uart.o(i.UART_TxISR_8BIT_FIFOEN) for UART_TxISR_8BIT_FIFOEN
    stm32h7xx_hal_uart.o(i.HAL_UART_Transmit_IT) refers to stm32h7xx_hal_uart.o(i.UART_TxISR_16BIT_FIFOEN) for UART_TxISR_16BIT_FIFOEN
    stm32h7xx_hal_uart.o(i.HAL_UART_Transmit_IT) refers to stm32h7xx_hal_uart.o(i.UART_TxISR_16BIT) for UART_TxISR_16BIT
    stm32h7xx_hal_uart.o(i.UART_AdvFeatureConfig) refers to main.o(i.assert_failed) for assert_failed
    stm32h7xx_hal_uart.o(i.UART_CheckIdleState) refers to stm32h7xx_hal.o(i.HAL_GetTick) for HAL_GetTick
    stm32h7xx_hal_uart.o(i.UART_CheckIdleState) refers to stm32h7xx_hal_uart.o(i.UART_WaitOnFlagUntilTimeout) for UART_WaitOnFlagUntilTimeout
    stm32h7xx_hal_uart.o(i.UART_DMAAbortOnError) refers to uart.o(i.HAL_UART_ErrorCallback) for HAL_UART_ErrorCallback
    stm32h7xx_hal_uart.o(i.UART_DMAError) refers to stm32h7xx_hal_uart.o(i.UART_EndTxTransfer) for UART_EndTxTransfer
    stm32h7xx_hal_uart.o(i.UART_DMAError) refers to stm32h7xx_hal_uart.o(i.UART_EndRxTransfer) for UART_EndRxTransfer
    stm32h7xx_hal_uart.o(i.UART_DMAError) refers to uart.o(i.HAL_UART_ErrorCallback) for HAL_UART_ErrorCallback
    stm32h7xx_hal_uart.o(i.UART_DMAReceiveCplt) refers to uart.o(i.HAL_UART_RxCpltCallback) for HAL_UART_RxCpltCallback
    stm32h7xx_hal_uart.o(i.UART_DMAReceiveCplt) refers to stm32h7xx_hal_uart.o(i.HAL_UARTEx_RxEventCallback) for HAL_UARTEx_RxEventCallback
    stm32h7xx_hal_uart.o(i.UART_DMARxAbortCallback) refers to stm32h7xx_hal_uart.o(i.HAL_UART_AbortCpltCallback) for HAL_UART_AbortCpltCallback
    stm32h7xx_hal_uart.o(i.UART_DMARxHalfCplt) refers to stm32h7xx_hal_uart.o(i.HAL_UART_RxHalfCpltCallback) for HAL_UART_RxHalfCpltCallback
    stm32h7xx_hal_uart.o(i.UART_DMARxHalfCplt) refers to stm32h7xx_hal_uart.o(i.HAL_UARTEx_RxEventCallback) for HAL_UARTEx_RxEventCallback
    stm32h7xx_hal_uart.o(i.UART_DMARxOnlyAbortCallback) refers to stm32h7xx_hal_uart.o(i.HAL_UART_AbortReceiveCpltCallback) for HAL_UART_AbortReceiveCpltCallback
    stm32h7xx_hal_uart.o(i.UART_DMATransmitCplt) refers to uart.o(i.HAL_UART_TxCpltCallback) for HAL_UART_TxCpltCallback
    stm32h7xx_hal_uart.o(i.UART_DMATxAbortCallback) refers to stm32h7xx_hal_uart.o(i.HAL_UART_AbortCpltCallback) for HAL_UART_AbortCpltCallback
    stm32h7xx_hal_uart.o(i.UART_DMATxHalfCplt) refers to stm32h7xx_hal_uart.o(i.HAL_UART_TxHalfCpltCallback) for HAL_UART_TxHalfCpltCallback
    stm32h7xx_hal_uart.o(i.UART_DMATxOnlyAbortCallback) refers to stm32h7xx_hal_uart.o(i.HAL_UART_AbortTransmitCpltCallback) for HAL_UART_AbortTransmitCpltCallback
    stm32h7xx_hal_uart.o(i.UART_RxISR_16BIT) refers to uart.o(i.HAL_UART_RxCpltCallback) for HAL_UART_RxCpltCallback
    stm32h7xx_hal_uart.o(i.UART_RxISR_16BIT) refers to stm32h7xx_hal_uart.o(i.HAL_UARTEx_RxEventCallback) for HAL_UARTEx_RxEventCallback
    stm32h7xx_hal_uart.o(i.UART_RxISR_16BIT_FIFOEN) refers to uart.o(i.HAL_UART_ErrorCallback) for HAL_UART_ErrorCallback
    stm32h7xx_hal_uart.o(i.UART_RxISR_16BIT_FIFOEN) refers to uart.o(i.HAL_UART_RxCpltCallback) for HAL_UART_RxCpltCallback
    stm32h7xx_hal_uart.o(i.UART_RxISR_16BIT_FIFOEN) refers to stm32h7xx_hal_uart.o(i.HAL_UARTEx_RxEventCallback) for HAL_UARTEx_RxEventCallback
    stm32h7xx_hal_uart.o(i.UART_RxISR_16BIT_FIFOEN) refers to stm32h7xx_hal_uart.o(i.UART_RxISR_16BIT) for UART_RxISR_16BIT
    stm32h7xx_hal_uart.o(i.UART_RxISR_8BIT) refers to uart.o(i.HAL_UART_RxCpltCallback) for HAL_UART_RxCpltCallback
    stm32h7xx_hal_uart.o(i.UART_RxISR_8BIT) refers to stm32h7xx_hal_uart.o(i.HAL_UARTEx_RxEventCallback) for HAL_UARTEx_RxEventCallback
    stm32h7xx_hal_uart.o(i.UART_RxISR_8BIT_FIFOEN) refers to uart.o(i.HAL_UART_ErrorCallback) for HAL_UART_ErrorCallback
    stm32h7xx_hal_uart.o(i.UART_RxISR_8BIT_FIFOEN) refers to uart.o(i.HAL_UART_RxCpltCallback) for HAL_UART_RxCpltCallback
    stm32h7xx_hal_uart.o(i.UART_RxISR_8BIT_FIFOEN) refers to stm32h7xx_hal_uart.o(i.HAL_UARTEx_RxEventCallback) for HAL_UARTEx_RxEventCallback
    stm32h7xx_hal_uart.o(i.UART_RxISR_8BIT_FIFOEN) refers to stm32h7xx_hal_uart.o(i.UART_RxISR_8BIT) for UART_RxISR_8BIT
    stm32h7xx_hal_uart.o(i.UART_SetConfig) refers to main.o(i.assert_failed) for assert_failed
    stm32h7xx_hal_uart.o(i.UART_SetConfig) refers to stm32h7xx_hal_rcc_ex.o(i.HAL_RCCEx_GetD3PCLK1Freq) for HAL_RCCEx_GetD3PCLK1Freq
    stm32h7xx_hal_uart.o(i.UART_SetConfig) refers to stm32h7xx_hal_rcc_ex.o(i.HAL_RCCEx_GetPLL2ClockFreq) for HAL_RCCEx_GetPLL2ClockFreq
    stm32h7xx_hal_uart.o(i.UART_SetConfig) refers to stm32h7xx_hal_rcc_ex.o(i.HAL_RCCEx_GetPLL3ClockFreq) for HAL_RCCEx_GetPLL3ClockFreq
    stm32h7xx_hal_uart.o(i.UART_SetConfig) refers to lludivv7m.o(.text) for __aeabi_uldivmod
    stm32h7xx_hal_uart.o(i.UART_SetConfig) refers to stm32h7xx_hal_rcc.o(i.HAL_RCC_GetPCLK1Freq) for HAL_RCC_GetPCLK1Freq
    stm32h7xx_hal_uart.o(i.UART_SetConfig) refers to stm32h7xx_hal_rcc.o(i.HAL_RCC_GetPCLK2Freq) for HAL_RCC_GetPCLK2Freq
    stm32h7xx_hal_uart.o(i.UART_SetConfig) refers to stm32h7xx_hal_uart.o(.constdata) for .constdata
    stm32h7xx_hal_uart.o(i.UART_Start_Receive_DMA) refers to stm32h7xx_hal_dma.o(i.HAL_DMA_Start_IT) for HAL_DMA_Start_IT
    stm32h7xx_hal_uart.o(i.UART_Start_Receive_DMA) refers to stm32h7xx_hal_uart.o(i.UART_DMAReceiveCplt) for UART_DMAReceiveCplt
    stm32h7xx_hal_uart.o(i.UART_Start_Receive_DMA) refers to stm32h7xx_hal_uart.o(i.UART_DMARxHalfCplt) for UART_DMARxHalfCplt
    stm32h7xx_hal_uart.o(i.UART_Start_Receive_DMA) refers to stm32h7xx_hal_uart.o(i.UART_DMAError) for UART_DMAError
    stm32h7xx_hal_uart.o(i.UART_Start_Receive_IT) refers to stm32h7xx_hal_uart.o(i.UART_RxISR_8BIT_FIFOEN) for UART_RxISR_8BIT_FIFOEN
    stm32h7xx_hal_uart.o(i.UART_Start_Receive_IT) refers to stm32h7xx_hal_uart.o(i.UART_RxISR_16BIT_FIFOEN) for UART_RxISR_16BIT_FIFOEN
    stm32h7xx_hal_uart.o(i.UART_Start_Receive_IT) refers to stm32h7xx_hal_uart.o(i.UART_RxISR_8BIT) for UART_RxISR_8BIT
    stm32h7xx_hal_uart.o(i.UART_Start_Receive_IT) refers to stm32h7xx_hal_uart.o(i.UART_RxISR_16BIT) for UART_RxISR_16BIT
    stm32h7xx_hal_uart.o(i.UART_WaitOnFlagUntilTimeout) refers to stm32h7xx_hal.o(i.HAL_GetTick) for HAL_GetTick
    stm32h7xx_hal_uart.o(i.UART_WaitOnFlagUntilTimeout) refers to stm32h7xx_hal_uart.o(i.UART_EndRxTransfer) for UART_EndRxTransfer
    stm32h7xx_hal_uart_ex.o(i.HAL_MultiProcessorEx_AddressLength_Set) refers to main.o(i.assert_failed) for assert_failed
    stm32h7xx_hal_uart_ex.o(i.HAL_MultiProcessorEx_AddressLength_Set) refers to stm32h7xx_hal_uart.o(i.UART_CheckIdleState) for UART_CheckIdleState
    stm32h7xx_hal_uart_ex.o(i.HAL_RS485Ex_Init) refers to main.o(i.assert_failed) for assert_failed
    stm32h7xx_hal_uart_ex.o(i.HAL_RS485Ex_Init) refers to stm32h7xx_hal_msp.o(i.HAL_UART_MspInit) for HAL_UART_MspInit
    stm32h7xx_hal_uart_ex.o(i.HAL_RS485Ex_Init) refers to stm32h7xx_hal_uart.o(i.UART_AdvFeatureConfig) for UART_AdvFeatureConfig
    stm32h7xx_hal_uart_ex.o(i.HAL_RS485Ex_Init) refers to stm32h7xx_hal_uart.o(i.UART_SetConfig) for UART_SetConfig
    stm32h7xx_hal_uart_ex.o(i.HAL_RS485Ex_Init) refers to stm32h7xx_hal_uart.o(i.UART_CheckIdleState) for UART_CheckIdleState
    stm32h7xx_hal_uart_ex.o(i.HAL_UARTEx_DisableFifoMode) refers to main.o(i.assert_failed) for assert_failed
    stm32h7xx_hal_uart_ex.o(i.HAL_UARTEx_EnableFifoMode) refers to main.o(i.assert_failed) for assert_failed
    stm32h7xx_hal_uart_ex.o(i.HAL_UARTEx_EnableFifoMode) refers to stm32h7xx_hal_uart_ex.o(i.UARTEx_SetNbDataToProcess) for UARTEx_SetNbDataToProcess
    stm32h7xx_hal_uart_ex.o(i.HAL_UARTEx_ReceiveToIdle) refers to stm32h7xx_hal.o(i.HAL_GetTick) for HAL_GetTick
    stm32h7xx_hal_uart_ex.o(i.HAL_UARTEx_ReceiveToIdle_DMA) refers to stm32h7xx_hal_uart.o(i.UART_Start_Receive_DMA) for UART_Start_Receive_DMA
    stm32h7xx_hal_uart_ex.o(i.HAL_UARTEx_ReceiveToIdle_IT) refers to stm32h7xx_hal_uart.o(i.UART_Start_Receive_IT) for UART_Start_Receive_IT
    stm32h7xx_hal_uart_ex.o(i.HAL_UARTEx_SetRxFifoThreshold) refers to main.o(i.assert_failed) for assert_failed
    stm32h7xx_hal_uart_ex.o(i.HAL_UARTEx_SetRxFifoThreshold) refers to stm32h7xx_hal_uart_ex.o(i.UARTEx_SetNbDataToProcess) for UARTEx_SetNbDataToProcess
    stm32h7xx_hal_uart_ex.o(i.HAL_UARTEx_SetTxFifoThreshold) refers to main.o(i.assert_failed) for assert_failed
    stm32h7xx_hal_uart_ex.o(i.HAL_UARTEx_SetTxFifoThreshold) refers to stm32h7xx_hal_uart_ex.o(i.UARTEx_SetNbDataToProcess) for UARTEx_SetNbDataToProcess
    stm32h7xx_hal_uart_ex.o(i.HAL_UARTEx_StopModeWakeUpSourceConfig) refers to main.o(i.assert_failed) for assert_failed
    stm32h7xx_hal_uart_ex.o(i.HAL_UARTEx_StopModeWakeUpSourceConfig) refers to stm32h7xx_hal.o(i.HAL_GetTick) for HAL_GetTick
    stm32h7xx_hal_uart_ex.o(i.HAL_UARTEx_StopModeWakeUpSourceConfig) refers to stm32h7xx_hal_uart.o(i.UART_WaitOnFlagUntilTimeout) for UART_WaitOnFlagUntilTimeout
    stm32h7xx_hal_uart_ex.o(i.UARTEx_SetNbDataToProcess) refers to stm32h7xx_hal_uart_ex.o(.constdata) for .constdata
    system_stm32h7xx.o(i.SystemCoreClockUpdate) refers to system_stm32h7xx.o(.constdata) for .constdata
    system_stm32h7xx.o(i.SystemCoreClockUpdate) refers to system_stm32h7xx.o(.data) for .data
    rt_memcpy_v6.o(.text) refers to rt_memcpy_w.o(.text) for __aeabi_memcpy4
    rt_memclr.o(.text) refers to rt_memclr_w.o(.text) for _memset_w
    __main.o(!!!main) refers to __rtentry.o(.ARM.Collect$$rtentry$$00000000) for __rt_entry
    __rtentry.o(.ARM.Collect$$rtentry$$00000000) refers (Special) to __rtentry2.o(.ARM.Collect$$rtentry$$0000000A) for __rt_entry_li
    __rtentry.o(.ARM.Collect$$rtentry$$00000000) refers (Special) to __rtentry2.o(.ARM.Collect$$rtentry$$0000000D) for __rt_entry_main
    __rtentry.o(.ARM.Collect$$rtentry$$00000000) refers (Special) to __rtentry2.o(.ARM.Collect$$rtentry$$0000000C) for __rt_entry_postli_1
    __rtentry.o(.ARM.Collect$$rtentry$$00000000) refers (Special) to __rtentry2.o(.ARM.Collect$$rtentry$$00000009) for __rt_entry_postsh_1
    __rtentry.o(.ARM.Collect$$rtentry$$00000000) refers (Special) to __rtentry2.o(.ARM.Collect$$rtentry$$00000002) for __rt_entry_presh_1
    __rtentry.o(.ARM.Collect$$rtentry$$00000000) refers (Special) to __rtentry4.o(.ARM.Collect$$rtentry$$00000004) for __rt_entry_sh
    aeabi_ldiv0_sigfpe.o(.text) refers to rt_div0.o(.text) for __rt_div0
    __rtentry2.o(.ARM.Collect$$rtentry$$00000008) refers to boardinit2.o(.text) for _platform_post_stackheap_init
    __rtentry2.o(.ARM.Collect$$rtentry$$0000000A) refers to libinit.o(.ARM.Collect$$libinit$$00000000) for __rt_lib_init
    __rtentry2.o(.ARM.Collect$$rtentry$$0000000B) refers to boardinit3.o(.text) for _platform_post_lib_init
    __rtentry2.o(.ARM.Collect$$rtentry$$0000000D) refers to main.o(i.main) for main
    __rtentry2.o(.ARM.Collect$$rtentry$$0000000D) refers to exit.o(.text) for exit
    __rtentry2.o(.ARM.exidx) refers to __rtentry2.o(.ARM.Collect$$rtentry$$00000001) for .ARM.Collect$$rtentry$$00000001
    __rtentry2.o(.ARM.exidx) refers to __rtentry2.o(.ARM.Collect$$rtentry$$00000008) for .ARM.Collect$$rtentry$$00000008
    __rtentry2.o(.ARM.exidx) refers to __rtentry2.o(.ARM.Collect$$rtentry$$0000000A) for .ARM.Collect$$rtentry$$0000000A
    __rtentry2.o(.ARM.exidx) refers to __rtentry2.o(.ARM.Collect$$rtentry$$0000000B) for .ARM.Collect$$rtentry$$0000000B
    __rtentry2.o(.ARM.exidx) refers to __rtentry2.o(.ARM.Collect$$rtentry$$0000000D) for .ARM.Collect$$rtentry$$0000000D
    __rtentry4.o(.ARM.Collect$$rtentry$$00000004) refers to sys_stackheap_outer.o(.text) for __user_setup_stackheap
    __rtentry4.o(.ARM.exidx) refers to __rtentry4.o(.ARM.Collect$$rtentry$$00000004) for .ARM.Collect$$rtentry$$00000004
    rt_div0.o(.text) refers to defsig_fpe_outer.o(.text) for __rt_SIGFPE
    sys_stackheap_outer.o(.text) refers to libspace.o(.text) for __user_perproc_libspace
    sys_stackheap_outer.o(.text) refers to startup_stm32h750xx.o(.text) for __user_initial_stackheap
    exit.o(.text) refers to rtexit.o(.ARM.Collect$$rtexit$$00000000) for __rt_exit
    defsig_fpe_outer.o(.text) refers to defsig_fpe_inner.o(.text) for __rt_SIGFPE_inner
    defsig_fpe_outer.o(.text) refers to defsig_exit.o(.text) for __sig_exit
    defsig_fpe_formal.o(.text) refers to rt_raise.o(.text) for __rt_raise
    libinit.o(.ARM.Collect$$libinit$$00000000) refers (Special) to libinit2.o(.ARM.Collect$$libinit$$0000002E) for __rt_lib_init_alloca_1
    libinit.o(.ARM.Collect$$libinit$$00000000) refers (Special) to libinit2.o(.ARM.Collect$$libinit$$0000002C) for __rt_lib_init_argv_1
    libinit.o(.ARM.Collect$$libinit$$00000000) refers (Special) to libinit2.o(.ARM.Collect$$libinit$$0000001B) for __rt_lib_init_atexit_1
    libinit.o(.ARM.Collect$$libinit$$00000000) refers (Special) to libinit2.o(.ARM.Collect$$libinit$$00000021) for __rt_lib_init_clock_1
    libinit.o(.ARM.Collect$$libinit$$00000000) refers (Special) to libinit2.o(.ARM.Collect$$libinit$$00000032) for __rt_lib_init_cpp_1
    libinit.o(.ARM.Collect$$libinit$$00000000) refers (Special) to libinit2.o(.ARM.Collect$$libinit$$00000030) for __rt_lib_init_exceptions_1
    libinit.o(.ARM.Collect$$libinit$$00000000) refers (Special) to libinit2.o(.ARM.Collect$$libinit$$00000001) for __rt_lib_init_fp_1
    libinit.o(.ARM.Collect$$libinit$$00000000) refers (Special) to libinit2.o(.ARM.Collect$$libinit$$0000001F) for __rt_lib_init_fp_trap_1
    libinit.o(.ARM.Collect$$libinit$$00000000) refers (Special) to libinit2.o(.ARM.Collect$$libinit$$00000023) for __rt_lib_init_getenv_1
    libinit.o(.ARM.Collect$$libinit$$00000000) refers (Special) to libinit2.o(.ARM.Collect$$libinit$$0000000A) for __rt_lib_init_heap_1
    libinit.o(.ARM.Collect$$libinit$$00000000) refers (Special) to libinit2.o(.ARM.Collect$$libinit$$00000011) for __rt_lib_init_lc_collate_1
    libinit.o(.ARM.Collect$$libinit$$00000000) refers (Special) to libinit2.o(.ARM.Collect$$libinit$$00000013) for __rt_lib_init_lc_ctype_1
    libinit.o(.ARM.Collect$$libinit$$00000000) refers (Special) to libinit2.o(.ARM.Collect$$libinit$$00000015) for __rt_lib_init_lc_monetary_1
    libinit.o(.ARM.Collect$$libinit$$00000000) refers (Special) to libinit2.o(.ARM.Collect$$libinit$$00000017) for __rt_lib_init_lc_numeric_1
    libinit.o(.ARM.Collect$$libinit$$00000000) refers (Special) to libinit2.o(.ARM.Collect$$libinit$$00000019) for __rt_lib_init_lc_time_1
    libinit.o(.ARM.Collect$$libinit$$00000000) refers (Special) to libinit2.o(.ARM.Collect$$libinit$$00000004) for __rt_lib_init_preinit_1
    libinit.o(.ARM.Collect$$libinit$$00000000) refers (Special) to libinit2.o(.ARM.Collect$$libinit$$0000000E) for __rt_lib_init_rand_1
    libinit.o(.ARM.Collect$$libinit$$00000000) refers (Special) to libinit2.o(.ARM.Collect$$libinit$$00000033) for __rt_lib_init_return
    libinit.o(.ARM.Collect$$libinit$$00000000) refers (Special) to libinit2.o(.ARM.Collect$$libinit$$0000001D) for __rt_lib_init_signal_1
    libinit.o(.ARM.Collect$$libinit$$00000000) refers (Special) to libinit2.o(.ARM.Collect$$libinit$$00000025) for __rt_lib_init_stdio_1
    libinit.o(.ARM.Collect$$libinit$$00000000) refers (Special) to libinit2.o(.ARM.Collect$$libinit$$0000000C) for __rt_lib_init_user_alloc_1
    libspace.o(.text) refers to libspace.o(.bss) for __libspace_start
    rtexit.o(.ARM.Collect$$rtexit$$00000000) refers (Special) to rtexit2.o(.ARM.Collect$$rtexit$$00000004) for __rt_exit_exit
    rtexit.o(.ARM.Collect$$rtexit$$00000000) refers (Special) to rtexit2.o(.ARM.Collect$$rtexit$$00000003) for __rt_exit_ls
    rtexit.o(.ARM.Collect$$rtexit$$00000000) refers (Special) to rtexit2.o(.ARM.Collect$$rtexit$$00000002) for __rt_exit_prels_1
    rtexit.o(.ARM.exidx) refers (Special) to rtexit2.o(.ARM.Collect$$rtexit$$00000004) for __rt_exit_exit
    rtexit.o(.ARM.exidx) refers (Special) to rtexit2.o(.ARM.Collect$$rtexit$$00000003) for __rt_exit_ls
    rtexit.o(.ARM.exidx) refers (Special) to rtexit2.o(.ARM.Collect$$rtexit$$00000002) for __rt_exit_prels_1
    rtexit.o(.ARM.exidx) refers to rtexit.o(.ARM.Collect$$rtexit$$00000000) for .ARM.Collect$$rtexit$$00000000
    rt_raise.o(.text) refers to __raise.o(.text) for __raise
    rt_raise.o(.text) refers to sys_exit.o(.text) for _sys_exit
    defsig_exit.o(.text) refers to sys_exit.o(.text) for _sys_exit
    defsig_fpe_inner.o(.text) refers to defsig_general.o(.text) for __default_signal_display
    libinit2.o(.ARM.Collect$$libinit$$00000001) refers to fpinit.o(x$fpl$fpinit) for _fp_init
    libinit2.o(.ARM.Collect$$libinit$$00000010) refers to libinit2.o(.ARM.Collect$$libinit$$0000000F) for .ARM.Collect$$libinit$$0000000F
    libinit2.o(.ARM.Collect$$libinit$$00000012) refers to libinit2.o(.ARM.Collect$$libinit$$0000000F) for .ARM.Collect$$libinit$$0000000F
    libinit2.o(.ARM.Collect$$libinit$$00000014) refers to libinit2.o(.ARM.Collect$$libinit$$0000000F) for .ARM.Collect$$libinit$$0000000F
    libinit2.o(.ARM.Collect$$libinit$$00000016) refers to libinit2.o(.ARM.Collect$$libinit$$0000000F) for .ARM.Collect$$libinit$$0000000F
    libinit2.o(.ARM.Collect$$libinit$$00000018) refers to libinit2.o(.ARM.Collect$$libinit$$0000000F) for .ARM.Collect$$libinit$$0000000F
    libinit2.o(.ARM.Collect$$libinit$$00000026) refers to argv_veneer.o(.emb_text) for __ARM_argv_veneer
    libinit2.o(.ARM.Collect$$libinit$$00000027) refers to argv_veneer.o(.emb_text) for __ARM_argv_veneer
    sys_exit.o(.text) refers (Special) to use_no_semi.o(.text) for __I$use$semihosting
    sys_exit.o(.text) refers (Special) to indicate_semi.o(.text) for __semihosting_library_function
    rtexit2.o(.ARM.Collect$$rtexit$$00000003) refers to libshutdown.o(.ARM.Collect$$libshutdown$$00000000) for __rt_lib_shutdown
    rtexit2.o(.ARM.Collect$$rtexit$$00000004) refers to sys_exit.o(.text) for _sys_exit
    rtexit2.o(.ARM.exidx) refers to rtexit2.o(.ARM.Collect$$rtexit$$00000001) for .ARM.Collect$$rtexit$$00000001
    rtexit2.o(.ARM.exidx) refers to rtexit2.o(.ARM.Collect$$rtexit$$00000003) for .ARM.Collect$$rtexit$$00000003
    rtexit2.o(.ARM.exidx) refers to rtexit2.o(.ARM.Collect$$rtexit$$00000004) for .ARM.Collect$$rtexit$$00000004
    __raise.o(.text) refers to defsig.o(CL$$defsig) for __default_signal_handler
    defsig_general.o(.text) refers to sys_wrch.o(.text) for _ttywrch
    argv_veneer.o(.emb_text) refers to no_argv.o(.text) for __ARM_get_argv
    sys_wrch.o(.text) refers (Special) to use_no_semi.o(.text) for __I$use$semihosting
    sys_wrch.o(.text) refers (Special) to indicate_semi.o(.text) for __semihosting_library_function
    defsig.o(CL$$defsig) refers to defsig_fpe_inner.o(.text) for __rt_SIGFPE_inner
    defsig.o(CL$$defsig) refers to defsig_rtmem_inner.o(.text) for __rt_SIGRTMEM_inner
    _get_argv_nomalloc.o(.text) refers (Special) to hrguard.o(.text) for __heap_region$guard
    _get_argv_nomalloc.o(.text) refers to defsig_rtmem_outer.o(.text) for __rt_SIGRTMEM
    _get_argv_nomalloc.o(.text) refers to sys_command.o(.text) for _sys_command_string
    libshutdown.o(.ARM.Collect$$libshutdown$$00000000) refers (Special) to libshutdown2.o(.ARM.Collect$$libshutdown$$00000002) for __rt_lib_shutdown_cpp_1
    libshutdown.o(.ARM.Collect$$libshutdown$$00000000) refers (Special) to libshutdown2.o(.ARM.Collect$$libshutdown$$00000007) for __rt_lib_shutdown_fp_trap_1
    libshutdown.o(.ARM.Collect$$libshutdown$$00000000) refers (Special) to libshutdown2.o(.ARM.Collect$$libshutdown$$0000000F) for __rt_lib_shutdown_heap_1
    libshutdown.o(.ARM.Collect$$libshutdown$$00000000) refers (Special) to libshutdown2.o(.ARM.Collect$$libshutdown$$00000010) for __rt_lib_shutdown_return
    libshutdown.o(.ARM.Collect$$libshutdown$$00000000) refers (Special) to libshutdown2.o(.ARM.Collect$$libshutdown$$0000000A) for __rt_lib_shutdown_signal_1
    libshutdown.o(.ARM.Collect$$libshutdown$$00000000) refers (Special) to libshutdown2.o(.ARM.Collect$$libshutdown$$00000004) for __rt_lib_shutdown_stdio_1
    libshutdown.o(.ARM.Collect$$libshutdown$$00000000) refers (Special) to libshutdown2.o(.ARM.Collect$$libshutdown$$0000000C) for __rt_lib_shutdown_user_alloc_1
    sys_command.o(.text) refers (Special) to use_no_semi.o(.text) for __I$use$semihosting
    sys_command.o(.text) refers (Special) to indicate_semi.o(.text) for __semihosting_library_function
    defsig_abrt_inner.o(.text) refers to defsig_general.o(.text) for __default_signal_display
    defsig_rtred_inner.o(.text) refers to defsig_general.o(.text) for __default_signal_display
    defsig_rtmem_inner.o(.text) refers to defsig_general.o(.text) for __default_signal_display
    defsig_rtmem_outer.o(.text) refers to defsig_rtmem_inner.o(.text) for __rt_SIGRTMEM_inner
    defsig_rtmem_outer.o(.text) refers to defsig_exit.o(.text) for __sig_exit
    defsig_rtmem_formal.o(.text) refers to rt_raise.o(.text) for __rt_raise
    defsig_stak_inner.o(.text) refers to defsig_general.o(.text) for __default_signal_display
    defsig_pvfn_inner.o(.text) refers to defsig_general.o(.text) for __default_signal_display
    defsig_cppl_inner.o(.text) refers to defsig_general.o(.text) for __default_signal_display
    defsig_segv_inner.o(.text) refers to defsig_general.o(.text) for __default_signal_display
    defsig_other.o(.text) refers to defsig_general.o(.text) for __default_signal_display


==============================================================================

Removing Unused input sections from the image.

    Removing main.o(.rev16_text), (4 bytes).
    Removing main.o(.revsh_text), (4 bytes).
    Removing main.o(.rrx_text), (6 bytes).
    Removing main.o(.bss), (20 bytes).
    Removing main.o(.bss), (214 bytes).
    Removing main.o(.constdata), (4 bytes).
    Removing main.o(.constdata), (4 bytes).
    Removing main.o(.data), (8 bytes).
    Removing stm32h7xx_it.o(.rev16_text), (4 bytes).
    Removing stm32h7xx_it.o(.revsh_text), (4 bytes).
    Removing stm32h7xx_it.o(.rrx_text), (6 bytes).
    Removing stm32h7xx_hal_msp.o(.rev16_text), (4 bytes).
    Removing stm32h7xx_hal_msp.o(.revsh_text), (4 bytes).
    Removing stm32h7xx_hal_msp.o(.rrx_text), (6 bytes).
    Removing stm32h7xx_hal_msp.o(i.HAL_ADC_MspDeInit), (80 bytes).
    Removing stm32h7xx_hal_msp.o(i.HAL_FDCAN_MspDeInit), (44 bytes).
    Removing stm32h7xx_hal_msp.o(i.HAL_SPI_MspDeInit), (44 bytes).
    Removing stm32h7xx_hal_msp.o(i.HAL_TIM_Base_MspDeInit), (72 bytes).
    Removing stm32h7xx_hal_msp.o(i.HAL_UART_MspDeInit), (68 bytes).
    Removing analog.o(.rev16_text), (4 bytes).
    Removing analog.o(.revsh_text), (4 bytes).
    Removing analog.o(.rrx_text), (6 bytes).
    Removing controller.o(.rev16_text), (4 bytes).
    Removing controller.o(.revsh_text), (4 bytes).
    Removing controller.o(.rrx_text), (6 bytes).
    Removing controller.o(i.ControlLoop_FuzzyPI), (94 bytes).
    Removing controller.o(i.ControlLoop_SMC), (108 bytes).
    Removing controller.o(i.ControlLoop_ST1), (48 bytes).
    Removing controller.o(i.ControlLoop_State2), (208 bytes).
    Removing controller.o(i.ControlLoop_State3_FZ), (256 bytes).
    Removing controller.o(i.ControlLoop_State3_FullPID), (200 bytes).
    Removing controller.o(i.SMC_Init), (24 bytes).
    Removing controller.o(i.SMC_Run), (34 bytes).
    Removing controller.o(i.SOC), (20 bytes).
    Removing controller.o(i.defuzzifier_Kp), (156 bytes).
    Removing controller.o(i.defuzzifier_Ti), (156 bytes).
    Removing controller.o(i.fPI_Run), (204 bytes).
    Removing controller.o(i.fPI_UpdateParam), (26 bytes).
    Removing controller.o(i.fuzzifier), (456 bytes).
    Removing controller.o(i.sign), (44 bytes).
    Removing controller.o(i.vPI_Refresh), (36 bytes).
    Removing lpf.o(.rev16_text), (4 bytes).
    Removing lpf.o(.revsh_text), (4 bytes).
    Removing lpf.o(.rrx_text), (6 bytes).
    Removing machine.o(.rev16_text), (4 bytes).
    Removing machine.o(.revsh_text), (4 bytes).
    Removing machine.o(.rrx_text), (6 bytes).
    Removing machine.o(i.StateMachine), (292 bytes).
    Removing machine.o(.data), (6 bytes).
    Removing uart.o(.rev16_text), (4 bytes).
    Removing uart.o(.revsh_text), (4 bytes).
    Removing uart.o(.rrx_text), (6 bytes).
    Removing stm32h7xx_hal_adc.o(.rev16_text), (4 bytes).
    Removing stm32h7xx_hal_adc.o(.revsh_text), (4 bytes).
    Removing stm32h7xx_hal_adc.o(.rrx_text), (6 bytes).
    Removing stm32h7xx_hal_adc.o(i.ADC_ConversionStop), (348 bytes).
    Removing stm32h7xx_hal_adc.o(i.ADC_Disable), (112 bytes).
    Removing stm32h7xx_hal_adc.o(i.HAL_ADC_AnalogWDGConfig), (1340 bytes).
    Removing stm32h7xx_hal_adc.o(i.HAL_ADC_DeInit), (652 bytes).
    Removing stm32h7xx_hal_adc.o(i.HAL_ADC_GetError), (108 bytes).
    Removing stm32h7xx_hal_adc.o(i.HAL_ADC_GetState), (108 bytes).
    Removing stm32h7xx_hal_adc.o(i.HAL_ADC_GetValue), (108 bytes).
    Removing stm32h7xx_hal_adc.o(i.HAL_ADC_IRQHandler), (760 bytes).
    Removing stm32h7xx_hal_adc.o(i.HAL_ADC_LevelOutOfWindowCallback), (2 bytes).
    Removing stm32h7xx_hal_adc.o(i.HAL_ADC_MspDeInit), (2 bytes).
    Removing stm32h7xx_hal_adc.o(i.HAL_ADC_MspInit), (2 bytes).
    Removing stm32h7xx_hal_adc.o(i.HAL_ADC_PollForConversion), (384 bytes).
    Removing stm32h7xx_hal_adc.o(i.HAL_ADC_PollForEvent), (340 bytes).
    Removing stm32h7xx_hal_adc.o(i.HAL_ADC_Start), (348 bytes).
    Removing stm32h7xx_hal_adc.o(i.HAL_ADC_Start_IT), (476 bytes).
    Removing stm32h7xx_hal_adc.o(i.HAL_ADC_Stop), (160 bytes).
    Removing stm32h7xx_hal_adc.o(i.HAL_ADC_Stop_DMA), (220 bytes).
    Removing stm32h7xx_hal_adc.o(i.HAL_ADC_Stop_IT), (172 bytes).
    Removing stm32h7xx_hal_adc.o(i.LL_ADC_SetAnalogWDMonitChannels), (44 bytes).
    Removing stm32h7xx_hal_adc_ex.o(.rev16_text), (4 bytes).
    Removing stm32h7xx_hal_adc_ex.o(.revsh_text), (4 bytes).
    Removing stm32h7xx_hal_adc_ex.o(.rrx_text), (6 bytes).
    Removing stm32h7xx_hal_adc_ex.o(i.HAL_ADCEx_Calibration_GetValue), (156 bytes).
    Removing stm32h7xx_hal_adc_ex.o(i.HAL_ADCEx_Calibration_SetValue), (268 bytes).
    Removing stm32h7xx_hal_adc_ex.o(i.HAL_ADCEx_Calibration_Start), (280 bytes).
    Removing stm32h7xx_hal_adc_ex.o(i.HAL_ADCEx_DisableInjectedQueue), (152 bytes).
    Removing stm32h7xx_hal_adc_ex.o(i.HAL_ADCEx_DisableVoltageRegulator), (136 bytes).
    Removing stm32h7xx_hal_adc_ex.o(i.HAL_ADCEx_EnableInjectedQueue), (152 bytes).
    Removing stm32h7xx_hal_adc_ex.o(i.HAL_ADCEx_EndOfSamplingCallback), (2 bytes).
    Removing stm32h7xx_hal_adc_ex.o(i.HAL_ADCEx_EnterADCDeepPowerDownMode), (140 bytes).
    Removing stm32h7xx_hal_adc_ex.o(i.HAL_ADCEx_InjectedConfigChannel), (2676 bytes).
    Removing stm32h7xx_hal_adc_ex.o(i.HAL_ADCEx_InjectedConvCpltCallback), (2 bytes).
    Removing stm32h7xx_hal_adc_ex.o(i.HAL_ADCEx_InjectedGetValue), (204 bytes).
    Removing stm32h7xx_hal_adc_ex.o(i.HAL_ADCEx_InjectedPollForConversion), (364 bytes).
    Removing stm32h7xx_hal_adc_ex.o(i.HAL_ADCEx_InjectedQueueOverflowCallback), (2 bytes).
    Removing stm32h7xx_hal_adc_ex.o(i.HAL_ADCEx_InjectedStart), (344 bytes).
    Removing stm32h7xx_hal_adc_ex.o(i.HAL_ADCEx_InjectedStart_IT), (400 bytes).
    Removing stm32h7xx_hal_adc_ex.o(i.HAL_ADCEx_InjectedStop), (188 bytes).
    Removing stm32h7xx_hal_adc_ex.o(i.HAL_ADCEx_InjectedStop_IT), (196 bytes).
    Removing stm32h7xx_hal_adc_ex.o(i.HAL_ADCEx_LevelOutOfWindow2Callback), (2 bytes).
    Removing stm32h7xx_hal_adc_ex.o(i.HAL_ADCEx_LevelOutOfWindow3Callback), (2 bytes).
    Removing stm32h7xx_hal_adc_ex.o(i.HAL_ADCEx_LinearCalibration_FactorLoad), (84 bytes).
    Removing stm32h7xx_hal_adc_ex.o(i.HAL_ADCEx_LinearCalibration_GetValue), (264 bytes).
    Removing stm32h7xx_hal_adc_ex.o(i.HAL_ADCEx_LinearCalibration_SetValue), (348 bytes).
    Removing stm32h7xx_hal_adc_ex.o(i.HAL_ADCEx_MultiModeGetValue), (120 bytes).
    Removing stm32h7xx_hal_adc_ex.o(i.HAL_ADCEx_MultiModeStart_DMA), (408 bytes).
    Removing stm32h7xx_hal_adc_ex.o(i.HAL_ADCEx_MultiModeStop_DMA), (316 bytes).
    Removing stm32h7xx_hal_adc_ex.o(i.HAL_ADCEx_RegularMultiModeStop_DMA), (336 bytes).
    Removing stm32h7xx_hal_adc_ex.o(i.HAL_ADCEx_RegularStop), (196 bytes).
    Removing stm32h7xx_hal_adc_ex.o(i.HAL_ADCEx_RegularStop_DMA), (240 bytes).
    Removing stm32h7xx_hal_adc_ex.o(i.HAL_ADCEx_RegularStop_IT), (204 bytes).
    Removing stm32h7xx_hal_adc_ex.o(i.LL_ADC_GetOffsetChannel), (12 bytes).
    Removing stm32h7xx_hal_adc_ex.o(i.LL_ADC_GetResolution), (40 bytes).
    Removing stm32h7xx_hal_adc_ex.o(i.LL_ADC_INJ_IsConversionOngoing), (8 bytes).
    Removing stm32h7xx_hal_adc_ex.o(i.LL_ADC_SetCalibrationLinearFactor), (48 bytes).
    Removing stm32h7xx_hal_adc_ex.o(i.LL_ADC_SetOffset), (22 bytes).
    Removing stm32h7xx_hal_rcc.o(.rev16_text), (4 bytes).
    Removing stm32h7xx_hal_rcc.o(.revsh_text), (4 bytes).
    Removing stm32h7xx_hal_rcc.o(.rrx_text), (6 bytes).
    Removing stm32h7xx_hal_rcc.o(i.HAL_RCC_CSSCallback), (2 bytes).
    Removing stm32h7xx_hal_rcc.o(i.HAL_RCC_DeInit), (496 bytes).
    Removing stm32h7xx_hal_rcc.o(i.HAL_RCC_DisableCSS), (16 bytes).
    Removing stm32h7xx_hal_rcc.o(i.HAL_RCC_EnableCSS), (16 bytes).
    Removing stm32h7xx_hal_rcc.o(i.HAL_RCC_GetClockConfig), (92 bytes).
    Removing stm32h7xx_hal_rcc.o(i.HAL_RCC_GetOscConfig), (308 bytes).
    Removing stm32h7xx_hal_rcc.o(i.HAL_RCC_MCOConfig), (420 bytes).
    Removing stm32h7xx_hal_rcc.o(i.HAL_RCC_NMI_IRQHandler), (32 bytes).
    Removing stm32h7xx_hal_rcc_ex.o(.rev16_text), (4 bytes).
    Removing stm32h7xx_hal_rcc_ex.o(.revsh_text), (4 bytes).
    Removing stm32h7xx_hal_rcc_ex.o(.rrx_text), (6 bytes).
    Removing stm32h7xx_hal_rcc_ex.o(i.HAL_RCCEx_CRSConfig), (324 bytes).
    Removing stm32h7xx_hal_rcc_ex.o(i.HAL_RCCEx_CRSGetSynchronizationInfo), (116 bytes).
    Removing stm32h7xx_hal_rcc_ex.o(i.HAL_RCCEx_CRSSoftwareSynchronizationGenerate), (16 bytes).
    Removing stm32h7xx_hal_rcc_ex.o(i.HAL_RCCEx_CRSWaitSynchronization), (136 bytes).
    Removing stm32h7xx_hal_rcc_ex.o(i.HAL_RCCEx_CRS_ErrorCallback), (2 bytes).
    Removing stm32h7xx_hal_rcc_ex.o(i.HAL_RCCEx_CRS_ExpectedSyncCallback), (2 bytes).
    Removing stm32h7xx_hal_rcc_ex.o(i.HAL_RCCEx_CRS_IRQHandler), (116 bytes).
    Removing stm32h7xx_hal_rcc_ex.o(i.HAL_RCCEx_CRS_SyncOkCallback), (2 bytes).
    Removing stm32h7xx_hal_rcc_ex.o(i.HAL_RCCEx_CRS_SyncWarnCallback), (2 bytes).
    Removing stm32h7xx_hal_rcc_ex.o(i.HAL_RCCEx_DisableLSECSS), (28 bytes).
    Removing stm32h7xx_hal_rcc_ex.o(i.HAL_RCCEx_EnableLSECSS), (16 bytes).
    Removing stm32h7xx_hal_rcc_ex.o(i.HAL_RCCEx_EnableLSECSS_IT), (52 bytes).
    Removing stm32h7xx_hal_rcc_ex.o(i.HAL_RCCEx_GetD1PCLK1Freq), (36 bytes).
    Removing stm32h7xx_hal_rcc_ex.o(i.HAL_RCCEx_GetD1SysClockFreq), (68 bytes).
    Removing stm32h7xx_hal_rcc_ex.o(i.HAL_RCCEx_GetPeriphCLKConfig), (452 bytes).
    Removing stm32h7xx_hal_rcc_ex.o(i.HAL_RCCEx_KerWakeUpStopCLKConfig), (100 bytes).
    Removing stm32h7xx_hal_rcc_ex.o(i.HAL_RCCEx_LSECSS_Callback), (2 bytes).
    Removing stm32h7xx_hal_rcc_ex.o(i.HAL_RCCEx_LSECSS_IRQHandler), (32 bytes).
    Removing stm32h7xx_hal_rcc_ex.o(i.HAL_RCCEx_WWDGxSysResetConfig), (92 bytes).
    Removing stm32h7xx_hal_rcc_ex.o(i.HAL_RCCEx_WakeUpStopCLKConfig), (100 bytes).
    Removing stm32h7xx_hal_flash.o(.rev16_text), (4 bytes).
    Removing stm32h7xx_hal_flash.o(.revsh_text), (4 bytes).
    Removing stm32h7xx_hal_flash.o(.rrx_text), (6 bytes).
    Removing stm32h7xx_hal_flash.o(i.FLASH_CRC_WaitForLastOperation), (180 bytes).
    Removing stm32h7xx_hal_flash.o(i.FLASH_OB_WaitForLastOperation), (80 bytes).
    Removing stm32h7xx_hal_flash.o(i.FLASH_WaitForLastOperation), (192 bytes).
    Removing stm32h7xx_hal_flash.o(i.HAL_FLASH_EndOfOperationCallback), (2 bytes).
    Removing stm32h7xx_hal_flash.o(i.HAL_FLASH_GetError), (12 bytes).
    Removing stm32h7xx_hal_flash.o(i.HAL_FLASH_IRQHandler), (204 bytes).
    Removing stm32h7xx_hal_flash.o(i.HAL_FLASH_Lock), (28 bytes).
    Removing stm32h7xx_hal_flash.o(i.HAL_FLASH_OB_Launch), (44 bytes).
    Removing stm32h7xx_hal_flash.o(i.HAL_FLASH_OB_Lock), (28 bytes).
    Removing stm32h7xx_hal_flash.o(i.HAL_FLASH_OB_Unlock), (44 bytes).
    Removing stm32h7xx_hal_flash.o(i.HAL_FLASH_OperationErrorCallback), (2 bytes).
    Removing stm32h7xx_hal_flash.o(i.HAL_FLASH_Program), (236 bytes).
    Removing stm32h7xx_hal_flash.o(i.HAL_FLASH_Program_IT), (224 bytes).
    Removing stm32h7xx_hal_flash.o(i.HAL_FLASH_Unlock), (44 bytes).
    Removing stm32h7xx_hal_flash.o(.bss), (28 bytes).
    Removing stm32h7xx_hal_flash_ex.o(.rev16_text), (4 bytes).
    Removing stm32h7xx_hal_flash_ex.o(.revsh_text), (4 bytes).
    Removing stm32h7xx_hal_flash_ex.o(.rrx_text), (6 bytes).
    Removing stm32h7xx_hal_flash_ex.o(i.FLASH_CRC_SelectAddress), (64 bytes).
    Removing stm32h7xx_hal_flash_ex.o(i.FLASH_Erase_Sector), (156 bytes).
    Removing stm32h7xx_hal_flash_ex.o(i.FLASH_MassErase), (144 bytes).
    Removing stm32h7xx_hal_flash_ex.o(i.FLASH_OB_BootAddConfig), (112 bytes).
    Removing stm32h7xx_hal_flash_ex.o(i.FLASH_OB_DisableWRP), (56 bytes).
    Removing stm32h7xx_hal_flash_ex.o(i.FLASH_OB_EnableWRP), (56 bytes).
    Removing stm32h7xx_hal_flash_ex.o(i.FLASH_OB_PCROPConfig), (176 bytes).
    Removing stm32h7xx_hal_flash_ex.o(i.FLASH_OB_SecureAreaConfig), (180 bytes).
    Removing stm32h7xx_hal_flash_ex.o(i.FLASH_OB_UserConfig), (256 bytes).
    Removing stm32h7xx_hal_flash_ex.o(i.HAL_FLASHEx_ComputeCRC), (312 bytes).
    Removing stm32h7xx_hal_flash_ex.o(i.HAL_FLASHEx_Erase), (292 bytes).
    Removing stm32h7xx_hal_flash_ex.o(i.HAL_FLASHEx_Erase_IT), (240 bytes).
    Removing stm32h7xx_hal_flash_ex.o(i.HAL_FLASHEx_Lock_Bank1), (20 bytes).
    Removing stm32h7xx_hal_flash_ex.o(i.HAL_FLASHEx_OBGetConfig), (164 bytes).
    Removing stm32h7xx_hal_flash_ex.o(i.HAL_FLASHEx_OBProgram), (444 bytes).
    Removing stm32h7xx_hal_flash_ex.o(i.HAL_FLASHEx_Unlock_Bank1), (44 bytes).
    Removing stm32h7xx_hal_gpio.o(.rev16_text), (4 bytes).
    Removing stm32h7xx_hal_gpio.o(.revsh_text), (4 bytes).
    Removing stm32h7xx_hal_gpio.o(.rrx_text), (6 bytes).
    Removing stm32h7xx_hal_gpio.o(i.HAL_GPIO_DeInit), (528 bytes).
    Removing stm32h7xx_hal_gpio.o(i.HAL_GPIO_EXTI_Callback), (2 bytes).
    Removing stm32h7xx_hal_gpio.o(i.HAL_GPIO_EXTI_IRQHandler), (24 bytes).
    Removing stm32h7xx_hal_gpio.o(i.HAL_GPIO_LockPin), (236 bytes).
    Removing stm32h7xx_hal_gpio.o(i.HAL_GPIO_ReadPin), (88 bytes).
    Removing stm32h7xx_hal_hsem.o(.rev16_text), (4 bytes).
    Removing stm32h7xx_hal_hsem.o(.revsh_text), (4 bytes).
    Removing stm32h7xx_hal_hsem.o(.rrx_text), (6 bytes).
    Removing stm32h7xx_hal_hsem.o(i.HAL_HSEM_ActivateNotification), (16 bytes).
    Removing stm32h7xx_hal_hsem.o(i.HAL_HSEM_DeactivateNotification), (16 bytes).
    Removing stm32h7xx_hal_hsem.o(i.HAL_HSEM_FastTake), (108 bytes).
    Removing stm32h7xx_hal_hsem.o(i.HAL_HSEM_FreeCallback), (2 bytes).
    Removing stm32h7xx_hal_hsem.o(i.HAL_HSEM_GetClearKey), (12 bytes).
    Removing stm32h7xx_hal_hsem.o(i.HAL_HSEM_IRQHandler), (32 bytes).
    Removing stm32h7xx_hal_hsem.o(i.HAL_HSEM_IsSemTaken), (20 bytes).
    Removing stm32h7xx_hal_hsem.o(i.HAL_HSEM_Release), (112 bytes).
    Removing stm32h7xx_hal_hsem.o(i.HAL_HSEM_ReleaseAll), (112 bytes).
    Removing stm32h7xx_hal_hsem.o(i.HAL_HSEM_SetClearKey), (96 bytes).
    Removing stm32h7xx_hal_hsem.o(i.HAL_HSEM_Take), (128 bytes).
    Removing stm32h7xx_hal_dma.o(.rev16_text), (4 bytes).
    Removing stm32h7xx_hal_dma.o(.revsh_text), (4 bytes).
    Removing stm32h7xx_hal_dma.o(.rrx_text), (6 bytes).
    Removing stm32h7xx_hal_dma.o(i.HAL_DMA_DeInit), (488 bytes).
    Removing stm32h7xx_hal_dma.o(i.HAL_DMA_GetError), (4 bytes).
    Removing stm32h7xx_hal_dma.o(i.HAL_DMA_GetState), (6 bytes).
    Removing stm32h7xx_hal_dma.o(i.HAL_DMA_PollForTransfer), (1118 bytes).
    Removing stm32h7xx_hal_dma.o(i.HAL_DMA_RegisterCallback), (90 bytes).
    Removing stm32h7xx_hal_dma.o(i.HAL_DMA_Start), (428 bytes).
    Removing stm32h7xx_hal_dma.o(i.HAL_DMA_UnRegisterCallback), (104 bytes).
    Removing stm32h7xx_hal_dma_ex.o(.rev16_text), (4 bytes).
    Removing stm32h7xx_hal_dma_ex.o(.revsh_text), (4 bytes).
    Removing stm32h7xx_hal_dma_ex.o(.rrx_text), (6 bytes).
    Removing stm32h7xx_hal_dma_ex.o(i.DMA_MultiBufferSetConfig), (160 bytes).
    Removing stm32h7xx_hal_dma_ex.o(i.HAL_DMAEx_ChangeMemory), (144 bytes).
    Removing stm32h7xx_hal_dma_ex.o(i.HAL_DMAEx_ConfigMuxRequestGenerator), (560 bytes).
    Removing stm32h7xx_hal_dma_ex.o(i.HAL_DMAEx_ConfigMuxSync), (636 bytes).
    Removing stm32h7xx_hal_dma_ex.o(i.HAL_DMAEx_DisableMuxRequestGenerator), (300 bytes).
    Removing stm32h7xx_hal_dma_ex.o(i.HAL_DMAEx_EnableMuxRequestGenerator), (300 bytes).
    Removing stm32h7xx_hal_dma_ex.o(i.HAL_DMAEx_MUX_IRQHandler), (100 bytes).
    Removing stm32h7xx_hal_dma_ex.o(i.HAL_DMAEx_MultiBufferStart), (848 bytes).
    Removing stm32h7xx_hal_dma_ex.o(i.HAL_DMAEx_MultiBufferStart_IT), (1196 bytes).
    Removing stm32h7xx_hal_mdma.o(.rev16_text), (4 bytes).
    Removing stm32h7xx_hal_mdma.o(.revsh_text), (4 bytes).
    Removing stm32h7xx_hal_mdma.o(.rrx_text), (6 bytes).
    Removing stm32h7xx_hal_mdma.o(i.HAL_MDMA_Abort), (116 bytes).
    Removing stm32h7xx_hal_mdma.o(i.HAL_MDMA_Abort_IT), (38 bytes).
    Removing stm32h7xx_hal_mdma.o(i.HAL_MDMA_ConfigPostRequestMask), (88 bytes).
    Removing stm32h7xx_hal_mdma.o(i.HAL_MDMA_DeInit), (86 bytes).
    Removing stm32h7xx_hal_mdma.o(i.HAL_MDMA_GenerateSWRequest), (52 bytes).
    Removing stm32h7xx_hal_mdma.o(i.HAL_MDMA_GetError), (4 bytes).
    Removing stm32h7xx_hal_mdma.o(i.HAL_MDMA_GetState), (6 bytes).
    Removing stm32h7xx_hal_mdma.o(i.HAL_MDMA_IRQHandler), (376 bytes).
    Removing stm32h7xx_hal_mdma.o(i.HAL_MDMA_Init), (792 bytes).
    Removing stm32h7xx_hal_mdma.o(i.HAL_MDMA_LinkedList_AddNode), (208 bytes).
    Removing stm32h7xx_hal_mdma.o(i.HAL_MDMA_LinkedList_CreateNode), (880 bytes).
    Removing stm32h7xx_hal_mdma.o(i.HAL_MDMA_LinkedList_DisableCircularMode), (78 bytes).
    Removing stm32h7xx_hal_mdma.o(i.HAL_MDMA_LinkedList_EnableCircularMode), (78 bytes).
    Removing stm32h7xx_hal_mdma.o(i.HAL_MDMA_LinkedList_RemoveNode), (188 bytes).
    Removing stm32h7xx_hal_mdma.o(i.HAL_MDMA_PollForTransfer), (332 bytes).
    Removing stm32h7xx_hal_mdma.o(i.HAL_MDMA_RegisterCallback), (88 bytes).
    Removing stm32h7xx_hal_mdma.o(i.HAL_MDMA_Start), (216 bytes).
    Removing stm32h7xx_hal_mdma.o(i.HAL_MDMA_Start_IT), (268 bytes).
    Removing stm32h7xx_hal_mdma.o(i.HAL_MDMA_UnRegisterCallback), (104 bytes).
    Removing stm32h7xx_hal_mdma.o(i.MDMA_Init), (176 bytes).
    Removing stm32h7xx_hal_mdma.o(i.MDMA_SetConfig), (128 bytes).
    Removing stm32h7xx_hal_pwr.o(.rev16_text), (4 bytes).
    Removing stm32h7xx_hal_pwr.o(.revsh_text), (4 bytes).
    Removing stm32h7xx_hal_pwr.o(.rrx_text), (6 bytes).
    Removing stm32h7xx_hal_pwr.o(i.HAL_PWR_ConfigPVD), (288 bytes).
    Removing stm32h7xx_hal_pwr.o(i.HAL_PWR_DeInit), (2 bytes).
    Removing stm32h7xx_hal_pwr.o(i.HAL_PWR_DisableBkUpAccess), (16 bytes).
    Removing stm32h7xx_hal_pwr.o(i.HAL_PWR_DisablePVD), (16 bytes).
    Removing stm32h7xx_hal_pwr.o(i.HAL_PWR_DisableSEVOnPend), (16 bytes).
    Removing stm32h7xx_hal_pwr.o(i.HAL_PWR_DisableSleepOnExit), (16 bytes).
    Removing stm32h7xx_hal_pwr.o(i.HAL_PWR_DisableWakeUpPin), (160 bytes).
    Removing stm32h7xx_hal_pwr.o(i.HAL_PWR_EnableBkUpAccess), (16 bytes).
    Removing stm32h7xx_hal_pwr.o(i.HAL_PWR_EnablePVD), (16 bytes).
    Removing stm32h7xx_hal_pwr.o(i.HAL_PWR_EnableSEVOnPend), (16 bytes).
    Removing stm32h7xx_hal_pwr.o(i.HAL_PWR_EnableSleepOnExit), (16 bytes).
    Removing stm32h7xx_hal_pwr.o(i.HAL_PWR_EnableWakeUpPin), (164 bytes).
    Removing stm32h7xx_hal_pwr.o(i.HAL_PWR_EnterSLEEPMode), (120 bytes).
    Removing stm32h7xx_hal_pwr.o(i.HAL_PWR_EnterSTANDBYMode), (48 bytes).
    Removing stm32h7xx_hal_pwr.o(i.HAL_PWR_EnterSTOPMode), (176 bytes).
    Removing stm32h7xx_hal_pwr.o(i.HAL_PWR_PVDCallback), (2 bytes).
    Removing stm32h7xx_hal_pwr.o(i.HAL_PWR_PVD_IRQHandler), (34 bytes).
    Removing stm32h7xx_hal_pwr_ex.o(.rev16_text), (4 bytes).
    Removing stm32h7xx_hal_pwr_ex.o(.revsh_text), (4 bytes).
    Removing stm32h7xx_hal_pwr_ex.o(.rrx_text), (6 bytes).
    Removing stm32h7xx_hal_pwr_ex.o(i.HAL_PWREx_AVDCallback), (2 bytes).
    Removing stm32h7xx_hal_pwr_ex.o(i.HAL_PWREx_ClearPendingEvent), (4 bytes).
    Removing stm32h7xx_hal_pwr_ex.o(i.HAL_PWREx_ClearWakeupFlag), (128 bytes).
    Removing stm32h7xx_hal_pwr_ex.o(i.HAL_PWREx_ConfigAVD), (280 bytes).
    Removing stm32h7xx_hal_pwr_ex.o(i.HAL_PWREx_ConfigD3Domain), (100 bytes).
    Removing stm32h7xx_hal_pwr_ex.o(i.HAL_PWREx_ControlStopModeVoltageScaling), (112 bytes).
    Removing stm32h7xx_hal_pwr_ex.o(i.HAL_PWREx_ControlVoltageScaling), (296 bytes).
    Removing stm32h7xx_hal_pwr_ex.o(i.HAL_PWREx_DisableAVD), (16 bytes).
    Removing stm32h7xx_hal_pwr_ex.o(i.HAL_PWREx_DisableBatteryCharging), (16 bytes).
    Removing stm32h7xx_hal_pwr_ex.o(i.HAL_PWREx_DisableBkUpReg), (56 bytes).
    Removing stm32h7xx_hal_pwr_ex.o(i.HAL_PWREx_DisableFlashPowerDown), (16 bytes).
    Removing stm32h7xx_hal_pwr_ex.o(i.HAL_PWREx_DisableMonitoring), (16 bytes).
    Removing stm32h7xx_hal_pwr_ex.o(i.HAL_PWREx_DisableUSBReg), (56 bytes).
    Removing stm32h7xx_hal_pwr_ex.o(i.HAL_PWREx_DisableUSBVoltageDetector), (16 bytes).
    Removing stm32h7xx_hal_pwr_ex.o(i.HAL_PWREx_DisableWakeUpPin), (160 bytes).
    Removing stm32h7xx_hal_pwr_ex.o(i.HAL_PWREx_EnableAVD), (16 bytes).
    Removing stm32h7xx_hal_pwr_ex.o(i.HAL_PWREx_EnableBatteryCharging), (108 bytes).
    Removing stm32h7xx_hal_pwr_ex.o(i.HAL_PWREx_EnableBkUpReg), (56 bytes).
    Removing stm32h7xx_hal_pwr_ex.o(i.HAL_PWREx_EnableFlashPowerDown), (16 bytes).
    Removing stm32h7xx_hal_pwr_ex.o(i.HAL_PWREx_EnableMonitoring), (16 bytes).
    Removing stm32h7xx_hal_pwr_ex.o(i.HAL_PWREx_EnableUSBReg), (56 bytes).
    Removing stm32h7xx_hal_pwr_ex.o(i.HAL_PWREx_EnableUSBVoltageDetector), (16 bytes).
    Removing stm32h7xx_hal_pwr_ex.o(i.HAL_PWREx_EnableWakeUpPin), (328 bytes).
    Removing stm32h7xx_hal_pwr_ex.o(i.HAL_PWREx_EnterSTANDBYMode), (132 bytes).
    Removing stm32h7xx_hal_pwr_ex.o(i.HAL_PWREx_EnterSTOPMode), (220 bytes).
    Removing stm32h7xx_hal_pwr_ex.o(i.HAL_PWREx_GetStopModeVoltageRange), (16 bytes).
    Removing stm32h7xx_hal_pwr_ex.o(i.HAL_PWREx_GetSupplyConfig), (16 bytes).
    Removing stm32h7xx_hal_pwr_ex.o(i.HAL_PWREx_GetTemperatureLevel), (32 bytes).
    Removing stm32h7xx_hal_pwr_ex.o(i.HAL_PWREx_GetVBATLevel), (32 bytes).
    Removing stm32h7xx_hal_pwr_ex.o(i.HAL_PWREx_GetVoltageRange), (16 bytes).
    Removing stm32h7xx_hal_pwr_ex.o(i.HAL_PWREx_GetWakeupFlag), (116 bytes).
    Removing stm32h7xx_hal_pwr_ex.o(i.HAL_PWREx_PVD_AVD_IRQHandler), (96 bytes).
    Removing stm32h7xx_hal_pwr_ex.o(i.HAL_PWREx_WAKEUP_PIN_IRQHandler), (124 bytes).
    Removing stm32h7xx_hal_pwr_ex.o(i.HAL_PWREx_WKUP1_Callback), (2 bytes).
    Removing stm32h7xx_hal_pwr_ex.o(i.HAL_PWREx_WKUP2_Callback), (2 bytes).
    Removing stm32h7xx_hal_pwr_ex.o(i.HAL_PWREx_WKUP3_Callback), (2 bytes).
    Removing stm32h7xx_hal_pwr_ex.o(i.HAL_PWREx_WKUP4_Callback), (2 bytes).
    Removing stm32h7xx_hal_pwr_ex.o(i.HAL_PWREx_WKUP5_Callback), (2 bytes).
    Removing stm32h7xx_hal_pwr_ex.o(i.HAL_PWREx_WKUP6_Callback), (2 bytes).
    Removing stm32h7xx_hal_cortex.o(.rev16_text), (4 bytes).
    Removing stm32h7xx_hal_cortex.o(.revsh_text), (4 bytes).
    Removing stm32h7xx_hal_cortex.o(.rrx_text), (6 bytes).
    Removing stm32h7xx_hal_cortex.o(i.HAL_GetCurrentCPUID), (4 bytes).
    Removing stm32h7xx_hal_cortex.o(i.HAL_MPU_DisableRegion), (160 bytes).
    Removing stm32h7xx_hal_cortex.o(i.HAL_MPU_EnableRegion), (160 bytes).
    Removing stm32h7xx_hal_cortex.o(i.HAL_NVIC_ClearPendingIRQ), (104 bytes).
    Removing stm32h7xx_hal_cortex.o(i.HAL_NVIC_DisableIRQ), (108 bytes).
    Removing stm32h7xx_hal_cortex.o(i.HAL_NVIC_GetActive), (112 bytes).
    Removing stm32h7xx_hal_cortex.o(i.HAL_NVIC_GetPendingIRQ), (112 bytes).
    Removing stm32h7xx_hal_cortex.o(i.HAL_NVIC_GetPriority), (184 bytes).
    Removing stm32h7xx_hal_cortex.o(i.HAL_NVIC_GetPriorityGrouping), (16 bytes).
    Removing stm32h7xx_hal_cortex.o(i.HAL_NVIC_SetPendingIRQ), (104 bytes).
    Removing stm32h7xx_hal_cortex.o(i.HAL_NVIC_SystemReset), (36 bytes).
    Removing stm32h7xx_hal_cortex.o(i.HAL_SYSTICK_CLKSourceConfig), (100 bytes).
    Removing stm32h7xx_hal_cortex.o(i.HAL_SYSTICK_Callback), (2 bytes).
    Removing stm32h7xx_hal_cortex.o(i.HAL_SYSTICK_IRQHandler), (8 bytes).
    Removing stm32h7xx_hal.o(.rev16_text), (4 bytes).
    Removing stm32h7xx_hal.o(.revsh_text), (4 bytes).
    Removing stm32h7xx_hal.o(.rrx_text), (6 bytes).
    Removing stm32h7xx_hal.o(i.HAL_DBGMCU_DisableDBGSleepMode), (16 bytes).
    Removing stm32h7xx_hal.o(i.HAL_DBGMCU_DisableDBGStandbyMode), (16 bytes).
    Removing stm32h7xx_hal.o(i.HAL_DBGMCU_DisableDBGStopMode), (16 bytes).
    Removing stm32h7xx_hal.o(i.HAL_DBGMCU_EnableDBGSleepMode), (16 bytes).
    Removing stm32h7xx_hal.o(i.HAL_DBGMCU_EnableDBGStandbyMode), (16 bytes).
    Removing stm32h7xx_hal.o(i.HAL_DBGMCU_EnableDBGStopMode), (16 bytes).
    Removing stm32h7xx_hal.o(i.HAL_DeInit), (120 bytes).
    Removing stm32h7xx_hal.o(i.HAL_Delay), (36 bytes).
    Removing stm32h7xx_hal.o(i.HAL_DisableCompensationCell), (16 bytes).
    Removing stm32h7xx_hal.o(i.HAL_EXTI_D1_ClearFlag), (420 bytes).
    Removing stm32h7xx_hal.o(i.HAL_EXTI_D1_EventInputConfig), (488 bytes).
    Removing stm32h7xx_hal.o(i.HAL_EXTI_D3_EventInputConfig), (276 bytes).
    Removing stm32h7xx_hal.o(i.HAL_EXTI_EdgeConfig), (248 bytes).
    Removing stm32h7xx_hal.o(i.HAL_EXTI_GenerateSWInterrupt), (192 bytes).
    Removing stm32h7xx_hal.o(i.HAL_EnableCompensationCell), (16 bytes).
    Removing stm32h7xx_hal.o(i.HAL_GetDEVID), (16 bytes).
    Removing stm32h7xx_hal.o(i.HAL_GetFMCMemorySwappingConfig), (16 bytes).
    Removing stm32h7xx_hal.o(i.HAL_GetHalVersion), (8 bytes).
    Removing stm32h7xx_hal.o(i.HAL_GetTickFreq), (12 bytes).
    Removing stm32h7xx_hal.o(i.HAL_GetTickPrio), (12 bytes).
    Removing stm32h7xx_hal.o(i.HAL_GetUIDw0), (12 bytes).
    Removing stm32h7xx_hal.o(i.HAL_GetUIDw1), (12 bytes).
    Removing stm32h7xx_hal.o(i.HAL_GetUIDw2), (12 bytes).
    Removing stm32h7xx_hal.o(i.HAL_MspDeInit), (2 bytes).
    Removing stm32h7xx_hal.o(i.HAL_MspInit), (2 bytes).
    Removing stm32h7xx_hal.o(i.HAL_ResumeTick), (14 bytes).
    Removing stm32h7xx_hal.o(i.HAL_SYSCFG_AnalogSwitchConfig), (100 bytes).
    Removing stm32h7xx_hal.o(i.HAL_SYSCFG_CM7BootAddConfig), (124 bytes).
    Removing stm32h7xx_hal.o(i.HAL_SYSCFG_CompensationCodeConfig), (108 bytes).
    Removing stm32h7xx_hal.o(i.HAL_SYSCFG_CompensationCodeSelect), (92 bytes).
    Removing stm32h7xx_hal.o(i.HAL_SYSCFG_DisableBOOST), (16 bytes).
    Removing stm32h7xx_hal.o(i.HAL_SYSCFG_DisableIOSpeedOptimize), (16 bytes).
    Removing stm32h7xx_hal.o(i.HAL_SYSCFG_DisableVREFBUF), (16 bytes).
    Removing stm32h7xx_hal.o(i.HAL_SYSCFG_ETHInterfaceSelect), (92 bytes).
    Removing stm32h7xx_hal.o(i.HAL_SYSCFG_EnableBOOST), (16 bytes).
    Removing stm32h7xx_hal.o(i.HAL_SYSCFG_EnableIOSpeedOptimize), (16 bytes).
    Removing stm32h7xx_hal.o(i.HAL_SYSCFG_EnableVREFBUF), (48 bytes).
    Removing stm32h7xx_hal.o(i.HAL_SYSCFG_VREFBUF_HighImpedanceConfig), (92 bytes).
    Removing stm32h7xx_hal.o(i.HAL_SYSCFG_VREFBUF_TrimmingConfig), (92 bytes).
    Removing stm32h7xx_hal.o(i.HAL_SYSCFG_VREFBUF_VoltageScalingConfig), (100 bytes).
    Removing stm32h7xx_hal.o(i.HAL_SetFMCMemorySwappingConfig), (100 bytes).
    Removing stm32h7xx_hal.o(i.HAL_SetTickFreq), (116 bytes).
    Removing stm32h7xx_hal.o(i.HAL_SuspendTick), (14 bytes).
    Removing stm32h7xx_hal_i2c.o(.rev16_text), (4 bytes).
    Removing stm32h7xx_hal_i2c.o(.revsh_text), (4 bytes).
    Removing stm32h7xx_hal_i2c.o(.rrx_text), (6 bytes).
    Removing stm32h7xx_hal_i2c.o(i.HAL_I2C_AbortCpltCallback), (2 bytes).
    Removing stm32h7xx_hal_i2c.o(i.HAL_I2C_AddrCallback), (2 bytes).
    Removing stm32h7xx_hal_i2c.o(i.HAL_I2C_DeInit), (160 bytes).
    Removing stm32h7xx_hal_i2c.o(i.HAL_I2C_DisableListen_IT), (54 bytes).
    Removing stm32h7xx_hal_i2c.o(i.HAL_I2C_ER_IRQHandler), (104 bytes).
    Removing stm32h7xx_hal_i2c.o(i.HAL_I2C_EV_IRQHandler), (16 bytes).
    Removing stm32h7xx_hal_i2c.o(i.HAL_I2C_EnableListen_IT), (40 bytes).
    Removing stm32h7xx_hal_i2c.o(i.HAL_I2C_ErrorCallback), (2 bytes).
    Removing stm32h7xx_hal_i2c.o(i.HAL_I2C_GetError), (4 bytes).
    Removing stm32h7xx_hal_i2c.o(i.HAL_I2C_GetMode), (6 bytes).
    Removing stm32h7xx_hal_i2c.o(i.HAL_I2C_GetState), (6 bytes).
    Removing stm32h7xx_hal_i2c.o(i.HAL_I2C_Init), (456 bytes).
    Removing stm32h7xx_hal_i2c.o(i.HAL_I2C_IsDeviceReady), (296 bytes).
    Removing stm32h7xx_hal_i2c.o(i.HAL_I2C_ListenCpltCallback), (2 bytes).
    Removing stm32h7xx_hal_i2c.o(i.HAL_I2C_MasterRxCpltCallback), (2 bytes).
    Removing stm32h7xx_hal_i2c.o(i.HAL_I2C_MasterTxCpltCallback), (2 bytes).
    Removing stm32h7xx_hal_i2c.o(i.HAL_I2C_Master_Abort_IT), (128 bytes).
    Removing stm32h7xx_hal_i2c.o(i.HAL_I2C_Master_Receive), (292 bytes).
    Removing stm32h7xx_hal_i2c.o(i.HAL_I2C_Master_Receive_DMA), (300 bytes).
    Removing stm32h7xx_hal_i2c.o(i.HAL_I2C_Master_Receive_IT), (132 bytes).
    Removing stm32h7xx_hal_i2c.o(i.HAL_I2C_Master_Seq_Receive_DMA), (432 bytes).
    Removing stm32h7xx_hal_i2c.o(i.HAL_I2C_Master_Seq_Receive_IT), (264 bytes).
    Removing stm32h7xx_hal_i2c.o(i.HAL_I2C_Master_Seq_Transmit_DMA), (492 bytes).
    Removing stm32h7xx_hal_i2c.o(i.HAL_I2C_Master_Seq_Transmit_IT), (320 bytes).
    Removing stm32h7xx_hal_i2c.o(i.HAL_I2C_Master_Transmit), (332 bytes).
    Removing stm32h7xx_hal_i2c.o(i.HAL_I2C_Master_Transmit_DMA), (340 bytes).
    Removing stm32h7xx_hal_i2c.o(i.HAL_I2C_Master_Transmit_IT), (172 bytes).
    Removing stm32h7xx_hal_i2c.o(i.HAL_I2C_MemRxCpltCallback), (2 bytes).
    Removing stm32h7xx_hal_i2c.o(i.HAL_I2C_MemTxCpltCallback), (2 bytes).
    Removing stm32h7xx_hal_i2c.o(i.HAL_I2C_Mem_Read), (436 bytes).
    Removing stm32h7xx_hal_i2c.o(i.HAL_I2C_Mem_Read_DMA), (352 bytes).
    Removing stm32h7xx_hal_i2c.o(i.HAL_I2C_Mem_Read_IT), (260 bytes).
    Removing stm32h7xx_hal_i2c.o(i.HAL_I2C_Mem_Write), (424 bytes).
    Removing stm32h7xx_hal_i2c.o(i.HAL_I2C_Mem_Write_DMA), (352 bytes).
    Removing stm32h7xx_hal_i2c.o(i.HAL_I2C_Mem_Write_IT), (260 bytes).
    Removing stm32h7xx_hal_i2c.o(i.HAL_I2C_MspDeInit), (2 bytes).
    Removing stm32h7xx_hal_i2c.o(i.HAL_I2C_MspInit), (2 bytes).
    Removing stm32h7xx_hal_i2c.o(i.HAL_I2C_SlaveRxCpltCallback), (2 bytes).
    Removing stm32h7xx_hal_i2c.o(i.HAL_I2C_SlaveTxCpltCallback), (2 bytes).
    Removing stm32h7xx_hal_i2c.o(i.HAL_I2C_Slave_Receive), (312 bytes).
    Removing stm32h7xx_hal_i2c.o(i.HAL_I2C_Slave_Receive_DMA), (232 bytes).
    Removing stm32h7xx_hal_i2c.o(i.HAL_I2C_Slave_Receive_IT), (96 bytes).
    Removing stm32h7xx_hal_i2c.o(i.HAL_I2C_Slave_Seq_Receive_DMA), (460 bytes).
    Removing stm32h7xx_hal_i2c.o(i.HAL_I2C_Slave_Seq_Receive_IT), (300 bytes).
    Removing stm32h7xx_hal_i2c.o(i.HAL_I2C_Slave_Seq_Transmit_DMA), (460 bytes).
    Removing stm32h7xx_hal_i2c.o(i.HAL_I2C_Slave_Seq_Transmit_IT), (300 bytes).
    Removing stm32h7xx_hal_i2c.o(i.HAL_I2C_Slave_Transmit), (384 bytes).
    Removing stm32h7xx_hal_i2c.o(i.HAL_I2C_Slave_Transmit_DMA), (280 bytes).
    Removing stm32h7xx_hal_i2c.o(i.HAL_I2C_Slave_Transmit_IT), (128 bytes).
    Removing stm32h7xx_hal_i2c.o(i.I2C_ConvertOtherXferOptions), (26 bytes).
    Removing stm32h7xx_hal_i2c.o(i.I2C_DMAAbort), (20 bytes).
    Removing stm32h7xx_hal_i2c.o(i.I2C_DMAError), (332 bytes).
    Removing stm32h7xx_hal_i2c.o(i.I2C_DMAMasterReceiveCplt), (82 bytes).
    Removing stm32h7xx_hal_i2c.o(i.I2C_DMAMasterTransmitCplt), (82 bytes).
    Removing stm32h7xx_hal_i2c.o(i.I2C_DMASlaveReceiveCplt), (164 bytes).
    Removing stm32h7xx_hal_i2c.o(i.I2C_DMASlaveTransmitCplt), (30 bytes).
    Removing stm32h7xx_hal_i2c.o(i.I2C_Disable_IRQ), (96 bytes).
    Removing stm32h7xx_hal_i2c.o(i.I2C_Enable_IRQ), (136 bytes).
    Removing stm32h7xx_hal_i2c.o(i.I2C_Flush_TXDR), (34 bytes).
    Removing stm32h7xx_hal_i2c.o(i.I2C_ITAddrCplt), (148 bytes).
    Removing stm32h7xx_hal_i2c.o(i.I2C_ITError), (288 bytes).
    Removing stm32h7xx_hal_i2c.o(i.I2C_ITListenCplt), (100 bytes).
    Removing stm32h7xx_hal_i2c.o(i.I2C_ITMasterCplt), (244 bytes).
    Removing stm32h7xx_hal_i2c.o(i.I2C_ITMasterSeqCplt), (80 bytes).
    Removing stm32h7xx_hal_i2c.o(i.I2C_ITSlaveCplt), (592 bytes).
    Removing stm32h7xx_hal_i2c.o(i.I2C_ITSlaveSeqCplt), (114 bytes).
    Removing stm32h7xx_hal_i2c.o(i.I2C_IsErrorOccurred), (272 bytes).
    Removing stm32h7xx_hal_i2c.o(i.I2C_Master_ISR_DMA), (272 bytes).
    Removing stm32h7xx_hal_i2c.o(i.I2C_Master_ISR_IT), (304 bytes).
    Removing stm32h7xx_hal_i2c.o(i.I2C_Mem_ISR_DMA), (316 bytes).
    Removing stm32h7xx_hal_i2c.o(i.I2C_Mem_ISR_IT), (328 bytes).
    Removing stm32h7xx_hal_i2c.o(i.I2C_RequestMemoryRead), (100 bytes).
    Removing stm32h7xx_hal_i2c.o(i.I2C_RequestMemoryWrite), (100 bytes).
    Removing stm32h7xx_hal_i2c.o(i.I2C_Slave_ISR_DMA), (524 bytes).
    Removing stm32h7xx_hal_i2c.o(i.I2C_Slave_ISR_IT), (280 bytes).
    Removing stm32h7xx_hal_i2c.o(i.I2C_TransferConfig), (236 bytes).
    Removing stm32h7xx_hal_i2c.o(i.I2C_TreatErrorCallback), (42 bytes).
    Removing stm32h7xx_hal_i2c.o(i.I2C_WaitOnFlagUntilTimeout), (124 bytes).
    Removing stm32h7xx_hal_i2c.o(i.I2C_WaitOnRXNEFlagUntilTimeout), (168 bytes).
    Removing stm32h7xx_hal_i2c.o(i.I2C_WaitOnSTOPFlagUntilTimeout), (88 bytes).
    Removing stm32h7xx_hal_i2c.o(i.I2C_WaitOnTXISFlagUntilTimeout), (92 bytes).
    Removing stm32h7xx_hal_i2c_ex.o(.rev16_text), (4 bytes).
    Removing stm32h7xx_hal_i2c_ex.o(.revsh_text), (4 bytes).
    Removing stm32h7xx_hal_i2c_ex.o(.rrx_text), (6 bytes).
    Removing stm32h7xx_hal_i2c_ex.o(i.HAL_I2CEx_ConfigAnalogFilter), (220 bytes).
    Removing stm32h7xx_hal_i2c_ex.o(i.HAL_I2CEx_ConfigDigitalFilter), (212 bytes).
    Removing stm32h7xx_hal_i2c_ex.o(i.HAL_I2CEx_DisableFastModePlus), (144 bytes).
    Removing stm32h7xx_hal_i2c_ex.o(i.HAL_I2CEx_DisableWakeUp), (192 bytes).
    Removing stm32h7xx_hal_i2c_ex.o(i.HAL_I2CEx_EnableFastModePlus), (144 bytes).
    Removing stm32h7xx_hal_i2c_ex.o(i.HAL_I2CEx_EnableWakeUp), (192 bytes).
    Removing stm32h7xx_hal_exti.o(.rev16_text), (4 bytes).
    Removing stm32h7xx_hal_exti.o(.revsh_text), (4 bytes).
    Removing stm32h7xx_hal_exti.o(.rrx_text), (6 bytes).
    Removing stm32h7xx_hal_exti.o(i.HAL_EXTI_ClearConfigLine), (344 bytes).
    Removing stm32h7xx_hal_exti.o(i.HAL_EXTI_ClearPending), (200 bytes).
    Removing stm32h7xx_hal_exti.o(i.HAL_EXTI_GenerateSWI), (176 bytes).
    Removing stm32h7xx_hal_exti.o(i.HAL_EXTI_GetConfigLine), (388 bytes).
    Removing stm32h7xx_hal_exti.o(i.HAL_EXTI_GetHandle), (144 bytes).
    Removing stm32h7xx_hal_exti.o(i.HAL_EXTI_GetPending), (204 bytes).
    Removing stm32h7xx_hal_exti.o(i.HAL_EXTI_IRQHandler), (48 bytes).
    Removing stm32h7xx_hal_exti.o(i.HAL_EXTI_RegisterCallback), (18 bytes).
    Removing stm32h7xx_hal_exti.o(i.HAL_EXTI_SetConfigLine), (548 bytes).
    Removing stm32h7xx_hal_fdcan.o(.rev16_text), (4 bytes).
    Removing stm32h7xx_hal_fdcan.o(.revsh_text), (4 bytes).
    Removing stm32h7xx_hal_fdcan.o(.rrx_text), (6 bytes).
    Removing stm32h7xx_hal_fdcan.o(i.FDCAN_CopyMessageToRAM), (108 bytes).
    Removing stm32h7xx_hal_fdcan.o(i.HAL_FDCAN_AbortTxRequest), (34 bytes).
    Removing stm32h7xx_hal_fdcan.o(i.HAL_FDCAN_ActivateNotification), (220 bytes).
    Removing stm32h7xx_hal_fdcan.o(i.HAL_FDCAN_AddMessageToTxBuffer), (616 bytes).
    Removing stm32h7xx_hal_fdcan.o(i.HAL_FDCAN_AddMessageToTxFifoQ), (428 bytes).
    Removing stm32h7xx_hal_fdcan.o(i.HAL_FDCAN_ClockCalibrationCallback), (2 bytes).
    Removing stm32h7xx_hal_fdcan.o(i.HAL_FDCAN_ConfigClockCalibration), (384 bytes).
    Removing stm32h7xx_hal_fdcan.o(i.HAL_FDCAN_ConfigExtendedIdMask), (116 bytes).
    Removing stm32h7xx_hal_fdcan.o(i.HAL_FDCAN_ConfigFifoWatermark), (204 bytes).
    Removing stm32h7xx_hal_fdcan.o(i.HAL_FDCAN_ConfigFilter), (468 bytes).
    Removing stm32h7xx_hal_fdcan.o(i.HAL_FDCAN_ConfigGlobalFilter), (204 bytes).
    Removing stm32h7xx_hal_fdcan.o(i.HAL_FDCAN_ConfigInterruptLines), (156 bytes).
    Removing stm32h7xx_hal_fdcan.o(i.HAL_FDCAN_ConfigRamWatchdog), (120 bytes).
    Removing stm32h7xx_hal_fdcan.o(i.HAL_FDCAN_ConfigRxFifoOverwrite), (164 bytes).
    Removing stm32h7xx_hal_fdcan.o(i.HAL_FDCAN_ConfigTimeoutCounter), (156 bytes).
    Removing stm32h7xx_hal_fdcan.o(i.HAL_FDCAN_ConfigTimestampCounter), (208 bytes).
    Removing stm32h7xx_hal_fdcan.o(i.HAL_FDCAN_ConfigTxDelayCompensation), (132 bytes).
    Removing stm32h7xx_hal_fdcan.o(i.HAL_FDCAN_DeInit), (136 bytes).
    Removing stm32h7xx_hal_fdcan.o(i.HAL_FDCAN_DeactivateNotification), (208 bytes).
    Removing stm32h7xx_hal_fdcan.o(i.HAL_FDCAN_DisableEdgeFiltering), (38 bytes).
    Removing stm32h7xx_hal_fdcan.o(i.HAL_FDCAN_DisableISOMode), (38 bytes).
    Removing stm32h7xx_hal_fdcan.o(i.HAL_FDCAN_DisableTimeoutCounter), (38 bytes).
    Removing stm32h7xx_hal_fdcan.o(i.HAL_FDCAN_DisableTimestampCounter), (38 bytes).
    Removing stm32h7xx_hal_fdcan.o(i.HAL_FDCAN_DisableTxDelayCompensation), (38 bytes).
    Removing stm32h7xx_hal_fdcan.o(i.HAL_FDCAN_EnableEdgeFiltering), (38 bytes).
    Removing stm32h7xx_hal_fdcan.o(i.HAL_FDCAN_EnableISOMode), (38 bytes).
    Removing stm32h7xx_hal_fdcan.o(i.HAL_FDCAN_EnableTimeoutCounter), (38 bytes).
    Removing stm32h7xx_hal_fdcan.o(i.HAL_FDCAN_EnableTimestampCounter), (124 bytes).
    Removing stm32h7xx_hal_fdcan.o(i.HAL_FDCAN_EnableTxBufferRequest), (34 bytes).
    Removing stm32h7xx_hal_fdcan.o(i.HAL_FDCAN_EnableTxDelayCompensation), (38 bytes).
    Removing stm32h7xx_hal_fdcan.o(i.HAL_FDCAN_EnterPowerDownMode), (68 bytes).
    Removing stm32h7xx_hal_fdcan.o(i.HAL_FDCAN_ErrorCallback), (2 bytes).
    Removing stm32h7xx_hal_fdcan.o(i.HAL_FDCAN_ErrorStatusCallback), (2 bytes).
    Removing stm32h7xx_hal_fdcan.o(i.HAL_FDCAN_ExitPowerDownMode), (78 bytes).
    Removing stm32h7xx_hal_fdcan.o(i.HAL_FDCAN_ExitRestrictedOperationMode), (42 bytes).
    Removing stm32h7xx_hal_fdcan.o(i.HAL_FDCAN_GetClockCalibrationCounter), (116 bytes).
    Removing stm32h7xx_hal_fdcan.o(i.HAL_FDCAN_GetClockCalibrationState), (16 bytes).
    Removing stm32h7xx_hal_fdcan.o(i.HAL_FDCAN_GetError), (6 bytes).
    Removing stm32h7xx_hal_fdcan.o(i.HAL_FDCAN_GetErrorCounters), (32 bytes).
    Removing stm32h7xx_hal_fdcan.o(i.HAL_FDCAN_GetHighPriorityMessageStatus), (52 bytes).
    Removing stm32h7xx_hal_fdcan.o(i.HAL_FDCAN_GetLatestTxFifoQRequestBuffer), (6 bytes).
    Removing stm32h7xx_hal_fdcan.o(i.HAL_FDCAN_GetProtocolStatus), (72 bytes).
    Removing stm32h7xx_hal_fdcan.o(i.HAL_FDCAN_GetRxFifoFillLevel), (104 bytes).
    Removing stm32h7xx_hal_fdcan.o(i.HAL_FDCAN_GetRxMessage), (396 bytes).
    Removing stm32h7xx_hal_fdcan.o(i.HAL_FDCAN_GetState), (6 bytes).
    Removing stm32h7xx_hal_fdcan.o(i.HAL_FDCAN_GetTimeoutCounter), (8 bytes).
    Removing stm32h7xx_hal_fdcan.o(i.HAL_FDCAN_GetTimestampCounter), (8 bytes).
    Removing stm32h7xx_hal_fdcan.o(i.HAL_FDCAN_GetTxEvent), (256 bytes).
    Removing stm32h7xx_hal_fdcan.o(i.HAL_FDCAN_GetTxFifoFreeLevel), (12 bytes).
    Removing stm32h7xx_hal_fdcan.o(i.HAL_FDCAN_HighPriorityMessageCallback), (2 bytes).
    Removing stm32h7xx_hal_fdcan.o(i.HAL_FDCAN_IRQHandler), (800 bytes).
    Removing stm32h7xx_hal_fdcan.o(i.HAL_FDCAN_IsRestrictedOperationMode), (10 bytes).
    Removing stm32h7xx_hal_fdcan.o(i.HAL_FDCAN_IsRxBufferMessageAvailable), (132 bytes).
    Removing stm32h7xx_hal_fdcan.o(i.HAL_FDCAN_IsTxBufferMessagePending), (14 bytes).
    Removing stm32h7xx_hal_fdcan.o(i.HAL_FDCAN_MspDeInit), (2 bytes).
    Removing stm32h7xx_hal_fdcan.o(i.HAL_FDCAN_MspInit), (2 bytes).
    Removing stm32h7xx_hal_fdcan.o(i.HAL_FDCAN_ResetClockCalibrationState), (64 bytes).
    Removing stm32h7xx_hal_fdcan.o(i.HAL_FDCAN_ResetTimeoutCounter), (32 bytes).
    Removing stm32h7xx_hal_fdcan.o(i.HAL_FDCAN_ResetTimestampCounter), (34 bytes).
    Removing stm32h7xx_hal_fdcan.o(i.HAL_FDCAN_RxBufferNewMessageCallback), (2 bytes).
    Removing stm32h7xx_hal_fdcan.o(i.HAL_FDCAN_RxFifo0Callback), (2 bytes).
    Removing stm32h7xx_hal_fdcan.o(i.HAL_FDCAN_RxFifo1Callback), (2 bytes).
    Removing stm32h7xx_hal_fdcan.o(i.HAL_FDCAN_Start), (50 bytes).
    Removing stm32h7xx_hal_fdcan.o(i.HAL_FDCAN_Stop), (126 bytes).
    Removing stm32h7xx_hal_fdcan.o(i.HAL_FDCAN_TT_ActivateNotification), (188 bytes).
    Removing stm32h7xx_hal_fdcan.o(i.HAL_FDCAN_TT_ConfigExternalSyncPhase), (164 bytes).
    Removing stm32h7xx_hal_fdcan.o(i.HAL_FDCAN_TT_ConfigInterruptLines), (176 bytes).
    Removing stm32h7xx_hal_fdcan.o(i.HAL_FDCAN_TT_ConfigOperation), (932 bytes).
    Removing stm32h7xx_hal_fdcan.o(i.HAL_FDCAN_TT_ConfigReferenceMessage), (232 bytes).
    Removing stm32h7xx_hal_fdcan.o(i.HAL_FDCAN_TT_ConfigRegisterTimeMark), (348 bytes).
    Removing stm32h7xx_hal_fdcan.o(i.HAL_FDCAN_TT_ConfigStopWatch), (224 bytes).
    Removing stm32h7xx_hal_fdcan.o(i.HAL_FDCAN_TT_ConfigTrigger), (664 bytes).
    Removing stm32h7xx_hal_fdcan.o(i.HAL_FDCAN_TT_DeactivateNotification), (180 bytes).
    Removing stm32h7xx_hal_fdcan.o(i.HAL_FDCAN_TT_DisableExternalSynchronization), (168 bytes).
    Removing stm32h7xx_hal_fdcan.o(i.HAL_FDCAN_TT_DisableHardwareGapControl), (184 bytes).
    Removing stm32h7xx_hal_fdcan.o(i.HAL_FDCAN_TT_DisableRegisterTimeMarkPulse), (168 bytes).
    Removing stm32h7xx_hal_fdcan.o(i.HAL_FDCAN_TT_DisableTimeMarkGapControl), (184 bytes).
    Removing stm32h7xx_hal_fdcan.o(i.HAL_FDCAN_TT_DisableTriggerTimeMarkPulse), (184 bytes).
    Removing stm32h7xx_hal_fdcan.o(i.HAL_FDCAN_TT_EnableExternalSynchronization), (168 bytes).
    Removing stm32h7xx_hal_fdcan.o(i.HAL_FDCAN_TT_EnableHardwareGapControl), (184 bytes).
    Removing stm32h7xx_hal_fdcan.o(i.HAL_FDCAN_TT_EnableRegisterTimeMarkPulse), (168 bytes).
    Removing stm32h7xx_hal_fdcan.o(i.HAL_FDCAN_TT_EnableTimeMarkGapControl), (184 bytes).
    Removing stm32h7xx_hal_fdcan.o(i.HAL_FDCAN_TT_EnableTriggerTimeMarkPulse), (184 bytes).
    Removing stm32h7xx_hal_fdcan.o(i.HAL_FDCAN_TT_GetOperationStatus), (184 bytes).
    Removing stm32h7xx_hal_fdcan.o(i.HAL_FDCAN_TT_GlobalTimeCallback), (2 bytes).
    Removing stm32h7xx_hal_fdcan.o(i.HAL_FDCAN_TT_ScheduleSyncCallback), (2 bytes).
    Removing stm32h7xx_hal_fdcan.o(i.HAL_FDCAN_TT_SetClockSynchronization), (236 bytes).
    Removing stm32h7xx_hal_fdcan.o(i.HAL_FDCAN_TT_SetEndOfGap), (192 bytes).
    Removing stm32h7xx_hal_fdcan.o(i.HAL_FDCAN_TT_SetGlobalTime), (240 bytes).
    Removing stm32h7xx_hal_fdcan.o(i.HAL_FDCAN_TT_SetNextIsGap), (192 bytes).
    Removing stm32h7xx_hal_fdcan.o(i.HAL_FDCAN_TT_StopWatchCallback), (2 bytes).
    Removing stm32h7xx_hal_fdcan.o(i.HAL_FDCAN_TT_TimeMarkCallback), (2 bytes).
    Removing stm32h7xx_hal_fdcan.o(i.HAL_FDCAN_TimeoutOccurredCallback), (2 bytes).
    Removing stm32h7xx_hal_fdcan.o(i.HAL_FDCAN_TimestampWraparoundCallback), (2 bytes).
    Removing stm32h7xx_hal_fdcan.o(i.HAL_FDCAN_TxBufferAbortCallback), (2 bytes).
    Removing stm32h7xx_hal_fdcan.o(i.HAL_FDCAN_TxBufferCompleteCallback), (2 bytes).
    Removing stm32h7xx_hal_fdcan.o(i.HAL_FDCAN_TxEventFifoCallback), (2 bytes).
    Removing stm32h7xx_hal_fdcan.o(i.HAL_FDCAN_TxFifoEmptyCallback), (2 bytes).
    Removing stm32h7xx_hal_spi.o(.rev16_text), (4 bytes).
    Removing stm32h7xx_hal_spi.o(.revsh_text), (4 bytes).
    Removing stm32h7xx_hal_spi.o(.rrx_text), (6 bytes).
    Removing stm32h7xx_hal_spi.o(i.HAL_SPI_Abort), (292 bytes).
    Removing stm32h7xx_hal_spi.o(i.HAL_SPI_AbortCpltCallback), (2 bytes).
    Removing stm32h7xx_hal_spi.o(i.HAL_SPI_Abort_IT), (312 bytes).
    Removing stm32h7xx_hal_spi.o(i.HAL_SPI_DMAPause), (16 bytes).
    Removing stm32h7xx_hal_spi.o(i.HAL_SPI_DMAResume), (16 bytes).
    Removing stm32h7xx_hal_spi.o(i.HAL_SPI_DMAStop), (16 bytes).
    Removing stm32h7xx_hal_spi.o(i.HAL_SPI_DeInit), (176 bytes).
    Removing stm32h7xx_hal_spi.o(i.HAL_SPI_ErrorCallback), (2 bytes).
    Removing stm32h7xx_hal_spi.o(i.HAL_SPI_GetError), (6 bytes).
    Removing stm32h7xx_hal_spi.o(i.HAL_SPI_GetState), (6 bytes).
    Removing stm32h7xx_hal_spi.o(i.HAL_SPI_IRQHandler), (548 bytes).
    Removing stm32h7xx_hal_spi.o(i.HAL_SPI_MspDeInit), (2 bytes).
    Removing stm32h7xx_hal_spi.o(i.HAL_SPI_MspInit), (2 bytes).
    Removing stm32h7xx_hal_spi.o(i.HAL_SPI_Receive), (712 bytes).
    Removing stm32h7xx_hal_spi.o(i.HAL_SPI_Receive_DMA), (480 bytes).
    Removing stm32h7xx_hal_spi.o(i.HAL_SPI_Receive_IT), (288 bytes).
    Removing stm32h7xx_hal_spi.o(i.HAL_SPI_RxCpltCallback), (2 bytes).
    Removing stm32h7xx_hal_spi.o(i.HAL_SPI_RxHalfCpltCallback), (2 bytes).
    Removing stm32h7xx_hal_spi.o(i.HAL_SPI_SuspendCallback), (2 bytes).
    Removing stm32h7xx_hal_spi.o(i.HAL_SPI_Transmit), (656 bytes).
    Removing stm32h7xx_hal_spi.o(i.HAL_SPI_TransmitReceive), (916 bytes).
    Removing stm32h7xx_hal_spi.o(i.HAL_SPI_TransmitReceive_DMA), (592 bytes).
    Removing stm32h7xx_hal_spi.o(i.HAL_SPI_TransmitReceive_IT), (368 bytes).
    Removing stm32h7xx_hal_spi.o(i.HAL_SPI_Transmit_DMA), (468 bytes).
    Removing stm32h7xx_hal_spi.o(i.HAL_SPI_Transmit_IT), (292 bytes).
    Removing stm32h7xx_hal_spi.o(i.HAL_SPI_TxCpltCallback), (2 bytes).
    Removing stm32h7xx_hal_spi.o(i.HAL_SPI_TxHalfCpltCallback), (2 bytes).
    Removing stm32h7xx_hal_spi.o(i.HAL_SPI_TxRxCpltCallback), (2 bytes).
    Removing stm32h7xx_hal_spi.o(i.HAL_SPI_TxRxHalfCpltCallback), (2 bytes).
    Removing stm32h7xx_hal_spi.o(i.SPI_AbortTransfer), (116 bytes).
    Removing stm32h7xx_hal_spi.o(i.SPI_CloseTransfer), (188 bytes).
    Removing stm32h7xx_hal_spi.o(i.SPI_DMAAbortOnError), (26 bytes).
    Removing stm32h7xx_hal_spi.o(i.SPI_DMAError), (44 bytes).
    Removing stm32h7xx_hal_spi.o(i.SPI_DMAHalfReceiveCplt), (10 bytes).
    Removing stm32h7xx_hal_spi.o(i.SPI_DMAHalfTransmitCplt), (10 bytes).
    Removing stm32h7xx_hal_spi.o(i.SPI_DMAHalfTransmitReceiveCplt), (10 bytes).
    Removing stm32h7xx_hal_spi.o(i.SPI_DMAReceiveCplt), (40 bytes).
    Removing stm32h7xx_hal_spi.o(i.SPI_DMARxAbortCallback), (40 bytes).
    Removing stm32h7xx_hal_spi.o(i.SPI_DMATransmitCplt), (40 bytes).
    Removing stm32h7xx_hal_spi.o(i.SPI_DMATransmitReceiveCplt), (40 bytes).
    Removing stm32h7xx_hal_spi.o(i.SPI_DMATxAbortCallback), (40 bytes).
    Removing stm32h7xx_hal_spi.o(i.SPI_RxISR_16BIT), (44 bytes).
    Removing stm32h7xx_hal_spi.o(i.SPI_RxISR_32BIT), (44 bytes).
    Removing stm32h7xx_hal_spi.o(i.SPI_RxISR_8BIT), (46 bytes).
    Removing stm32h7xx_hal_spi.o(i.SPI_TxISR_16BIT), (44 bytes).
    Removing stm32h7xx_hal_spi.o(i.SPI_TxISR_32BIT), (44 bytes).
    Removing stm32h7xx_hal_spi.o(i.SPI_TxISR_8BIT), (46 bytes).
    Removing stm32h7xx_hal_spi.o(i.SPI_WaitOnFlagUntilTimeout), (70 bytes).
    Removing stm32h7xx_hal_spi_ex.o(.rev16_text), (4 bytes).
    Removing stm32h7xx_hal_spi_ex.o(.revsh_text), (4 bytes).
    Removing stm32h7xx_hal_spi_ex.o(.rrx_text), (6 bytes).
    Removing stm32h7xx_hal_spi_ex.o(i.HAL_SPIEx_ConfigureUnderrun), (252 bytes).
    Removing stm32h7xx_hal_spi_ex.o(i.HAL_SPIEx_EnableLockConfiguration), (98 bytes).
    Removing stm32h7xx_hal_spi_ex.o(i.HAL_SPIEx_FlushRxFifo), (80 bytes).
    Removing stm32h7xx_hal_tim.o(.rev16_text), (4 bytes).
    Removing stm32h7xx_hal_tim.o(.revsh_text), (4 bytes).
    Removing stm32h7xx_hal_tim.o(.rrx_text), (6 bytes).
    Removing stm32h7xx_hal_tim.o(i.HAL_TIM_Base_DeInit), (304 bytes).
    Removing stm32h7xx_hal_tim.o(i.HAL_TIM_Base_GetState), (6 bytes).
    Removing stm32h7xx_hal_tim.o(i.HAL_TIM_Base_MspDeInit), (2 bytes).
    Removing stm32h7xx_hal_tim.o(i.HAL_TIM_Base_MspInit), (2 bytes).
    Removing stm32h7xx_hal_tim.o(i.HAL_TIM_Base_Start), (304 bytes).
    Removing stm32h7xx_hal_tim.o(i.HAL_TIM_Base_Start_DMA), (352 bytes).
    Removing stm32h7xx_hal_tim.o(i.HAL_TIM_Base_Stop), (248 bytes).
    Removing stm32h7xx_hal_tim.o(i.HAL_TIM_Base_Stop_DMA), (232 bytes).
    Removing stm32h7xx_hal_tim.o(i.HAL_TIM_Base_Stop_IT), (256 bytes).
    Removing stm32h7xx_hal_tim.o(i.HAL_TIM_ConfigOCrefClear), (456 bytes).
    Removing stm32h7xx_hal_tim.o(i.HAL_TIM_ConfigTI1Input), (172 bytes).
    Removing stm32h7xx_hal_tim.o(i.HAL_TIM_DMABurstState), (136 bytes).
    Removing stm32h7xx_hal_tim.o(i.HAL_TIM_DMABurst_MultiReadStart), (696 bytes).
    Removing stm32h7xx_hal_tim.o(i.HAL_TIM_DMABurst_MultiWriteStart), (696 bytes).
    Removing stm32h7xx_hal_tim.o(i.HAL_TIM_DMABurst_ReadStart), (18 bytes).
    Removing stm32h7xx_hal_tim.o(i.HAL_TIM_DMABurst_ReadStop), (184 bytes).
    Removing stm32h7xx_hal_tim.o(i.HAL_TIM_DMABurst_WriteStart), (18 bytes).
    Removing stm32h7xx_hal_tim.o(i.HAL_TIM_DMABurst_WriteStop), (184 bytes).
    Removing stm32h7xx_hal_tim.o(i.HAL_TIM_Encoder_DeInit), (280 bytes).
    Removing stm32h7xx_hal_tim.o(i.HAL_TIM_Encoder_GetState), (6 bytes).
    Removing stm32h7xx_hal_tim.o(i.HAL_TIM_Encoder_Init), (616 bytes).
    Removing stm32h7xx_hal_tim.o(i.HAL_TIM_Encoder_MspDeInit), (2 bytes).
    Removing stm32h7xx_hal_tim.o(i.HAL_TIM_Encoder_MspInit), (2 bytes).
    Removing stm32h7xx_hal_tim.o(i.HAL_TIM_Encoder_Start), (288 bytes).
    Removing stm32h7xx_hal_tim.o(i.HAL_TIM_Encoder_Start_DMA), (572 bytes).
    Removing stm32h7xx_hal_tim.o(i.HAL_TIM_Encoder_Start_IT), (332 bytes).
    Removing stm32h7xx_hal_tim.o(i.HAL_TIM_Encoder_Stop), (240 bytes).
    Removing stm32h7xx_hal_tim.o(i.HAL_TIM_Encoder_Stop_DMA), (312 bytes).
    Removing stm32h7xx_hal_tim.o(i.HAL_TIM_Encoder_Stop_IT), (284 bytes).
    Removing stm32h7xx_hal_tim.o(i.HAL_TIM_ErrorCallback), (2 bytes).
    Removing stm32h7xx_hal_tim.o(i.HAL_TIM_GenerateEvent), (264 bytes).
    Removing stm32h7xx_hal_tim.o(i.HAL_TIM_GetActiveChannel), (4 bytes).
    Removing stm32h7xx_hal_tim.o(i.HAL_TIM_GetChannelState), (380 bytes).
    Removing stm32h7xx_hal_tim.o(i.HAL_TIM_IC_CaptureHalfCpltCallback), (2 bytes).
    Removing stm32h7xx_hal_tim.o(i.HAL_TIM_IC_ConfigChannel), (696 bytes).
    Removing stm32h7xx_hal_tim.o(i.HAL_TIM_IC_DeInit), (304 bytes).
    Removing stm32h7xx_hal_tim.o(i.HAL_TIM_IC_GetState), (6 bytes).
    Removing stm32h7xx_hal_tim.o(i.HAL_TIM_IC_Init), (412 bytes).
    Removing stm32h7xx_hal_tim.o(i.HAL_TIM_IC_MspDeInit), (2 bytes).
    Removing stm32h7xx_hal_tim.o(i.HAL_TIM_IC_MspInit), (2 bytes).
    Removing stm32h7xx_hal_tim.o(i.HAL_TIM_IC_Start), (584 bytes).
    Removing stm32h7xx_hal_tim.o(i.HAL_TIM_IC_Start_DMA), (876 bytes).
    Removing stm32h7xx_hal_tim.o(i.HAL_TIM_IC_Start_IT), (632 bytes).
    Removing stm32h7xx_hal_tim.o(i.HAL_TIM_IC_Stop), (440 bytes).
    Removing stm32h7xx_hal_tim.o(i.HAL_TIM_IC_Stop_DMA), (584 bytes).
    Removing stm32h7xx_hal_tim.o(i.HAL_TIM_IC_Stop_IT), (500 bytes).
    Removing stm32h7xx_hal_tim.o(i.HAL_TIM_OC_ConfigChannel), (592 bytes).
    Removing stm32h7xx_hal_tim.o(i.HAL_TIM_OC_DeInit), (304 bytes).
    Removing stm32h7xx_hal_tim.o(i.HAL_TIM_OC_GetState), (6 bytes).
    Removing stm32h7xx_hal_tim.o(i.HAL_TIM_OC_Init), (412 bytes).
    Removing stm32h7xx_hal_tim.o(i.HAL_TIM_OC_MspDeInit), (2 bytes).
    Removing stm32h7xx_hal_tim.o(i.HAL_TIM_OC_MspInit), (2 bytes).
    Removing stm32h7xx_hal_tim.o(i.HAL_TIM_OC_Start), (560 bytes).
    Removing stm32h7xx_hal_tim.o(i.HAL_TIM_OC_Start_DMA), (812 bytes).
    Removing stm32h7xx_hal_tim.o(i.HAL_TIM_OC_Start_IT), (612 bytes).
    Removing stm32h7xx_hal_tim.o(i.HAL_TIM_OC_Stop), (476 bytes).
    Removing stm32h7xx_hal_tim.o(i.HAL_TIM_OC_Stop_DMA), (552 bytes).
    Removing stm32h7xx_hal_tim.o(i.HAL_TIM_OC_Stop_IT), (532 bytes).
    Removing stm32h7xx_hal_tim.o(i.HAL_TIM_OnePulse_ConfigChannel), (656 bytes).
    Removing stm32h7xx_hal_tim.o(i.HAL_TIM_OnePulse_DeInit), (280 bytes).
    Removing stm32h7xx_hal_tim.o(i.HAL_TIM_OnePulse_GetState), (6 bytes).
    Removing stm32h7xx_hal_tim.o(i.HAL_TIM_OnePulse_Init), (428 bytes).
    Removing stm32h7xx_hal_tim.o(i.HAL_TIM_OnePulse_MspDeInit), (2 bytes).
    Removing stm32h7xx_hal_tim.o(i.HAL_TIM_OnePulse_MspInit), (2 bytes).
    Removing stm32h7xx_hal_tim.o(i.HAL_TIM_OnePulse_Start), (144 bytes).
    Removing stm32h7xx_hal_tim.o(i.HAL_TIM_OnePulse_Start_IT), (164 bytes).
    Removing stm32h7xx_hal_tim.o(i.HAL_TIM_OnePulse_Stop), (148 bytes).
    Removing stm32h7xx_hal_tim.o(i.HAL_TIM_OnePulse_Stop_IT), (168 bytes).
    Removing stm32h7xx_hal_tim.o(i.HAL_TIM_PWM_DeInit), (304 bytes).
    Removing stm32h7xx_hal_tim.o(i.HAL_TIM_PWM_GetState), (6 bytes).
    Removing stm32h7xx_hal_tim.o(i.HAL_TIM_PWM_MspDeInit), (2 bytes).
    Removing stm32h7xx_hal_tim.o(i.HAL_TIM_PWM_PulseFinishedHalfCpltCallback), (2 bytes).
    Removing stm32h7xx_hal_tim.o(i.HAL_TIM_PWM_Start_DMA), (812 bytes).
    Removing stm32h7xx_hal_tim.o(i.HAL_TIM_PWM_Start_IT), (612 bytes).
    Removing stm32h7xx_hal_tim.o(i.HAL_TIM_PWM_Stop), (476 bytes).
    Removing stm32h7xx_hal_tim.o(i.HAL_TIM_PWM_Stop_DMA), (552 bytes).
    Removing stm32h7xx_hal_tim.o(i.HAL_TIM_PWM_Stop_IT), (532 bytes).
    Removing stm32h7xx_hal_tim.o(i.HAL_TIM_PeriodElapsedCallback), (2 bytes).
    Removing stm32h7xx_hal_tim.o(i.HAL_TIM_PeriodElapsedHalfCpltCallback), (2 bytes).
    Removing stm32h7xx_hal_tim.o(i.HAL_TIM_ReadCapturedValue), (368 bytes).
    Removing stm32h7xx_hal_tim.o(i.HAL_TIM_SlaveConfigSynchro), (364 bytes).
    Removing stm32h7xx_hal_tim.o(i.HAL_TIM_SlaveConfigSynchro_IT), (364 bytes).
    Removing stm32h7xx_hal_tim.o(i.HAL_TIM_TriggerHalfCpltCallback), (2 bytes).
    Removing stm32h7xx_hal_tim.o(i.TIM_DMACaptureCplt), (110 bytes).
    Removing stm32h7xx_hal_tim.o(i.TIM_DMACaptureHalfCplt), (56 bytes).
    Removing stm32h7xx_hal_tim.o(i.TIM_DMADelayPulseCplt), (94 bytes).
    Removing stm32h7xx_hal_tim.o(i.TIM_DMADelayPulseHalfCplt), (56 bytes).
    Removing stm32h7xx_hal_tim.o(i.TIM_DMAError), (84 bytes).
    Removing stm32h7xx_hal_tim.o(i.TIM_DMAPeriodElapsedCplt), (22 bytes).
    Removing stm32h7xx_hal_tim.o(i.TIM_DMAPeriodElapsedHalfCplt), (10 bytes).
    Removing stm32h7xx_hal_tim.o(i.TIM_DMATriggerCplt), (22 bytes).
    Removing stm32h7xx_hal_tim.o(i.TIM_DMATriggerHalfCplt), (10 bytes).
    Removing stm32h7xx_hal_tim.o(i.TIM_SlaveTimer_SetConfig), (816 bytes).
    Removing stm32h7xx_hal_tim.o(i.TIM_TI1_SetConfig), (128 bytes).
    Removing stm32h7xx_hal_tim.o(i.TIM_TI2_SetConfig), (54 bytes).
    Removing stm32h7xx_hal_tim_ex.o(.rev16_text), (4 bytes).
    Removing stm32h7xx_hal_tim_ex.o(.revsh_text), (4 bytes).
    Removing stm32h7xx_hal_tim_ex.o(.rrx_text), (6 bytes).
    Removing stm32h7xx_hal_tim_ex.o(i.HAL_TIMEx_CommutHalfCpltCallback), (2 bytes).
    Removing stm32h7xx_hal_tim_ex.o(i.HAL_TIMEx_ConfigBreakInput), (436 bytes).
    Removing stm32h7xx_hal_tim_ex.o(i.HAL_TIMEx_ConfigCommutEvent), (340 bytes).
    Removing stm32h7xx_hal_tim_ex.o(i.HAL_TIMEx_ConfigCommutEvent_DMA), (372 bytes).
    Removing stm32h7xx_hal_tim_ex.o(i.HAL_TIMEx_ConfigCommutEvent_IT), (340 bytes).
    Removing stm32h7xx_hal_tim_ex.o(i.HAL_TIMEx_GetChannelNState), (188 bytes).
    Removing stm32h7xx_hal_tim_ex.o(i.HAL_TIMEx_GroupChannel5), (168 bytes).
    Removing stm32h7xx_hal_tim_ex.o(i.HAL_TIMEx_HallSensor_DeInit), (284 bytes).
    Removing stm32h7xx_hal_tim_ex.o(i.HAL_TIMEx_HallSensor_GetState), (6 bytes).
    Removing stm32h7xx_hal_tim_ex.o(i.HAL_TIMEx_HallSensor_Init), (516 bytes).
    Removing stm32h7xx_hal_tim_ex.o(i.HAL_TIMEx_HallSensor_MspDeInit), (2 bytes).
    Removing stm32h7xx_hal_tim_ex.o(i.HAL_TIMEx_HallSensor_MspInit), (2 bytes).
    Removing stm32h7xx_hal_tim_ex.o(i.HAL_TIMEx_HallSensor_Start), (304 bytes).
    Removing stm32h7xx_hal_tim_ex.o(i.HAL_TIMEx_HallSensor_Start_DMA), (348 bytes).
    Removing stm32h7xx_hal_tim_ex.o(i.HAL_TIMEx_HallSensor_Start_IT), (312 bytes).
    Removing stm32h7xx_hal_tim_ex.o(i.HAL_TIMEx_HallSensor_Stop), (204 bytes).
    Removing stm32h7xx_hal_tim_ex.o(i.HAL_TIMEx_HallSensor_Stop_DMA), (212 bytes).
    Removing stm32h7xx_hal_tim_ex.o(i.HAL_TIMEx_HallSensor_Stop_IT), (212 bytes).
    Removing stm32h7xx_hal_tim_ex.o(i.HAL_TIMEx_OCN_Start), (344 bytes).
    Removing stm32h7xx_hal_tim_ex.o(i.HAL_TIMEx_OCN_Start_DMA), (540 bytes).
    Removing stm32h7xx_hal_tim_ex.o(i.HAL_TIMEx_OCN_Start_IT), (388 bytes).
    Removing stm32h7xx_hal_tim_ex.o(i.HAL_TIMEx_OCN_Stop), (256 bytes).
    Removing stm32h7xx_hal_tim_ex.o(i.HAL_TIMEx_OCN_Stop_DMA), (316 bytes).
    Removing stm32h7xx_hal_tim_ex.o(i.HAL_TIMEx_OCN_Stop_IT), (320 bytes).
    Removing stm32h7xx_hal_tim_ex.o(i.HAL_TIMEx_OnePulseN_Start), (268 bytes).
    Removing stm32h7xx_hal_tim_ex.o(i.HAL_TIMEx_OnePulseN_Start_IT), (288 bytes).
    Removing stm32h7xx_hal_tim_ex.o(i.HAL_TIMEx_OnePulseN_Stop), (256 bytes).
    Removing stm32h7xx_hal_tim_ex.o(i.HAL_TIMEx_OnePulseN_Stop_IT), (276 bytes).
    Removing stm32h7xx_hal_tim_ex.o(i.HAL_TIMEx_PWMN_Start), (344 bytes).
    Removing stm32h7xx_hal_tim_ex.o(i.HAL_TIMEx_PWMN_Start_DMA), (540 bytes).
    Removing stm32h7xx_hal_tim_ex.o(i.HAL_TIMEx_PWMN_Start_IT), (388 bytes).
    Removing stm32h7xx_hal_tim_ex.o(i.HAL_TIMEx_PWMN_Stop), (256 bytes).
    Removing stm32h7xx_hal_tim_ex.o(i.HAL_TIMEx_PWMN_Stop_DMA), (316 bytes).
    Removing stm32h7xx_hal_tim_ex.o(i.HAL_TIMEx_PWMN_Stop_IT), (320 bytes).
    Removing stm32h7xx_hal_tim_ex.o(i.HAL_TIMEx_RemapConfig), (244 bytes).
    Removing stm32h7xx_hal_tim_ex.o(i.HAL_TIMEx_TISelection), (332 bytes).
    Removing stm32h7xx_hal_tim_ex.o(i.TIMEx_DMACommutationCplt), (16 bytes).
    Removing stm32h7xx_hal_tim_ex.o(i.TIMEx_DMACommutationHalfCplt), (16 bytes).
    Removing stm32h7xx_hal_tim_ex.o(i.TIM_CCxNChannelCmd), (26 bytes).
    Removing stm32h7xx_hal_tim_ex.o(i.TIM_DMADelayPulseNCplt), (74 bytes).
    Removing stm32h7xx_hal_tim_ex.o(i.TIM_DMAErrorCCxN), (62 bytes).
    Removing stm32h7xx_hal_uart.o(.rev16_text), (4 bytes).
    Removing stm32h7xx_hal_uart.o(.revsh_text), (4 bytes).
    Removing stm32h7xx_hal_uart.o(.rrx_text), (6 bytes).
    Removing stm32h7xx_hal_uart.o(i.HAL_HalfDuplex_EnableReceiver), (76 bytes).
    Removing stm32h7xx_hal_uart.o(i.HAL_HalfDuplex_EnableTransmitter), (76 bytes).
    Removing stm32h7xx_hal_uart.o(i.HAL_HalfDuplex_Init), (280 bytes).
    Removing stm32h7xx_hal_uart.o(i.HAL_LIN_Init), (308 bytes).
    Removing stm32h7xx_hal_uart.o(i.HAL_LIN_SendBreak), (204 bytes).
    Removing stm32h7xx_hal_uart.o(i.HAL_MultiProcessor_DisableMuteMode), (52 bytes).
    Removing stm32h7xx_hal_uart.o(i.HAL_MultiProcessor_EnableMuteMode), (52 bytes).
    Removing stm32h7xx_hal_uart.o(i.HAL_MultiProcessor_EnterMuteMode), (12 bytes).
    Removing stm32h7xx_hal_uart.o(i.HAL_MultiProcessor_Init), (220 bytes).
    Removing stm32h7xx_hal_uart.o(i.HAL_UART_Abort), (256 bytes).
    Removing stm32h7xx_hal_uart.o(i.HAL_UART_AbortCpltCallback), (2 bytes).
    Removing stm32h7xx_hal_uart.o(i.HAL_UART_AbortReceive), (172 bytes).
    Removing stm32h7xx_hal_uart.o(i.HAL_UART_AbortReceiveCpltCallback), (2 bytes).
    Removing stm32h7xx_hal_uart.o(i.HAL_UART_AbortReceive_IT), (188 bytes).
    Removing stm32h7xx_hal_uart.o(i.HAL_UART_AbortTransmit), (140 bytes).
    Removing stm32h7xx_hal_uart.o(i.HAL_UART_AbortTransmitCpltCallback), (2 bytes).
    Removing stm32h7xx_hal_uart.o(i.HAL_UART_AbortTransmit_IT), (152 bytes).
    Removing stm32h7xx_hal_uart.o(i.HAL_UART_Abort_IT), (292 bytes).
    Removing stm32h7xx_hal_uart.o(i.HAL_UART_DMAPause), (116 bytes).
    Removing stm32h7xx_hal_uart.o(i.HAL_UART_DMAResume), (108 bytes).
    Removing stm32h7xx_hal_uart.o(i.HAL_UART_DMAStop), (146 bytes).
    Removing stm32h7xx_hal_uart.o(i.HAL_UART_DeInit), (232 bytes).
    Removing stm32h7xx_hal_uart.o(i.HAL_UART_DisableReceiverTimeout), (76 bytes).
    Removing stm32h7xx_hal_uart.o(i.HAL_UART_EnableReceiverTimeout), (76 bytes).
    Removing stm32h7xx_hal_uart.o(i.HAL_UART_ErrorCallback), (2 bytes).
    Removing stm32h7xx_hal_uart.o(i.HAL_UART_GetError), (6 bytes).
    Removing stm32h7xx_hal_uart.o(i.HAL_UART_GetState), (14 bytes).
    Removing stm32h7xx_hal_uart.o(i.HAL_UART_MspDeInit), (2 bytes).
    Removing stm32h7xx_hal_uart.o(i.HAL_UART_MspInit), (2 bytes).
    Removing stm32h7xx_hal_uart.o(i.HAL_UART_Receive), (232 bytes).
    Removing stm32h7xx_hal_uart.o(i.HAL_UART_Receive_IT), (72 bytes).
    Removing stm32h7xx_hal_uart.o(i.HAL_UART_ReceiverTimeout_Config), (108 bytes).
    Removing stm32h7xx_hal_uart.o(i.HAL_UART_RxCpltCallback), (2 bytes).
    Removing stm32h7xx_hal_uart.o(i.HAL_UART_Transmit), (176 bytes).
    Removing stm32h7xx_hal_uart.o(i.HAL_UART_Transmit_IT), (152 bytes).
    Removing stm32h7xx_hal_uart.o(i.HAL_UART_TxCpltCallback), (2 bytes).
    Removing stm32h7xx_hal_uart.o(i.UART_DMARxAbortCallback), (68 bytes).
    Removing stm32h7xx_hal_uart.o(i.UART_DMARxOnlyAbortCallback), (40 bytes).
    Removing stm32h7xx_hal_uart.o(i.UART_DMATxAbortCallback), (76 bytes).
    Removing stm32h7xx_hal_uart.o(i.UART_DMATxOnlyAbortCallback), (40 bytes).
    Removing stm32h7xx_hal_uart.o(i.UART_RxISR_16BIT), (200 bytes).
    Removing stm32h7xx_hal_uart.o(i.UART_RxISR_16BIT_FIFOEN), (416 bytes).
    Removing stm32h7xx_hal_uart.o(i.UART_RxISR_8BIT), (200 bytes).
    Removing stm32h7xx_hal_uart.o(i.UART_RxISR_8BIT_FIFOEN), (416 bytes).
    Removing stm32h7xx_hal_uart.o(i.UART_Start_Receive_IT), (272 bytes).
    Removing stm32h7xx_hal_uart.o(i.UART_TxISR_16BIT), (82 bytes).
    Removing stm32h7xx_hal_uart.o(i.UART_TxISR_16BIT_FIFOEN), (106 bytes).
    Removing stm32h7xx_hal_uart.o(i.UART_TxISR_8BIT), (78 bytes).
    Removing stm32h7xx_hal_uart.o(i.UART_TxISR_8BIT_FIFOEN), (102 bytes).
    Removing stm32h7xx_hal_uart_ex.o(.rev16_text), (4 bytes).
    Removing stm32h7xx_hal_uart_ex.o(.revsh_text), (4 bytes).
    Removing stm32h7xx_hal_uart_ex.o(.rrx_text), (6 bytes).
    Removing stm32h7xx_hal_uart_ex.o(i.HAL_MultiProcessorEx_AddressLength_Set), (136 bytes).
    Removing stm32h7xx_hal_uart_ex.o(i.HAL_RS485Ex_Init), (340 bytes).
    Removing stm32h7xx_hal_uart_ex.o(i.HAL_UARTEx_DisableStopMode), (46 bytes).
    Removing stm32h7xx_hal_uart_ex.o(i.HAL_UARTEx_EnableFifoMode), (224 bytes).
    Removing stm32h7xx_hal_uart_ex.o(i.HAL_UARTEx_EnableStopMode), (46 bytes).
    Removing stm32h7xx_hal_uart_ex.o(i.HAL_UARTEx_GetRxEventType), (4 bytes).
    Removing stm32h7xx_hal_uart_ex.o(i.HAL_UARTEx_ReceiveToIdle), (304 bytes).
    Removing stm32h7xx_hal_uart_ex.o(i.HAL_UARTEx_ReceiveToIdle_DMA), (74 bytes).
    Removing stm32h7xx_hal_uart_ex.o(i.HAL_UARTEx_ReceiveToIdle_IT), (78 bytes).
    Removing stm32h7xx_hal_uart_ex.o(i.HAL_UARTEx_StopModeWakeUpSourceConfig), (408 bytes).
    Removing system_stm32h7xx.o(.rev16_text), (4 bytes).
    Removing system_stm32h7xx.o(.revsh_text), (4 bytes).
    Removing system_stm32h7xx.o(.rrx_text), (6 bytes).
    Removing system_stm32h7xx.o(i.SystemCoreClockUpdate), (320 bytes).

849 unused section(s) (total 128218 bytes) removed from the image.
