../Core/Src/main.c:111:5:main	8	static
../Core/Src/main.c:229:6:SystemClock_Config	120	static
../Core/Src/main.c:289:6:PeriphCommonClock_Config	200	static
../Core/Src/main.c:308:13:MX_ADC1_Init	48	static
../Core/Src/main.c:413:13:MX_FDCAN1_Init	8	static
../Core/Src/main.c:466:13:MX_SPI2_Init	8	static
../Core/Src/main.c:513:13:MX_TIM2_Init	40	static
../Core/Src/main.c:558:13:MX_TIM4_Init	64	static
../Core/Src/main.c:622:13:MX_TIM8_Init	112	static
../Core/Src/main.c:706:13:MX_UART4_Init	8	static
../Core/Src/main.c:752:13:MX_DMA_Init	16	static
../Core/Src/main.c:776:13:MX_GPIO_Init	56	static
../Core/Src/main.c:878:6:HAL_TIM_PeriodElapsedCallback	16	static
../Core/Src/main.c:921:6:MPU_Config	24	static
../Core/Src/main.c:952:6:Error_Handler	4	static,ignoring_inline_asm
../Core/Src/main.c:970:6:assert_failed	16	static
