../Core/Src/Uart.c:43:6:vUsart_DataInit	16	static
../Core/Src/Uart.c:55:6:update_data_TX	16	static
../Core/Src/Uart.c:74:13:UART4_PackFrame	16	static
../Core/Src/Uart.c:94:6:update_data_RX	16	static
../Core/Src/Uart.c:100:19:UART4_StartRxDMA	16	static
../Core/Src/Uart.c:124:19:USER_UART_TxData	24	static
../Core/Src/Uart.c:152:6:USER_UART_RxDataHandle	8	static
../Core/Src/Uart.c:169:6:HAL_UART_RxCpltCallback	16	static
../Core/Src/Uart.c:182:6:HAL_UART_TxCpltCallback	16	static
../Core/Src/Uart.c:194:6:HAL_UART_ErrorCallback	16	static
../Core/Src/Uart.c:211:6:UART4_DMA_Init	8	static
